Archive member included to satisfy reference by file (symbol)

/opt/st/stm32cubeide_1.9.0/plugins/com.st.stm32cube.ide.mcu.externaltools.gnu-tools-for-stm32.10.3-2021.10.linux64_1.0.0.202111181127/tools/bin/../lib/gcc/arm-none-eabi/10.3.1/../../../../arm-none-eabi/lib/thumb/v7e-m+fp/hard/libstdc++_nano.a(pure.o)
                              ./Core/Src/mainpp.o (__cxa_pure_virtual)
/opt/st/stm32cubeide_1.9.0/plugins/com.st.stm32cube.ide.mcu.externaltools.gnu-tools-for-stm32.10.3-2021.10.linux64_1.0.0.202111181127/tools/bin/../lib/gcc/arm-none-eabi/10.3.1/../../../../arm-none-eabi/lib/thumb/v7e-m+fp/hard/libstdc++_nano.a(eh_terminate.o)
                              /opt/st/stm32cubeide_1.9.0/plugins/com.st.stm32cube.ide.mcu.externaltools.gnu-tools-for-stm32.10.3-2021.10.linux64_1.0.0.202111181127/tools/bin/../lib/gcc/arm-none-eabi/10.3.1/../../../../arm-none-eabi/lib/thumb/v7e-m+fp/hard/libstdc++_nano.a(pure.o) (std::terminate())
/opt/st/stm32cubeide_1.9.0/plugins/com.st.stm32cube.ide.mcu.externaltools.gnu-tools-for-stm32.10.3-2021.10.linux64_1.0.0.202111181127/tools/bin/../lib/gcc/arm-none-eabi/10.3.1/../../../../arm-none-eabi/lib/thumb/v7e-m+fp/hard/libstdc++_nano.a(eh_unex_handler.o)
                              /opt/st/stm32cubeide_1.9.0/plugins/com.st.stm32cube.ide.mcu.externaltools.gnu-tools-for-stm32.10.3-2021.10.linux64_1.0.0.202111181127/tools/bin/../lib/gcc/arm-none-eabi/10.3.1/../../../../arm-none-eabi/lib/thumb/v7e-m+fp/hard/libstdc++_nano.a(eh_terminate.o) (__cxxabiv1::__unexpected_handler)
/opt/st/stm32cubeide_1.9.0/plugins/com.st.stm32cube.ide.mcu.externaltools.gnu-tools-for-stm32.10.3-2021.10.linux64_1.0.0.202111181127/tools/bin/../lib/gcc/arm-none-eabi/10.3.1/../../../../arm-none-eabi/lib/thumb/v7e-m+fp/hard/libstdc++_nano.a(eh_term_handler.o)
                              /opt/st/stm32cubeide_1.9.0/plugins/com.st.stm32cube.ide.mcu.externaltools.gnu-tools-for-stm32.10.3-2021.10.linux64_1.0.0.202111181127/tools/bin/../lib/gcc/arm-none-eabi/10.3.1/../../../../arm-none-eabi/lib/thumb/v7e-m+fp/hard/libstdc++_nano.a(eh_terminate.o) (__cxxabiv1::__terminate_handler)
/opt/st/stm32cubeide_1.9.0/plugins/com.st.stm32cube.ide.mcu.externaltools.gnu-tools-for-stm32.10.3-2021.10.linux64_1.0.0.202111181127/tools/bin/../lib/gcc/arm-none-eabi/10.3.1/../../../../arm-none-eabi/lib/thumb/v7e-m+fp/hard/libc_nano.a(lib_a-abort.o)
                              /opt/st/stm32cubeide_1.9.0/plugins/com.st.stm32cube.ide.mcu.externaltools.gnu-tools-for-stm32.10.3-2021.10.linux64_1.0.0.202111181127/tools/bin/../lib/gcc/arm-none-eabi/10.3.1/../../../../arm-none-eabi/lib/thumb/v7e-m+fp/hard/libstdc++_nano.a(eh_terminate.o) (abort)
/opt/st/stm32cubeide_1.9.0/plugins/com.st.stm32cube.ide.mcu.externaltools.gnu-tools-for-stm32.10.3-2021.10.linux64_1.0.0.202111181127/tools/bin/../lib/gcc/arm-none-eabi/10.3.1/../../../../arm-none-eabi/lib/thumb/v7e-m+fp/hard/libc_nano.a(lib_a-errno.o)
                              ./Core/Src/syscalls.o (__errno)
/opt/st/stm32cubeide_1.9.0/plugins/com.st.stm32cube.ide.mcu.externaltools.gnu-tools-for-stm32.10.3-2021.10.linux64_1.0.0.202111181127/tools/bin/../lib/gcc/arm-none-eabi/10.3.1/../../../../arm-none-eabi/lib/thumb/v7e-m+fp/hard/libc_nano.a(lib_a-exit.o)
                              /opt/st/stm32cubeide_1.9.0/plugins/com.st.stm32cube.ide.mcu.externaltools.gnu-tools-for-stm32.10.3-2021.10.linux64_1.0.0.202111181127/tools/bin/../lib/gcc/arm-none-eabi/10.3.1/../../../../arm-none-eabi/lib/thumb/v7e-m+fp/hard/crt0.o (exit)
/opt/st/stm32cubeide_1.9.0/plugins/com.st.stm32cube.ide.mcu.externaltools.gnu-tools-for-stm32.10.3-2021.10.linux64_1.0.0.202111181127/tools/bin/../lib/gcc/arm-none-eabi/10.3.1/../../../../arm-none-eabi/lib/thumb/v7e-m+fp/hard/libc_nano.a(lib_a-impure.o)
                              /opt/st/stm32cubeide_1.9.0/plugins/com.st.stm32cube.ide.mcu.externaltools.gnu-tools-for-stm32.10.3-2021.10.linux64_1.0.0.202111181127/tools/bin/../lib/gcc/arm-none-eabi/10.3.1/../../../../arm-none-eabi/lib/thumb/v7e-m+fp/hard/libc_nano.a(lib_a-exit.o) (_global_impure_ptr)
/opt/st/stm32cubeide_1.9.0/plugins/com.st.stm32cube.ide.mcu.externaltools.gnu-tools-for-stm32.10.3-2021.10.linux64_1.0.0.202111181127/tools/bin/../lib/gcc/arm-none-eabi/10.3.1/../../../../arm-none-eabi/lib/thumb/v7e-m+fp/hard/libc_nano.a(lib_a-init.o)
                              /opt/st/stm32cubeide_1.9.0/plugins/com.st.stm32cube.ide.mcu.externaltools.gnu-tools-for-stm32.10.3-2021.10.linux64_1.0.0.202111181127/tools/bin/../lib/gcc/arm-none-eabi/10.3.1/../../../../arm-none-eabi/lib/thumb/v7e-m+fp/hard/crt0.o (__libc_init_array)
/opt/st/stm32cubeide_1.9.0/plugins/com.st.stm32cube.ide.mcu.externaltools.gnu-tools-for-stm32.10.3-2021.10.linux64_1.0.0.202111181127/tools/bin/../lib/gcc/arm-none-eabi/10.3.1/../../../../arm-none-eabi/lib/thumb/v7e-m+fp/hard/libc_nano.a(lib_a-memcpy-stub.o)
                              ./Core/Src/mainpp.o (memcpy)
[...]
Memory Configuration

Name             Origin             Length             Attributes
CCMRAM           0x0000000010000000 0x0000000000004000 xrw
RAM              0x0000000020000000 0x0000000000010000 xrw
FLASH            0x0000000008000000 0x0000000000080000 xr
*default*        0x0000000000000000 0xffffffffffffffff

Linker script and memory map

LOAD /opt/st/stm32cubeide_1.9.0/plugins/com.st.stm32cube.ide.mcu.externaltools.gnu-tools-for-stm32.10.3-2021.10.linux64_1.0.0.202111181127/tools/bin/../lib/gcc/arm-none-eabi/10.3.1/thumb/v7e-m+fp/hard/crti.o
LOAD /opt/st/stm32cubeide_1.9.0/plugins/com.st.stm32cube.ide.mcu.externaltools.gnu-tools-for-stm32.10.3-2021.10.linux64_1.0.0.202111181127/tools/bin/../lib/gcc/arm-none-eabi/10.3.1/thumb/v7e-m+fp/hard/crtbegin.o
LOAD /opt/st/stm32cubeide_1.9.0/plugins/com.st.stm32cube.ide.mcu.externaltools.gnu-tools-for-stm32.10.3-2021.10.linux64_1.0.0.202111181127/tools/bin/../lib/gcc/arm-none-eabi/10.3.1/../../../../arm-none-eabi/lib/thumb/v7e-m+fp/hard/crt0.o
LOAD ./Core/Inc/duration.o
LOAD ./Core/Inc/time.o
LOAD ./Core/Src/freertos.o
LOAD ./Core/Src/main.o
LOAD ./Core/Src/mainpp.o
LOAD ./Core/Src/stm32f3xx_hal_msp.o
LOAD ./Core/Src/stm32f3xx_hal_timebase_tim.o
LOAD ./Core/Src/stm32f3xx_it.o
LOAD ./Core/Src/syscalls.o
LOAD ./Core/Src/sysmem.o
LOAD ./Core/Src/system_stm32f3xx.o
LOAD ./Core/Startup/startup_stm32f303retx.o
LOAD ./Drivers/STM32F3xx_HAL_Driver/Src/stm32f3xx_hal.o
LOAD ./Drivers/STM32F3xx_HAL_Driver/Src/stm32f3xx_hal_cortex.o
LOAD ./Drivers/STM32F3xx_HAL_Driver/Src/stm32f3xx_hal_dma.o
LOAD ./Drivers/STM32F3xx_HAL_Driver/Src/stm32f3xx_hal_exti.o
LOAD ./Drivers/STM32F3xx_HAL_Driver/Src/stm32f3xx_hal_flash.o
LOAD ./Drivers/STM32F3xx_HAL_Driver/Src/stm32f3xx_hal_flash_ex.o
LOAD ./Drivers/STM32F3xx_HAL_Driver/Src/stm32f3xx_hal_gpio.o
LOAD ./Drivers/STM32F3xx_HAL_Driver/Src/stm32f3xx_hal_i2c.o
LOAD ./Drivers/STM32F3xx_HAL_Driver/Src/stm32f3xx_hal_i2c_ex.o
LOAD ./Drivers/STM32F3xx_HAL_Driver/Src/stm32f3xx_hal_pwr.o
LOAD ./Drivers/STM32F3xx_HAL_Driver/Src/stm32f3xx_hal_pwr_ex.o
LOAD ./Drivers/STM32F3xx_HAL_Driver/Src/stm32f3xx_hal_rcc.o
LOAD ./Drivers/STM32F3xx_HAL_Driver/Src/stm32f3xx_hal_rcc_ex.o
LOAD ./Drivers/STM32F3xx_HAL_Driver/Src/stm32f3xx_hal_tim.o
LOAD ./Drivers/STM32F3xx_HAL_Driver/Src/stm32f3xx_hal_tim_ex.o
LOAD ./Drivers/STM32F3xx_HAL_Driver/Src/stm32f3xx_hal_uart.o
LOAD ./Drivers/STM32F3xx_HAL_Driver/Src/stm32f3xx_hal_uart_ex.o
LOAD ./Middlewares/Third_Party/FreeRTOS/Source/CMSIS_RTOS_V2/cmsis_os2.o
LOAD ./Middlewares/Third_Party/FreeRTOS/Source/croutine.o
LOAD ./Middlewares/Third_Party/FreeRTOS/Source/event_groups.o
LOAD ./Middlewares/Third_Party/FreeRTOS/Source/list.o
LOAD ./Middlewares/Third_Party/FreeRTOS/Source/queue.o
LOAD ./Middlewares/Third_Party/FreeRTOS/Source/stream_buffer.o
LOAD ./Middlewares/Third_Party/FreeRTOS/Source/tasks.o
LOAD ./Middlewares/Third_Party/FreeRTOS/Source/timers.o
LOAD ./Middlewares/Third_Party/FreeRTOS/Source/portable/GCC/ARM_CM4F/port.o
LOAD ./Middlewares/Third_Party/FreeRTOS/Source/portable/MemMang/heap_4.o
START GROUP
LOAD /opt/st/stm32cubeide_1.9.0/plugins/com.st.stm32cube.ide.mcu.externaltools.gnu-tools-for-stm32.10.3-2021.10.linux64_1.0.0.202111181127/tools/bin/../lib/gcc/arm-none-eabi/10.3.1/../../../../arm-none-eabi/lib/thumb/v7e-m+fp/hard/libstdc++_nano.a
LOAD /opt/st/stm32cubeide_1.9.0/plugins/com.st.stm32cube.ide.mcu.externaltools.gnu-tools-for-stm32.10.3-2021.10.linux64_1.0.0.202111181127/tools/bin/../lib/gcc/arm-none-eabi/10.3.1/../../../../arm-none-eabi/lib/thumb/v7e-m+fp/hard/libsupc++_nano.a
END GROUP
LOAD /opt/st/stm32cubeide_1.9.0/plugins/com.st.stm32cube.ide.mcu.externaltools.gnu-tools-for-stm32.10.3-2021.10.linux64_1.0.0.202111181127/tools/bin/../lib/gcc/arm-none-eabi/10.3.1/../../../../arm-none-eabi/lib/thumb/v7e-m+fp/hard/libstdc++_nano.a
LOAD /opt/st/stm32cubeide_1.9.0/plugins/com.st.stm32cube.ide.mcu.externaltools.gnu-tools-for-stm32.10.3-2021.10.linux64_1.0.0.202111181127/tools/bin/../lib/gcc/arm-none-eabi/10.3.1/../../../../arm-none-eabi/lib/thumb/v7e-m+fp/hard/libm.a
LOAD /opt/st/stm32cubeide_1.9.0/plugins/com.st.stm32cube.ide.mcu.externaltools.gnu-tools-for-stm32.10.3-2021.10.linux64_1.0.0.202111181127/tools/bin/../lib/gcc/arm-none-eabi/10.3.1/../../../../arm-none-eabi/lib/thumb/v7e-m+fp/hard/libc_nano.a
START GROUP
LOAD /opt/st/stm32cubeide_1.9.0/plugins/com.st.stm32cube.ide.mcu.externaltools.gnu-tools-for-stm32.10.3-2021.10.linux64_1.0.0.202111181127/tools/bin/../lib/gcc/arm-none-eabi/10.3.1/thumb/v7e-m+fp/hard/libgcc.a
LOAD /opt/st/stm32cubeide_1.9.0/plugins/com.st.stm32cube.ide.mcu.externaltools.gnu-tools-for-stm32.10.3-2021.10.linux64_1.0.0.202111181127/tools/bin/../lib/gcc/arm-none-eabi/10.3.1/../../../../arm-none-eabi/lib/thumb/v7e-m+fp/hard/libc_nano.a
END GROUP
START GROUP
LOAD /opt/st/stm32cubeide_1.9.0/plugins/com.st.stm32cube.ide.mcu.externaltools.gnu-tools-for-stm32.10.3-2021.10.linux64_1.0.0.202111181127/tools/bin/../lib/gcc/arm-none-eabi/10.3.1/thumb/v7e-m+fp/hard/libgcc.a
LOAD /opt/st/stm32cubeide_1.9.0/plugins/com.st.stm32cube.ide.mcu.externaltools.gnu-tools-for-stm32.10.3-2021.10.linux64_1.0.0.202111181127/tools/bin/../lib/gcc/arm-none-eabi/10.3.1/../../../../arm-none-eabi/lib/thumb/v7e-m+fp/hard/libc_nano.a
LOAD /opt/st/stm32cubeide_1.9.0/plugins/com.st.stm32cube.ide.mcu.externaltools.gnu-tools-for-stm32.10.3-2021.10.linux64_1.0.0.202111181127/tools/bin/../lib/gcc/arm-none-eabi/10.3.1/../../../../arm-none-eabi/lib/thumb/v7e-m+fp/hard/libnosys.a
END GROUP
START GROUP
LOAD /opt/st/stm32cubeide_1.9.0/plugins/com.st.stm32cube.ide.mcu.externaltools.gnu-tools-for-stm32.10.3-2021.10.linux64_1.0.0.202111181127/tools/bin/../lib/gcc/arm-none-eabi/10.3.1/thumb/v7e-m+fp/hard/libgcc.a
LOAD /opt/st/stm32cubeide_1.9.0/plugins/com.st.stm32cube.ide.mcu.externaltools.gnu-tools-for-stm32.10.3-2021.10.linux64_1.0.0.202111181127/tools/bin/../lib/gcc/arm-none-eabi/10.3.1/../../../../arm-none-eabi/lib/thumb/v7e-m+fp/hard/libc_nano.a
LOAD /opt/st/stm32cubeide_1.9.0/plugins/com.st.stm32cube.ide.mcu.externaltools.gnu-tools-for-stm32.10.3-2021.10.linux64_1.0.0.202111181127/tools/bin/../lib/gcc/arm-none-eabi/10.3.1/../../../../arm-none-eabi/lib/thumb/v7e-m+fp/hard/libnosys.a
END GROUP
LOAD /opt/st/stm32cubeide_1.9.0/plugins/com.st.stm32cube.ide.mcu.externaltools.gnu-tools-for-stm32.10.3-2021.10.linux64_1.0.0.202111181127/tools/bin/../lib/gcc/arm-none-eabi/10.3.1/thumb/v7e-m+fp/hard/crtend.o
LOAD /opt/st/stm32cubeide_1.9.0/plugins/com.st.stm32cube.ide.mcu.externaltools.gnu-tools-for-stm32.10.3-2021.10.linux64_1.0.0.202111181127/tools/bin/../lib/gcc/arm-none-eabi/10.3.1/thumb/v7e-m+fp/hard/crtn.o
                0x0000000020010000                _estack = (ORIGIN (RAM) + LENGTH (RAM))
                0x0000000000000200                _Min_Heap_Size = 0x200
                0x0000000000000400                _Min_Stack_Size = 0x400

.isr_vector     0x0000000008000000      0x194
                0x0000000008000000                . = ALIGN (0x4)
 *(.isr_vector)
 .isr_vector    0x0000000008000000      0x194 ./Core/Startup/startup_stm32f303retx.o
                0x0000000008000000                g_pfnVectors
                0x0000000008000194                . = ALIGN (0x4)

.text           0x00000000080001a0     0x9e80
                0x00000000080001a0                . = ALIGN (0x4)
 *(.text)
 .text          0x00000000080001a0       0x40 /opt/st/stm32cubeide_1.9.0/plugins/com.st.stm32cube.ide.mcu.externaltools.gnu-tools-for-stm32.10.3-2021.10.linux64_1.0.0.202111181127/tools/bin/../lib/gcc/arm-none-eabi/10.3.1/thumb/v7e-m+fp/hard/crtbegin.o
 .text          0x00000000080001e0       0x10 /opt/st/stm32cubeide_1.9.0/plugins/com.st.stm32cube.ide.mcu.externaltools.gnu-tools-for-stm32.10.3-2021.10.linux64_1.0.0.202111181127/tools/bin/../lib/gcc/arm-none-eabi/10.3.1/../../../../arm-none-eabi/lib/thumb/v7e-m+fp/hard/libc_nano.a(lib_a-strlen.o)
                0x00000000080001e0                strlen
 .text          0x00000000080001f0      0x254 /opt/st/stm32cubeide_1.9.0/plugins/com.st.stm32cube.ide.mcu.externaltools.gnu-tools-for-stm32.10.3-2021.10.linux64_1.0.0.202111181127/tools/bin/../lib/gcc/arm-none-eabi/10.3.1/thumb/v7e-m+fp/hard/libgcc.a(_arm_muldf3.o)
                0x00000000080001f0                __aeabi_dmul
                0x00000000080001f0                __muldf3
 .text          0x0000000008000444      0x378 /opt/st/stm32cubeide_1.9.0/plugins/com.st.stm32cube.ide.mcu.externaltools.gnu-tools-for-stm32.10.3-2021.10.linux64_1.0.0.202111181127/tools/bin/../lib/gcc/arm-none-eabi/10.3.1/thumb/v7e-m+fp/hard/libgcc.a(_arm_addsubdf3.o)
                0x0000000008000444                __aeabi_drsub
                0x000000000800044c                __aeabi_dsub
                0x000000000800044c                __subdf3
                0x0000000008000450                __adddf3
                0x0000000008000450                __aeabi_dadd
                0x00000000080006c8                __aeabi_ui2d
                0x00000000080006c8                __floatunsidf
                0x00000000080006e8                __floatsidf
                0x00000000080006e8                __aeabi_i2d
                0x000000000800070c                __extendsfdf2
                0x000000000800070c                __aeabi_f2d
                0x0000000008000750                __aeabi_ul2d
                0x0000000008000750                __floatundidf
                0x0000000008000760                __floatdidf
                0x0000000008000760                __aeabi_l2d
 .text          0x00000000080007bc       0xa0 /opt/st/stm32cubeide_1.9.0/plugins/com.st.stm32cube.ide.mcu.externaltools.gnu-tools-for-stm32.10.3-2021.10.linux64_1.0.0.202111181127/tools/bin/../lib/gcc/arm-none-eabi/10.3.1/thumb/v7e-m+fp/hard/libgcc.a(_arm_truncdfsf2.o)
                0x00000000080007bc                __aeabi_d2f
                0x00000000080007bc                __truncdfsf2
 *(.text*)
 .text._ZN3ros16normalizeSecNSecERmS0_
                0x000000000800085c       0x58 ./Core/Inc/time.o
                0x000000000800085c                ros::normalizeSecNSec(unsigned long&, unsigned long&)
 .text.main     0x00000000080008b4       0x7c ./Core/Src/main.o
                0x00000000080008b4                main
 .text.SystemClock_Config
                0x0000000008000930       0xc4 ./Core/Src/main.o
                0x0000000008000930                SystemClock_Config
 .text.MX_TIM2_Init
                0x00000000080009f4       0xa8 ./Core/Src/main.o
 .text.MX_USART2_UART_Init
                0x0000000008000a9c       0x60 ./Core/Src/main.o
 .text.MX_DMA_Init
                0x0000000008000afc       0x4c ./Core/Src/main.o
 .text.MX_GPIO_Init
                0x0000000008000b48       0x7c ./Core/Src/main.o
 .text.rosserial_entry
                0x0000000008000bc4       0x3c ./Core/Src/main.o
                0x0000000008000bc4                rosserial_entry
 .text.HAL_TIM_IC_CaptureCallback
                0x0000000008000c00       0x24 ./Core/Src/main.o
                0x0000000008000c00                HAL_TIM_IC_CaptureCallback
 *fill*         0x0000000008000c24        0x4 
 .text.encoder_entry
                0x0000000008000c28       0x58 ./Core/Src/main.o
                0x0000000008000c28                encoder_entry
 .text.bldc_entry
                0x0000000008000c80       0x1c ./Core/Src/main.o
                0x0000000008000c80                bldc_entry
 .text.HAL_TIM_PeriodElapsedCallback
                0x0000000008000c9c       0x24 ./Core/Src/main.o
                0x0000000008000c9c                HAL_TIM_PeriodElapsedCallback
 .text.Error_Handler
                0x0000000008000cc0        0xa ./Core/Src/main.o
                0x0000000008000cc0                Error_Handler
 .text._ZN3ros4TimeC2Ev
                0x0000000008000cca       0x22 ./Core/Src/mainpp.o
                0x0000000008000cca                ros::Time::Time()
                0x0000000008000cca                ros::Time::Time()
 .text._ZN3ros3MsgC2Ev
                0x0000000008000cec       0x20 ./Core/Src/mainpp.o
                0x0000000008000cec                ros::Msg::Msg()
                0x0000000008000cec                ros::Msg::Msg()
 .text._ZN8std_msgs4TimeC2Ev
                0x0000000008000d0c       0x30 ./Core/Src/mainpp.o
                0x0000000008000d0c                std_msgs::Time::Time()
                0x0000000008000d0c                std_msgs::Time::Time()
 .text._ZNK8std_msgs4Time9serializeEPh
                0x0000000008000d3c       0xb0 ./Core/Src/mainpp.o
                0x0000000008000d3c                std_msgs::Time::serialize(unsigned char*) const
 .text._ZN8std_msgs4Time11deserializeEPh
                0x0000000008000dec       0xc8 ./Core/Src/mainpp.o
                0x0000000008000dec                std_msgs::Time::deserialize(unsigned char*)
 .text._ZN8std_msgs4Time7getTypeEv
                0x0000000008000eb4       0x1c ./Core/Src/mainpp.o
                0x0000000008000eb4                std_msgs::Time::getType()
 .text._ZN8std_msgs4Time6getMD5Ev
                0x0000000008000ed0       0x1c ./Core/Src/mainpp.o
                0x0000000008000ed0                std_msgs::Time::getMD5()
 .text._ZN14rosserial_msgs9TopicInfoC2Ev
                0x0000000008000eec       0x48 ./Core/Src/mainpp.o
                0x0000000008000eec                rosserial_msgs::TopicInfo::TopicInfo()
                0x0000000008000eec                rosserial_msgs::TopicInfo::TopicInfo()
 .text._ZNK14rosserial_msgs9TopicInfo9serializeEPh
                0x0000000008000f34      0x136 ./Core/Src/mainpp.o
                0x0000000008000f34                rosserial_msgs::TopicInfo::serialize(unsigned char*) const
 .text._ZN14rosserial_msgs9TopicInfo11deserializeEPh
                0x000000000800106a      0x1d0 ./Core/Src/mainpp.o
                0x000000000800106a                rosserial_msgs::TopicInfo::deserialize(unsigned char*)
 *fill*         0x000000000800123a        0x2 
 .text._ZN14rosserial_msgs9TopicInfo7getTypeEv
                0x000000000800123c       0x1c ./Core/Src/mainpp.o
                0x000000000800123c                rosserial_msgs::TopicInfo::getType()
 .text._ZN14rosserial_msgs9TopicInfo6getMD5Ev
                0x0000000008001258       0x1c ./Core/Src/mainpp.o
                0x0000000008001258                rosserial_msgs::TopicInfo::getMD5()
 .text._ZN14rosserial_msgs3LogC2Ev
                0x0000000008001274       0x34 ./Core/Src/mainpp.o
                0x0000000008001274                rosserial_msgs::Log::Log()
                0x0000000008001274                rosserial_msgs::Log::Log()
 .text._ZNK14rosserial_msgs3Log9serializeEPh
                0x00000000080012a8       0x64 ./Core/Src/mainpp.o
                0x00000000080012a8                rosserial_msgs::Log::serialize(unsigned char*) const
 .text._ZN14rosserial_msgs3Log11deserializeEPh
                0x000000000800130c       0x90 ./Core/Src/mainpp.o
                0x000000000800130c                rosserial_msgs::Log::deserialize(unsigned char*)
 .text._ZN14rosserial_msgs3Log7getTypeEv
                0x000000000800139c       0x1c ./Core/Src/mainpp.o
                0x000000000800139c                rosserial_msgs::Log::getType()
 .text._ZN14rosserial_msgs3Log6getMD5Ev
                0x00000000080013b8       0x1c ./Core/Src/mainpp.o
                0x00000000080013b8                rosserial_msgs::Log::getMD5()
 .text._ZN14rosserial_msgs20RequestParamResponseC2Ev
                0x00000000080013d4       0x5c ./Core/Src/mainpp.o
                0x00000000080013d4                rosserial_msgs::RequestParamResponse::RequestParamResponse()
                0x00000000080013d4                rosserial_msgs::RequestParamResponse::RequestParamResponse()
 .text._ZNK14rosserial_msgs20RequestParamResponse9serializeEPh
                0x0000000008001430      0x222 ./Core/Src/mainpp.o
                0x0000000008001430                rosserial_msgs::RequestParamResponse::serialize(unsigned char*) const
 .text._ZN14rosserial_msgs20RequestParamResponse11deserializeEPh
                0x0000000008001652      0x2e2 ./Core/Src/mainpp.o
                0x0000000008001652                rosserial_msgs::RequestParamResponse::deserialize(unsigned char*)
 .text._ZN14rosserial_msgs20RequestParamResponse7getTypeEv
                0x0000000008001934       0x1c ./Core/Src/mainpp.o
                0x0000000008001934                rosserial_msgs::RequestParamResponse::getType()
 .text._ZN14rosserial_msgs20RequestParamResponse6getMD5Ev
                0x0000000008001950       0x1c ./Core/Src/mainpp.o
                0x0000000008001950                rosserial_msgs::RequestParamResponse::getMD5()
 .text._ZN3ros9PublisherC2EPKcPNS_3MsgEi
                0x000000000800196c       0x2e ./Core/Src/mainpp.o
                0x000000000800196c                ros::Publisher::Publisher(char const*, ros::Msg*, int)
                0x000000000800196c                ros::Publisher::Publisher(char const*, ros::Msg*, int)
 .text._ZN3ros9Publisher7publishEPKNS_3MsgE
                0x000000000800199a       0x28 ./Core/Src/mainpp.o
                0x000000000800199a                ros::Publisher::publish(ros::Msg const*)
 .text._ZN3ros9Publisher15getEndpointTypeEv
                0x00000000080019c2       0x18 ./Core/Src/mainpp.o
                0x00000000080019c2                ros::Publisher::getEndpointType()
 .text._ZN13STM32Hardware10getRdmaIndEv
                0x00000000080019da       0x26 ./Core/Src/mainpp.o
                0x00000000080019da                STM32Hardware::getRdmaInd()
 .text._ZN13STM32HardwareC2Ev
                0x0000000008001a00       0x38 ./Core/Src/mainpp.o
                0x0000000008001a00                STM32Hardware::STM32Hardware()
                0x0000000008001a00                STM32Hardware::STM32Hardware()
 .text._ZN13STM32Hardware4initEv
                0x0000000008001a38       0x16 ./Core/Src/mainpp.o
                0x0000000008001a38                STM32Hardware::init()
 .text._ZN13STM32Hardware10reset_rbufEv
                0x0000000008001a4e       0x22 ./Core/Src/mainpp.o
                0x0000000008001a4e                STM32Hardware::reset_rbuf()
 .text._ZN13STM32Hardware4readEv
                0x0000000008001a70       0x5a ./Core/Src/mainpp.o
                0x0000000008001a70                STM32Hardware::read()
 *fill*         0x0000000008001aca        0x2 
 .text._ZN13STM32Hardware5flushEv
                0x0000000008001acc       0xb8 ./Core/Src/mainpp.o
                0x0000000008001acc                STM32Hardware::flush()
 .text._ZN13STM32Hardware5writeEPhi
                0x0000000008001b84       0x8c ./Core/Src/mainpp.o
                0x0000000008001b84                STM32Hardware::write(unsigned char*, int)
 .text._ZN13STM32Hardware4timeEv
                0x0000000008001c10       0x16 ./Core/Src/mainpp.o
                0x0000000008001c10                STM32Hardware::time()
 *fill*         0x0000000008001c26        0x2 
 .text._ZN8std_msgs7Float32C2Ev
                0x0000000008001c28       0x2c ./Core/Src/mainpp.o
                0x0000000008001c28                std_msgs::Float32::Float32()
                0x0000000008001c28                std_msgs::Float32::Float32()
 .text._ZNK8std_msgs7Float329serializeEPh
                0x0000000008001c54       0x64 ./Core/Src/mainpp.o
                0x0000000008001c54                std_msgs::Float32::serialize(unsigned char*) const
 .text._ZN8std_msgs7Float3211deserializeEPh
                0x0000000008001cb8       0x70 ./Core/Src/mainpp.o
                0x0000000008001cb8                std_msgs::Float32::deserialize(unsigned char*)
 .text._ZN8std_msgs7Float327getTypeEv
                0x0000000008001d28       0x1c ./Core/Src/mainpp.o
                0x0000000008001d28                std_msgs::Float32::getType()
 .text._ZN8std_msgs7Float326getMD5Ev
                0x0000000008001d44       0x1c ./Core/Src/mainpp.o
                0x0000000008001d44                std_msgs::Float32::getMD5()
 .text._ZN3ros15NodeHandleBase_C2Ev
                0x0000000008001d60       0x20 ./Core/Src/mainpp.o
                0x0000000008001d60                ros::NodeHandleBase_::NodeHandleBase_()
                0x0000000008001d60                ros::NodeHandleBase_::NodeHandleBase_()
 .text._ZN3ros11NodeHandle_I13STM32HardwareLi25ELi25ELi512ELi512EEC2Ev
                0x0000000008001d80       0xf0 ./Core/Src/mainpp.o
                0x0000000008001d80                ros::NodeHandle_<STM32Hardware, 25, 25, 512, 512>::NodeHandle_()
                0x0000000008001d80                ros::NodeHandle_<STM32Hardware, 25, 25, 512, 512>::NodeHandle_()
 .text._Z9signal_cbRKN8std_msgs7Float32E
                0x0000000008001e70       0x2c ./Core/Src/mainpp.o
                0x0000000008001e70                signal_cb(std_msgs::Float32 const&)
 .text.HAL_UART_TxCpltCallback
                0x0000000008001e9c       0x24 ./Core/Src/mainpp.o
                0x0000000008001e9c                HAL_UART_TxCpltCallback
 .text.HAL_UART_RxCpltCallback
                0x0000000008001ec0       0x24 ./Core/Src/mainpp.o
                0x0000000008001ec0                HAL_UART_RxCpltCallback
 .text.setup    0x0000000008001ee4       0x2c ./Core/Src/mainpp.o
                0x0000000008001ee4                setup
 .text.loop     0x0000000008001f10       0x24 ./Core/Src/mainpp.o
                0x0000000008001f10                loop
 .text.spin     0x0000000008001f34       0x14 ./Core/Src/mainpp.o
                0x0000000008001f34                spin
 .text.update_position
                0x0000000008001f48       0x20 ./Core/Src/mainpp.o
                0x0000000008001f48                update_position
 .text.get_direction
                0x0000000008001f68       0x10 ./Core/Src/mainpp.o
                0x0000000008001f68                get_direction
 .text.get_signal
                0x0000000008001f78       0x18 ./Core/Src/mainpp.o
                0x0000000008001f78                get_signal
 .text._ZN3ros3Msg8varToArrIPhmEEvT_T0_
                0x0000000008001f90       0x3c ./Core/Src/mainpp.o
                0x0000000008001f90                void ros::Msg::varToArr<unsigned char*, unsigned long>(unsigned char*, unsigned long)
 .text._ZN3ros3Msg8arrToVarImPhEEvRT_T0_
                0x0000000008001fcc       0x4a ./Core/Src/mainpp.o
                0x0000000008001fcc                void ros::Msg::arrToVar<unsigned long, unsigned char*>(unsigned long&, unsigned char*)
 *fill*         0x0000000008002016        0x2 
 .text._ZN3ros11Subscriber_C2Ev
                0x0000000008002018       0x20 ./Core/Src/mainpp.o
                0x0000000008002018                ros::Subscriber_::Subscriber_()
                0x0000000008002018                ros::Subscriber_::Subscriber_()
 .text._ZN3ros10SubscriberIN8std_msgs7Float32EvEC2EPKcPFvRKS2_Ei
                0x0000000008002038       0x48 ./Core/Src/mainpp.o
                0x0000000008002038                ros::Subscriber<std_msgs::Float32, void>::Subscriber(char const*, void (*)(std_msgs::Float32 const&), int)
                0x0000000008002038                ros::Subscriber<std_msgs::Float32, void>::Subscriber(char const*, void (*)(std_msgs::Float32 const&), int)
 .text._ZN3ros11NodeHandle_I13STM32HardwareLi25ELi25ELi512ELi512EE11getHardwareEv
                0x0000000008002080       0x18 ./Core/Src/mainpp.o
                0x0000000008002080                ros::NodeHandle_<STM32Hardware, 25, 25, 512, 512>::getHardware()
 .text._ZN3ros11NodeHandle_I13STM32HardwareLi25ELi25ELi512ELi512EE8initNodeEv
                0x0000000008002098       0x3a ./Core/Src/mainpp.o
                0x0000000008002098                ros::NodeHandle_<STM32Hardware, 25, 25, 512, 512>::initNode()
 .text._ZN3ros11NodeHandle_I13STM32HardwareLi25ELi25ELi512ELi512EE9advertiseERNS_9PublisherE
                0x00000000080020d2       0x60 ./Core/Src/mainpp.o
                0x00000000080020d2                ros::NodeHandle_<STM32Hardware, 25, 25, 512, 512>::advertise(ros::Publisher&)
 .text._ZN3ros11NodeHandle_I13STM32HardwareLi25ELi25ELi512ELi512EE9subscribeERNS_11Subscriber_E
                0x0000000008002132       0x56 ./Core/Src/mainpp.o
                0x0000000008002132                ros::NodeHandle_<STM32Hardware, 25, 25, 512, 512>::subscribe(ros::Subscriber_&)
 .text._ZN3ros11NodeHandle_I13STM32HardwareLi25ELi25ELi512ELi512EE8spinOnceEv
                0x0000000008002188      0x3dc ./Core/Src/mainpp.o
                0x0000000008002188                ros::NodeHandle_<STM32Hardware, 25, 25, 512, 512>::spinOnce()
 .text._ZN3ros11NodeHandle_I13STM32HardwareLi25ELi25ELi512ELi512EE15requestSyncTimeEv
                0x0000000008002564       0x3c ./Core/Src/mainpp.o
                0x0000000008002564                ros::NodeHandle_<STM32Hardware, 25, 25, 512, 512>::requestSyncTime()
 .text._ZN3ros11NodeHandle_I13STM32HardwareLi25ELi25ELi512ELi512EE15negotiateTopicsEv
                0x00000000080025a0      0x1be ./Core/Src/mainpp.o
                0x00000000080025a0                ros::NodeHandle_<STM32Hardware, 25, 25, 512, 512>::negotiateTopics()
 *fill*         0x000000000800275e        0x2 
 .text._ZN3ros11NodeHandle_I13STM32HardwareLi25ELi25ELi512ELi512EE8syncTimeEPh
                0x0000000008002760       0x98 ./Core/Src/mainpp.o
                0x0000000008002760                ros::NodeHandle_<STM32Hardware, 25, 25, 512, 512>::syncTime(unsigned char*)
 .text._ZN3ros11NodeHandle_I13STM32HardwareLi25ELi25ELi512ELi512EE7publishEiPKNS_3MsgE
                0x00000000080027f8      0x128 ./Core/Src/mainpp.o
                0x00000000080027f8                ros::NodeHandle_<STM32Hardware, 25, 25, 512, 512>::publish(int, ros::Msg const*)
 .text._ZN3ros11NodeHandle_I13STM32HardwareLi25ELi25ELi512ELi512EE6setNowERKNS_4TimeE
                0x0000000008002920       0x80 ./Core/Src/mainpp.o
                0x0000000008002920                ros::NodeHandle_<STM32Hardware, 25, 25, 512, 512>::setNow(ros::Time const&)
 .text._ZN3ros11NodeHandle_I13STM32HardwareLi25ELi25ELi512ELi512EE8logerrorEPKc
                0x00000000080029a0       0x1c ./Core/Src/mainpp.o
                0x00000000080029a0                ros::NodeHandle_<STM32Hardware, 25, 25, 512, 512>::logerror(char const*)
 .text._ZN3ros11NodeHandle_I13STM32HardwareLi25ELi25ELi512ELi512EE3logEcPKc
                0x00000000080029bc       0x38 ./Core/Src/mainpp.o
                0x00000000080029bc                ros::NodeHandle_<STM32Hardware, 25, 25, 512, 512>::log(char, char const*)
 .text._Z41__static_initialization_and_destruction_0ii
                0x00000000080029f4       0x64 ./Core/Src/mainpp.o
 .text._ZN3ros10SubscriberIN8std_msgs7Float32EvE8callbackEPh
                0x0000000008002a58       0x2a ./Core/Src/mainpp.o
                0x0000000008002a58                ros::Subscriber<std_msgs::Float32, void>::callback(unsigned char*)
 .text._ZN3ros10SubscriberIN8std_msgs7Float32EvE15getEndpointTypeEv
                0x0000000008002a82       0x18 ./Core/Src/mainpp.o
                0x0000000008002a82                ros::Subscriber<std_msgs::Float32, void>::getEndpointType()
 .text._ZN3ros10SubscriberIN8std_msgs7Float32EvE10getMsgTypeEv
                0x0000000008002a9a       0x1c ./Core/Src/mainpp.o
                0x0000000008002a9a                ros::Subscriber<std_msgs::Float32, void>::getMsgType()
 .text._ZN3ros10SubscriberIN8std_msgs7Float32EvE9getMsgMD5Ev
                0x0000000008002ab6       0x1c ./Core/Src/mainpp.o
                0x0000000008002ab6                ros::Subscriber<std_msgs::Float32, void>::getMsgMD5()
 .text._ZN3ros11NodeHandle_I13STM32HardwareLi25ELi25ELi512ELi512EE9connectedEv
                0x0000000008002ad2       0x1a ./Core/Src/mainpp.o
                0x0000000008002ad2                ros::NodeHandle_<STM32Hardware, 25, 25, 512, 512>::connected()
 .text._GLOBAL__sub_I_nh
                0x0000000008002aec       0x10 ./Core/Src/mainpp.o
 .text.HAL_MspInit
                0x0000000008002afc       0x50 ./Core/Src/stm32f3xx_hal_msp.o
                0x0000000008002afc                HAL_MspInit
 .text.HAL_TIM_Encoder_MspInit
                0x0000000008002b4c       0x90 ./Core/Src/stm32f3xx_hal_msp.o
                0x0000000008002b4c                HAL_TIM_Encoder_MspInit
 .text.HAL_UART_MspInit
                0x0000000008002bdc      0x140 ./Core/Src/stm32f3xx_hal_msp.o
                0x0000000008002bdc                HAL_UART_MspInit
 .text.HAL_InitTick
                0x0000000008002d1c       0xb0 ./Core/Src/stm32f3xx_hal_timebase_tim.o
                0x0000000008002d1c                HAL_InitTick
 .text.NMI_Handler
                0x0000000008002dcc        0x6 ./Core/Src/stm32f3xx_it.o
                0x0000000008002dcc                NMI_Handler
 .text.HardFault_Handler
                0x0000000008002dd2        0x6 ./Core/Src/stm32f3xx_it.o
                0x0000000008002dd2                HardFault_Handler
 .text.MemManage_Handler
                0x0000000008002dd8        0x6 ./Core/Src/stm32f3xx_it.o
                0x0000000008002dd8                MemManage_Handler
 .text.BusFault_Handler
                0x0000000008002dde        0x6 ./Core/Src/stm32f3xx_it.o
                0x0000000008002dde                BusFault_Handler
 .text.UsageFault_Handler
                0x0000000008002de4        0x6 ./Core/Src/stm32f3xx_it.o
                0x0000000008002de4                UsageFault_Handler
 .text.DebugMon_Handler
                0x0000000008002dea        0xe ./Core/Src/stm32f3xx_it.o
                0x0000000008002dea                DebugMon_Handler
 .text.DMA1_Channel6_IRQHandler
                0x0000000008002df8       0x14 ./Core/Src/stm32f3xx_it.o
                0x0000000008002df8                DMA1_Channel6_IRQHandler
 .text.DMA1_Channel7_IRQHandler
                0x0000000008002e0c       0x14 ./Core/Src/stm32f3xx_it.o
                0x0000000008002e0c                DMA1_Channel7_IRQHandler
 .text.TIM2_IRQHandler
                0x0000000008002e20       0x14 ./Core/Src/stm32f3xx_it.o
                0x0000000008002e20                TIM2_IRQHandler
 .text.USART2_IRQHandler
                0x0000000008002e34       0x14 ./Core/Src/stm32f3xx_it.o
                0x0000000008002e34                USART2_IRQHandler
 .text.TIM6_DAC_IRQHandler
                0x0000000008002e48       0x14 ./Core/Src/stm32f3xx_it.o
                0x0000000008002e48                TIM6_DAC_IRQHandler
 .text._getpid  0x0000000008002e5c       0x10 ./Core/Src/syscalls.o
                0x0000000008002e5c                _getpid
 .text._kill    0x0000000008002e6c       0x20 ./Core/Src/syscalls.o
                0x0000000008002e6c                _kill
 .text._exit    0x0000000008002e8c       0x14 ./Core/Src/syscalls.o
                0x0000000008002e8c                _exit
 .text._sbrk    0x0000000008002ea0       0x6c ./Core/Src/sysmem.o
                0x0000000008002ea0                _sbrk
 .text.SystemInit
                0x0000000008002f0c       0x24 ./Core/Src/system_stm32f3xx.o
                0x0000000008002f0c                SystemInit
 .text.Reset_Handler
                0x0000000008002f30       0x50 ./Core/Startup/startup_stm32f303retx.o
                0x0000000008002f30                Reset_Handler
 .text.Default_Handler
                0x0000000008002f80        0x2 ./Core/Startup/startup_stm32f303retx.o
                0x0000000008002f80                RTC_Alarm_IRQHandler
                0x0000000008002f80                TIM8_TRG_COM_IRQHandler
                0x0000000008002f80                TIM8_CC_IRQHandler
                0x0000000008002f80                SPI4_IRQHandler
                0x0000000008002f80                TIM1_CC_IRQHandler
                0x0000000008002f80                USB_HP_IRQHandler
                0x0000000008002f80                PVD_IRQHandler
                0x0000000008002f80                TAMP_STAMP_IRQHandler
                0x0000000008002f80                EXTI3_IRQHandler
                0x0000000008002f80                I2C3_ER_IRQHandler
                0x0000000008002f80                USB_HP_CAN_TX_IRQHandler
                0x0000000008002f80                EXTI0_IRQHandler
                0x0000000008002f80                I2C2_EV_IRQHandler
                0x0000000008002f80                FPU_IRQHandler
                0x0000000008002f80                TIM1_UP_TIM16_IRQHandler
                0x0000000008002f80                ADC1_2_IRQHandler
                0x0000000008002f80                SPI1_IRQHandler
                0x0000000008002f80                CAN_SCE_IRQHandler
                0x0000000008002f80                TIM8_UP_IRQHandler
                0x0000000008002f80                DMA2_Channel2_IRQHandler
                0x0000000008002f80                DMA1_Channel4_IRQHandler
                0x0000000008002f80                TIM20_TRG_COM_IRQHandler
                0x0000000008002f80                USART3_IRQHandler
                0x0000000008002f80                UART5_IRQHandler
                0x0000000008002f80                ADC3_IRQHandler
                0x0000000008002f80                TIM4_IRQHandler
                0x0000000008002f80                CAN_RX1_IRQHandler
                0x0000000008002f80                DMA2_Channel1_IRQHandler
                0x0000000008002f80                I2C1_EV_IRQHandler
                0x0000000008002f80                UART4_IRQHandler
                0x0000000008002f80                DMA2_Channel4_IRQHandler
                0x0000000008002f80                TIM3_IRQHandler
                0x0000000008002f80                RCC_IRQHandler
                0x0000000008002f80                TIM20_UP_IRQHandler
                0x0000000008002f80                DMA1_Channel1_IRQHandler
                0x0000000008002f80                Default_Handler
                0x0000000008002f80                USBWakeUp_RMP_IRQHandler
                0x0000000008002f80                EXTI15_10_IRQHandler
                0x0000000008002f80                TIM7_IRQHandler
                0x0000000008002f80                I2C3_EV_IRQHandler
                0x0000000008002f80                EXTI9_5_IRQHandler
                0x0000000008002f80                RTC_WKUP_IRQHandler
                0x0000000008002f80                SPI2_IRQHandler
                0x0000000008002f80                USB_LP_CAN_RX0_IRQHandler
                0x0000000008002f80                DMA2_Channel5_IRQHandler
                0x0000000008002f80                DMA1_Channel5_IRQHandler
                0x0000000008002f80                USB_LP_IRQHandler
                0x0000000008002f80                EXTI4_IRQHandler
                0x0000000008002f80                TIM1_TRG_COM_TIM17_IRQHandler
                0x0000000008002f80                DMA1_Channel3_IRQHandler
                0x0000000008002f80                ADC4_IRQHandler
                0x0000000008002f80                WWDG_IRQHandler
                0x0000000008002f80                COMP7_IRQHandler
                0x0000000008002f80                COMP1_2_3_IRQHandler
                0x0000000008002f80                EXTI1_IRQHandler
                0x0000000008002f80                COMP4_5_6_IRQHandler
                0x0000000008002f80                TIM20_BRK_IRQHandler
                0x0000000008002f80                I2C2_ER_IRQHandler
                0x0000000008002f80                DMA1_Channel2_IRQHandler
                0x0000000008002f80                TIM8_BRK_IRQHandler
                0x0000000008002f80                FLASH_IRQHandler
                0x0000000008002f80                TIM20_CC_IRQHandler
                0x0000000008002f80                USART1_IRQHandler
                0x0000000008002f80                SPI3_IRQHandler
                0x0000000008002f80                I2C1_ER_IRQHandler
                0x0000000008002f80                FMC_IRQHandler
                0x0000000008002f80                USBWakeUp_IRQHandler
                0x0000000008002f80                DMA2_Channel3_IRQHandler
                0x0000000008002f80                EXTI2_TSC_IRQHandler
                0x0000000008002f80                TIM1_BRK_TIM15_IRQHandler
 *fill*         0x0000000008002f82        0x2 
 .text.HAL_Init
                0x0000000008002f84       0x2c ./Drivers/STM32F3xx_HAL_Driver/Src/stm32f3xx_hal.o
                0x0000000008002f84                HAL_Init
 .text.HAL_IncTick
                0x0000000008002fb0       0x28 ./Drivers/STM32F3xx_HAL_Driver/Src/stm32f3xx_hal.o
                0x0000000008002fb0                HAL_IncTick
 .text.HAL_GetTick
                0x0000000008002fd8       0x18 ./Drivers/STM32F3xx_HAL_Driver/Src/stm32f3xx_hal.o
                0x0000000008002fd8                HAL_GetTick
 .text.__NVIC_SetPriorityGrouping
                0x0000000008002ff0       0x48 ./Drivers/STM32F3xx_HAL_Driver/Src/stm32f3xx_hal_cortex.o
 .text.__NVIC_GetPriorityGrouping
                0x0000000008003038       0x1c ./Drivers/STM32F3xx_HAL_Driver/Src/stm32f3xx_hal_cortex.o
 .text.__NVIC_EnableIRQ
                0x0000000008003054       0x3c ./Drivers/STM32F3xx_HAL_Driver/Src/stm32f3xx_hal_cortex.o
 .text.__NVIC_SetPriority
                0x0000000008003090       0x54 ./Drivers/STM32F3xx_HAL_Driver/Src/stm32f3xx_hal_cortex.o
 .text.NVIC_EncodePriority
                0x00000000080030e4       0x66 ./Drivers/STM32F3xx_HAL_Driver/Src/stm32f3xx_hal_cortex.o
 .text.HAL_NVIC_SetPriorityGrouping
                0x000000000800314a       0x16 ./Drivers/STM32F3xx_HAL_Driver/Src/stm32f3xx_hal_cortex.o
                0x000000000800314a                HAL_NVIC_SetPriorityGrouping
 .text.HAL_NVIC_SetPriority
                0x0000000008003160       0x38 ./Drivers/STM32F3xx_HAL_Driver/Src/stm32f3xx_hal_cortex.o
                0x0000000008003160                HAL_NVIC_SetPriority
 .text.HAL_NVIC_EnableIRQ
                0x0000000008003198       0x1c ./Drivers/STM32F3xx_HAL_Driver/Src/stm32f3xx_hal_cortex.o
                0x0000000008003198                HAL_NVIC_EnableIRQ
 .text.HAL_DMA_Init
                0x00000000080031b4       0x8e ./Drivers/STM32F3xx_HAL_Driver/Src/stm32f3xx_hal_dma.o
                0x00000000080031b4                HAL_DMA_Init
 .text.HAL_DMA_Start_IT
                0x0000000008003242       0xbe ./Drivers/STM32F3xx_HAL_Driver/Src/stm32f3xx_hal_dma.o
                0x0000000008003242                HAL_DMA_Start_IT
 .text.HAL_DMA_Abort
                0x0000000008003300       0x72 ./Drivers/STM32F3xx_HAL_Driver/Src/stm32f3xx_hal_dma.o
                0x0000000008003300                HAL_DMA_Abort
 .text.HAL_DMA_Abort_IT
                0x0000000008003372       0x7c ./Drivers/STM32F3xx_HAL_Driver/Src/stm32f3xx_hal_dma.o
                0x0000000008003372                HAL_DMA_Abort_IT
 .text.HAL_DMA_IRQHandler
                0x00000000080033ee      0x146 ./Drivers/STM32F3xx_HAL_Driver/Src/stm32f3xx_hal_dma.o
                0x00000000080033ee                HAL_DMA_IRQHandler
 .text.DMA_SetConfig
                0x0000000008003534       0x5c ./Drivers/STM32F3xx_HAL_Driver/Src/stm32f3xx_hal_dma.o
 .text.DMA_CalcBaseAndBitshift
                0x0000000008003590       0x78 ./Drivers/STM32F3xx_HAL_Driver/Src/stm32f3xx_hal_dma.o
 .text.HAL_GPIO_Init
                0x0000000008003608      0x314 ./Drivers/STM32F3xx_HAL_Driver/Src/stm32f3xx_hal_gpio.o
                0x0000000008003608                HAL_GPIO_Init
 .text.HAL_GPIO_WritePin
                0x000000000800391c       0x30 ./Drivers/STM32F3xx_HAL_Driver/Src/stm32f3xx_hal_gpio.o
                0x000000000800391c                HAL_GPIO_WritePin
 .text.HAL_GPIO_TogglePin
                0x000000000800394c       0x34 ./Drivers/STM32F3xx_HAL_Driver/Src/stm32f3xx_hal_gpio.o
                0x000000000800394c                HAL_GPIO_TogglePin
 .text.HAL_RCC_OscConfig
                0x0000000008003980     0x10a8 ./Drivers/STM32F3xx_HAL_Driver/Src/stm32f3xx_hal_rcc.o
                0x0000000008003980                HAL_RCC_OscConfig
 .text.HAL_RCC_ClockConfig
                0x0000000008004a28      0x2f8 ./Drivers/STM32F3xx_HAL_Driver/Src/stm32f3xx_hal_rcc.o
                0x0000000008004a28                HAL_RCC_ClockConfig
 .text.HAL_RCC_GetSysClockFreq
                0x0000000008004d20       0xd4 ./Drivers/STM32F3xx_HAL_Driver/Src/stm32f3xx_hal_rcc.o
                0x0000000008004d20                HAL_RCC_GetSysClockFreq
 .text.HAL_RCC_GetHCLKFreq
                0x0000000008004df4       0x18 ./Drivers/STM32F3xx_HAL_Driver/Src/stm32f3xx_hal_rcc.o
                0x0000000008004df4                HAL_RCC_GetHCLKFreq
 .text.HAL_RCC_GetPCLK1Freq
                0x0000000008004e0c       0x44 ./Drivers/STM32F3xx_HAL_Driver/Src/stm32f3xx_hal_rcc.o
                0x0000000008004e0c                HAL_RCC_GetPCLK1Freq
 .text.HAL_RCC_GetPCLK2Freq
                0x0000000008004e50       0x44 ./Drivers/STM32F3xx_HAL_Driver/Src/stm32f3xx_hal_rcc.o
                0x0000000008004e50                HAL_RCC_GetPCLK2Freq
 .text.HAL_RCC_GetClockConfig
                0x0000000008004e94       0x64 ./Drivers/STM32F3xx_HAL_Driver/Src/stm32f3xx_hal_rcc.o
                0x0000000008004e94                HAL_RCC_GetClockConfig
 .text.HAL_RCCEx_PeriphCLKConfig
                0x0000000008004ef8      0x43c ./Drivers/STM32F3xx_HAL_Driver/Src/stm32f3xx_hal_rcc_ex.o
                0x0000000008004ef8                HAL_RCCEx_PeriphCLKConfig
 .text.HAL_TIM_Base_Init
                0x0000000008005334       0xae ./Drivers/STM32F3xx_HAL_Driver/Src/stm32f3xx_hal_tim.o
                0x0000000008005334                HAL_TIM_Base_Init
 .text.HAL_TIM_Base_MspInit
                0x00000000080053e2       0x14 ./Drivers/STM32F3xx_HAL_Driver/Src/stm32f3xx_hal_tim.o
                0x00000000080053e2                HAL_TIM_Base_MspInit
 *fill*         0x00000000080053f6        0x2 
 .text.HAL_TIM_Base_Start_IT
                0x00000000080053f8       0xe0 ./Drivers/STM32F3xx_HAL_Driver/Src/stm32f3xx_hal_tim.o
                0x00000000080053f8                HAL_TIM_Base_Start_IT
 .text.HAL_TIM_Encoder_Init
                0x00000000080054d8      0x14c ./Drivers/STM32F3xx_HAL_Driver/Src/stm32f3xx_hal_tim.o
                0x00000000080054d8                HAL_TIM_Encoder_Init
 .text.HAL_TIM_Encoder_Start_IT
                0x0000000008005624      0x15c ./Drivers/STM32F3xx_HAL_Driver/Src/stm32f3xx_hal_tim.o
                0x0000000008005624                HAL_TIM_Encoder_Start_IT
 .text.HAL_TIM_IRQHandler
                0x0000000008005780      0x23e ./Drivers/STM32F3xx_HAL_Driver/Src/stm32f3xx_hal_tim.o
                0x0000000008005780                HAL_TIM_IRQHandler
 .text.HAL_TIM_OC_DelayElapsedCallback
                0x00000000080059be       0x14 ./Drivers/STM32F3xx_HAL_Driver/Src/stm32f3xx_hal_tim.o
                0x00000000080059be                HAL_TIM_OC_DelayElapsedCallback
 .text.HAL_TIM_PWM_PulseFinishedCallback
                0x00000000080059d2       0x14 ./Drivers/STM32F3xx_HAL_Driver/Src/stm32f3xx_hal_tim.o
                0x00000000080059d2                HAL_TIM_PWM_PulseFinishedCallback
 .text.HAL_TIM_TriggerCallback
                0x00000000080059e6       0x14 ./Drivers/STM32F3xx_HAL_Driver/Src/stm32f3xx_hal_tim.o
                0x00000000080059e6                HAL_TIM_TriggerCallback
 *fill*         0x00000000080059fa        0x2 
 .text.TIM_Base_SetConfig
                0x00000000080059fc      0x13c ./Drivers/STM32F3xx_HAL_Driver/Src/stm32f3xx_hal_tim.o
                0x00000000080059fc                TIM_Base_SetConfig
 .text.TIM_CCxChannelCmd
                0x0000000008005b38       0x4a ./Drivers/STM32F3xx_HAL_Driver/Src/stm32f3xx_hal_tim.o
                0x0000000008005b38                TIM_CCxChannelCmd
 *fill*         0x0000000008005b82        0x2 
 .text.HAL_TIMEx_MasterConfigSynchronization
                0x0000000008005b84      0x118 ./Drivers/STM32F3xx_HAL_Driver/Src/stm32f3xx_hal_tim_ex.o
                0x0000000008005b84                HAL_TIMEx_MasterConfigSynchronization
 .text.HAL_TIMEx_CommutCallback
                0x0000000008005c9c       0x14 ./Drivers/STM32F3xx_HAL_Driver/Src/stm32f3xx_hal_tim_ex.o
                0x0000000008005c9c                HAL_TIMEx_CommutCallback
 .text.HAL_TIMEx_BreakCallback
                0x0000000008005cb0       0x14 ./Drivers/STM32F3xx_HAL_Driver/Src/stm32f3xx_hal_tim_ex.o
                0x0000000008005cb0                HAL_TIMEx_BreakCallback
 .text.HAL_TIMEx_Break2Callback
                0x0000000008005cc4       0x14 ./Drivers/STM32F3xx_HAL_Driver/Src/stm32f3xx_hal_tim_ex.o
                0x0000000008005cc4                HAL_TIMEx_Break2Callback
 .text.HAL_UART_Init
                0x0000000008005cd8       0x9c ./Drivers/STM32F3xx_HAL_Driver/Src/stm32f3xx_hal_uart.o
                0x0000000008005cd8                HAL_UART_Init
 .text.HAL_UART_Transmit_DMA
                0x0000000008005d74      0x120 ./Drivers/STM32F3xx_HAL_Driver/Src/stm32f3xx_hal_uart.o
                0x0000000008005d74                HAL_UART_Transmit_DMA
 .text.HAL_UART_Receive_DMA
                0x0000000008005e94       0x9c ./Drivers/STM32F3xx_HAL_Driver/Src/stm32f3xx_hal_uart.o
                0x0000000008005e94                HAL_UART_Receive_DMA
 .text.HAL_UART_IRQHandler
                0x0000000008005f30      0x5bc ./Drivers/STM32F3xx_HAL_Driver/Src/stm32f3xx_hal_uart.o
                0x0000000008005f30                HAL_UART_IRQHandler
 .text.HAL_UART_TxHalfCpltCallback
                0x00000000080064ec       0x14 ./Drivers/STM32F3xx_HAL_Driver/Src/stm32f3xx_hal_uart.o
                0x00000000080064ec                HAL_UART_TxHalfCpltCallback
 .text.HAL_UART_RxHalfCpltCallback
                0x0000000008006500       0x14 ./Drivers/STM32F3xx_HAL_Driver/Src/stm32f3xx_hal_uart.o
                0x0000000008006500                HAL_UART_RxHalfCpltCallback
 .text.HAL_UART_ErrorCallback
                0x0000000008006514       0x14 ./Drivers/STM32F3xx_HAL_Driver/Src/stm32f3xx_hal_uart.o
                0x0000000008006514                HAL_UART_ErrorCallback
 .text.HAL_UARTEx_RxEventCallback
                0x0000000008006528       0x18 ./Drivers/STM32F3xx_HAL_Driver/Src/stm32f3xx_hal_uart.o
                0x0000000008006528                HAL_UARTEx_RxEventCallback
 .text.UART_SetConfig
                0x0000000008006540      0x3ac ./Drivers/STM32F3xx_HAL_Driver/Src/stm32f3xx_hal_uart.o
                0x0000000008006540                UART_SetConfig
 .text.UART_AdvFeatureConfig
                0x00000000080068ec      0x144 ./Drivers/STM32F3xx_HAL_Driver/Src/stm32f3xx_hal_uart.o
                0x00000000080068ec                UART_AdvFeatureConfig
 .text.UART_CheckIdleState
                0x0000000008006a30       0x92 ./Drivers/STM32F3xx_HAL_Driver/Src/stm32f3xx_hal_uart.o
                0x0000000008006a30                UART_CheckIdleState
 .text.UART_WaitOnFlagUntilTimeout
                0x0000000008006ac2      0x188 ./Drivers/STM32F3xx_HAL_Driver/Src/stm32f3xx_hal_uart.o
                0x0000000008006ac2                UART_WaitOnFlagUntilTimeout
 *fill*         0x0000000008006c4a        0x2 
 .text.UART_Start_Receive_DMA
                0x0000000008006c4c      0x144 ./Drivers/STM32F3xx_HAL_Driver/Src/stm32f3xx_hal_uart.o
                0x0000000008006c4c                UART_Start_Receive_DMA
 .text.UART_EndTxTransfer
                0x0000000008006d90       0x4c ./Drivers/STM32F3xx_HAL_Driver/Src/stm32f3xx_hal_uart.o
 .text.UART_EndRxTransfer
                0x0000000008006ddc       0xc6 ./Drivers/STM32F3xx_HAL_Driver/Src/stm32f3xx_hal_uart.o
 .text.UART_DMATransmitCplt
                0x0000000008006ea2       0x94 ./Drivers/STM32F3xx_HAL_Driver/Src/stm32f3xx_hal_uart.o
 .text.UART_DMATxHalfCplt
                0x0000000008006f36       0x1c ./Drivers/STM32F3xx_HAL_Driver/Src/stm32f3xx_hal_uart.o
 .text.UART_DMAReceiveCplt
                0x0000000008006f52      0x11e ./Drivers/STM32F3xx_HAL_Driver/Src/stm32f3xx_hal_uart.o
 .text.UART_DMARxHalfCplt
                0x0000000008007070       0x38 ./Drivers/STM32F3xx_HAL_Driver/Src/stm32f3xx_hal_uart.o
 .text.UART_DMAError
                0x00000000080070a8       0x7c ./Drivers/STM32F3xx_HAL_Driver/Src/stm32f3xx_hal_uart.o
 .text.UART_DMAAbortOnError
                0x0000000008007124       0x2c ./Drivers/STM32F3xx_HAL_Driver/Src/stm32f3xx_hal_uart.o
 .text.UART_EndTransmit_IT
                0x0000000008007150       0x54 ./Drivers/STM32F3xx_HAL_Driver/Src/stm32f3xx_hal_uart.o
 .text.HAL_UARTEx_WakeupCallback
                0x00000000080071a4       0x14 ./Drivers/STM32F3xx_HAL_Driver/Src/stm32f3xx_hal_uart_ex.o
                0x00000000080071a4                HAL_UARTEx_WakeupCallback
 .text.osKernelInitialize
                0x00000000080071b8       0x68 ./Middlewares/Third_Party/FreeRTOS/Source/CMSIS_RTOS_V2/cmsis_os2.o
                0x00000000080071b8                osKernelInitialize
 .text.osKernelStart
                0x0000000008007220       0x68 ./Middlewares/Third_Party/FreeRTOS/Source/CMSIS_RTOS_V2/cmsis_os2.o
                0x0000000008007220                osKernelStart
 .text.osThreadNew
                0x0000000008007288      0x154 ./Middlewares/Third_Party/FreeRTOS/Source/CMSIS_RTOS_V2/cmsis_os2.o
                0x0000000008007288                osThreadNew
 .text.osDelay  0x00000000080073dc       0x5c ./Middlewares/Third_Party/FreeRTOS/Source/CMSIS_RTOS_V2/cmsis_os2.o
                0x00000000080073dc                osDelay
 .text.vApplicationGetIdleTaskMemory
                0x0000000008007438       0x34 ./Middlewares/Third_Party/FreeRTOS/Source/CMSIS_RTOS_V2/cmsis_os2.o
                0x0000000008007438                vApplicationGetIdleTaskMemory
 .text.vApplicationGetTimerTaskMemory
                0x000000000800746c       0x34 ./Middlewares/Third_Party/FreeRTOS/Source/CMSIS_RTOS_V2/cmsis_os2.o
                0x000000000800746c                vApplicationGetTimerTaskMemory
 .text.vListInitialise
                0x00000000080074a0       0x40 ./Middlewares/Third_Party/FreeRTOS/Source/list.o
                0x00000000080074a0                vListInitialise
 .text.vListInitialiseItem
                0x00000000080074e0       0x1a ./Middlewares/Third_Party/FreeRTOS/Source/list.o
                0x00000000080074e0                vListInitialiseItem
 .text.vListInsertEnd
                0x00000000080074fa       0x48 ./Middlewares/Third_Party/FreeRTOS/Source/list.o
                0x00000000080074fa                vListInsertEnd
 .text.vListInsert
                0x0000000008007542       0x72 ./Middlewares/Third_Party/FreeRTOS/Source/list.o
                0x0000000008007542                vListInsert
 .text.uxListRemove
                0x00000000080075b4       0x54 ./Middlewares/Third_Party/FreeRTOS/Source/list.o
                0x00000000080075b4                uxListRemove
 .text.xQueueGenericReset
                0x0000000008007608       0xd0 ./Middlewares/Third_Party/FreeRTOS/Source/queue.o
                0x0000000008007608                xQueueGenericReset
 .text.xQueueGenericCreateStatic
                0x00000000080076d8       0xee ./Middlewares/Third_Party/FreeRTOS/Source/queue.o
                0x00000000080076d8                xQueueGenericCreateStatic
 .text.prvInitialiseNewQueue
                0x00000000080077c6       0x46 ./Middlewares/Third_Party/FreeRTOS/Source/queue.o
 .text.xQueueGenericSend
                0x000000000800780c      0x1fc ./Middlewares/Third_Party/FreeRTOS/Source/queue.o
                0x000000000800780c                xQueueGenericSend
 .text.xQueueGenericSendFromISR
                0x0000000008007a08      0x130 ./Middlewares/Third_Party/FreeRTOS/Source/queue.o
                0x0000000008007a08                xQueueGenericSendFromISR
 .text.xQueueReceive
                0x0000000008007b38      0x1c0 ./Middlewares/Third_Party/FreeRTOS/Source/queue.o
                0x0000000008007b38                xQueueReceive
 .text.prvCopyDataToQueue
                0x0000000008007cf8       0xd4 ./Middlewares/Third_Party/FreeRTOS/Source/queue.o
 .text.prvCopyDataFromQueue
                0x0000000008007dcc       0x4c ./Middlewares/Third_Party/FreeRTOS/Source/queue.o
 .text.prvUnlockQueue
                0x0000000008007e18       0xa4 ./Middlewares/Third_Party/FreeRTOS/Source/queue.o
 .text.prvIsQueueEmpty
                0x0000000008007ebc       0x2c ./Middlewares/Third_Party/FreeRTOS/Source/queue.o
 .text.prvIsQueueFull
                0x0000000008007ee8       0x30 ./Middlewares/Third_Party/FreeRTOS/Source/queue.o
 .text.vQueueAddToRegistry
                0x0000000008007f18       0x54 ./Middlewares/Third_Party/FreeRTOS/Source/queue.o
                0x0000000008007f18                vQueueAddToRegistry
 .text.vQueueWaitForMessageRestricted
                0x0000000008007f6c       0x68 ./Middlewares/Third_Party/FreeRTOS/Source/queue.o
                0x0000000008007f6c                vQueueWaitForMessageRestricted
 .text.xTaskCreateStatic
                0x0000000008007fd4       0xb8 ./Middlewares/Third_Party/FreeRTOS/Source/tasks.o
                0x0000000008007fd4                xTaskCreateStatic
 .text.xTaskCreate
                0x000000000800808c       0x8a ./Middlewares/Third_Party/FreeRTOS/Source/tasks.o
                0x000000000800808c                xTaskCreate
 .text.prvInitialiseNewTask
                0x0000000008008116      0x10e ./Middlewares/Third_Party/FreeRTOS/Source/tasks.o
 .text.prvAddNewTaskToReadyList
                0x0000000008008224       0xe0 ./Middlewares/Third_Party/FreeRTOS/Source/tasks.o
 .text.vTaskDelay
                0x0000000008008304       0x68 ./Middlewares/Third_Party/FreeRTOS/Source/tasks.o
                0x0000000008008304                vTaskDelay
 .text.vTaskStartScheduler
                0x000000000800836c       0xcc ./Middlewares/Third_Party/FreeRTOS/Source/tasks.o
                0x000000000800836c                vTaskStartScheduler
 .text.vTaskSuspendAll
                0x0000000008008438       0x1c ./Middlewares/Third_Party/FreeRTOS/Source/tasks.o
                0x0000000008008438                vTaskSuspendAll
 .text.xTaskResumeAll
                0x0000000008008454      0x13c ./Middlewares/Third_Party/FreeRTOS/Source/tasks.o
                0x0000000008008454                xTaskResumeAll
 .text.xTaskGetTickCount
                0x0000000008008590       0x20 ./Middlewares/Third_Party/FreeRTOS/Source/tasks.o
                0x0000000008008590                xTaskGetTickCount
 .text.xTaskIncrementTick
                0x00000000080085b0      0x17c ./Middlewares/Third_Party/FreeRTOS/Source/tasks.o
                0x00000000080085b0                xTaskIncrementTick
 .text.vTaskSwitchContext
                0x000000000800872c       0xbc ./Middlewares/Third_Party/FreeRTOS/Source/tasks.o
                0x000000000800872c                vTaskSwitchContext
 .text.vTaskPlaceOnEventList
                0x00000000080087e8       0x48 ./Middlewares/Third_Party/FreeRTOS/Source/tasks.o
                0x00000000080087e8                vTaskPlaceOnEventList
 .text.vTaskPlaceOnEventListRestricted
                0x0000000008008830       0x58 ./Middlewares/Third_Party/FreeRTOS/Source/tasks.o
                0x0000000008008830                vTaskPlaceOnEventListRestricted
 .text.xTaskRemoveFromEventList
                0x0000000008008888       0xc8 ./Middlewares/Third_Party/FreeRTOS/Source/tasks.o
                0x0000000008008888                xTaskRemoveFromEventList
 .text.vTaskInternalSetTimeOutState
                0x0000000008008950       0x2c ./Middlewares/Third_Party/FreeRTOS/Source/tasks.o
                0x0000000008008950                vTaskInternalSetTimeOutState
 .text.xTaskCheckForTimeOut
                0x000000000800897c       0xc4 ./Middlewares/Third_Party/FreeRTOS/Source/tasks.o
                0x000000000800897c                xTaskCheckForTimeOut
 .text.vTaskMissedYield
                0x0000000008008a40       0x18 ./Middlewares/Third_Party/FreeRTOS/Source/tasks.o
                0x0000000008008a40                vTaskMissedYield
 .text.prvIdleTask
                0x0000000008008a58       0x30 ./Middlewares/Third_Party/FreeRTOS/Source/tasks.o
 .text.prvInitialiseTaskLists
                0x0000000008008a88       0x80 ./Middlewares/Third_Party/FreeRTOS/Source/tasks.o
 .text.prvCheckTasksWaitingTermination
                0x0000000008008b08       0x5c ./Middlewares/Third_Party/FreeRTOS/Source/tasks.o
 .text.prvDeleteTCB
                0x0000000008008b64       0x5e ./Middlewares/Third_Party/FreeRTOS/Source/tasks.o
 *fill*         0x0000000008008bc2        0x2 
 .text.prvResetNextTaskUnblockTime
                0x0000000008008bc4       0x4c ./Middlewares/Third_Party/FreeRTOS/Source/tasks.o
 .text.xTaskGetSchedulerState
                0x0000000008008c10       0x3c ./Middlewares/Third_Party/FreeRTOS/Source/tasks.o
                0x0000000008008c10                xTaskGetSchedulerState
 .text.xTaskPriorityDisinherit
                0x0000000008008c4c       0xdc ./Middlewares/Third_Party/FreeRTOS/Source/tasks.o
                0x0000000008008c4c                xTaskPriorityDisinherit
 .text.prvAddCurrentTaskToDelayedList
                0x0000000008008d28       0xa8 ./Middlewares/Third_Party/FreeRTOS/Source/tasks.o
 .text.xTimerCreateTimerTask
                0x0000000008008dd0       0x90 ./Middlewares/Third_Party/FreeRTOS/Source/timers.o
                0x0000000008008dd0                xTimerCreateTimerTask
 .text.xTimerGenericCommand
                0x0000000008008e60       0x9c ./Middlewares/Third_Party/FreeRTOS/Source/timers.o
                0x0000000008008e60                xTimerGenericCommand
 .text.prvProcessExpiredTimer
                0x0000000008008efc       0x80 ./Middlewares/Third_Party/FreeRTOS/Source/timers.o
 .text.prvTimerTask
                0x0000000008008f7c       0x24 ./Middlewares/Third_Party/FreeRTOS/Source/timers.o
 .text.prvProcessTimerOrBlockTask
                0x0000000008008fa0       0x9c ./Middlewares/Third_Party/FreeRTOS/Source/timers.o
 .text.prvGetNextExpireTime
                0x000000000800903c       0x48 ./Middlewares/Third_Party/FreeRTOS/Source/timers.o
 .text.prvSampleTimeNow
                0x0000000008009084       0x40 ./Middlewares/Third_Party/FreeRTOS/Source/timers.o
 .text.prvInsertTimerInActiveList
                0x00000000080090c4       0x84 ./Middlewares/Third_Party/FreeRTOS/Source/timers.o
 .text.prvProcessReceivedCommands
                0x0000000008009148      0x168 ./Middlewares/Third_Party/FreeRTOS/Source/timers.o
 .text.prvSwitchTimerLists
                0x00000000080092b0       0xc4 ./Middlewares/Third_Party/FreeRTOS/Source/timers.o
 .text.prvCheckForValidListAndQueue
                0x0000000008009374       0x80 ./Middlewares/Third_Party/FreeRTOS/Source/timers.o
 .text.pxPortInitialiseStack
                0x00000000080093f4       0x68 ./Middlewares/Third_Party/FreeRTOS/Source/portable/GCC/ARM_CM4F/port.o
                0x00000000080093f4                pxPortInitialiseStack
 .text.prvTaskExitError
                0x000000000800945c       0x58 ./Middlewares/Third_Party/FreeRTOS/Source/portable/GCC/ARM_CM4F/port.o
 *fill*         0x00000000080094b4        0xc 
 .text.SVC_Handler
                0x00000000080094c0       0x28 ./Middlewares/Third_Party/FreeRTOS/Source/portable/GCC/ARM_CM4F/port.o
                0x00000000080094c0                SVC_Handler
 .text.prvPortStartFirstTask
                0x00000000080094e8       0x28 ./Middlewares/Third_Party/FreeRTOS/Source/portable/GCC/ARM_CM4F/port.o
 .text.xPortStartScheduler
                0x0000000008009510      0x144 ./Middlewares/Third_Party/FreeRTOS/Source/portable/GCC/ARM_CM4F/port.o
                0x0000000008009510                xPortStartScheduler
 .text.vPortEnterCritical
                0x0000000008009654       0x60 ./Middlewares/Third_Party/FreeRTOS/Source/portable/GCC/ARM_CM4F/port.o
                0x0000000008009654                vPortEnterCritical
 .text.vPortExitCritical
                0x00000000080096b4       0x54 ./Middlewares/Third_Party/FreeRTOS/Source/portable/GCC/ARM_CM4F/port.o
                0x00000000080096b4                vPortExitCritical
 *fill*         0x0000000008009708        0x8 
 .text.PendSV_Handler
                0x0000000008009710       0x68 ./Middlewares/Third_Party/FreeRTOS/Source/portable/GCC/ARM_CM4F/port.o
                0x0000000008009710                PendSV_Handler
 .text.SysTick_Handler
                0x0000000008009778       0x44 ./Middlewares/Third_Party/FreeRTOS/Source/portable/GCC/ARM_CM4F/port.o
                0x0000000008009778                SysTick_Handler
 .text.vPortSetupTimerInterrupt
                0x00000000080097bc       0x48 ./Middlewares/Third_Party/FreeRTOS/Source/portable/GCC/ARM_CM4F/port.o
                0x00000000080097bc                vPortSetupTimerInterrupt
 .text.vPortEnableVFP
                0x0000000008009804       0x14 ./Middlewares/Third_Party/FreeRTOS/Source/portable/GCC/ARM_CM4F/port.o
 .text.vPortValidateInterruptPriority
                0x0000000008009818       0x80 ./Middlewares/Third_Party/FreeRTOS/Source/portable/GCC/ARM_CM4F/port.o
                0x0000000008009818                vPortValidateInterruptPriority
 .text.pvPortMalloc
                0x0000000008009898      0x188 ./Middlewares/Third_Party/FreeRTOS/Source/portable/MemMang/heap_4.o
                0x0000000008009898                pvPortMalloc
 .text.vPortFree
                0x0000000008009a20       0xb4 ./Middlewares/Third_Party/FreeRTOS/Source/portable/MemMang/heap_4.o
                0x0000000008009a20                vPortFree
 .text.prvHeapInit
                0x0000000008009ad4       0xc4 ./Middlewares/Third_Party/FreeRTOS/Source/portable/MemMang/heap_4.o
 .text.prvInsertBlockIntoFreeList
                0x0000000008009b98       0xb4 ./Middlewares/Third_Party/FreeRTOS/Source/portable/MemMang/heap_4.o
 .text.__cxa_pure_virtual
                0x0000000008009c4c        0x6 /opt/st/stm32cubeide_1.9.0/plugins/com.st.stm32cube.ide.mcu.externaltools.gnu-tools-for-stm32.10.3-2021.10.linux64_1.0.0.202111181127/tools/bin/../lib/gcc/arm-none-eabi/10.3.1/../../../../arm-none-eabi/lib/thumb/v7e-m+fp/hard/libstdc++_nano.a(pure.o)
                0x0000000008009c4c                __cxa_pure_virtual
 .text._ZN10__cxxabiv111__terminateEPFvvE
                0x0000000008009c52        0x8 /opt/st/stm32cubeide_1.9.0/plugins/com.st.stm32cube.ide.mcu.externaltools.gnu-tools-for-stm32.10.3-2021.10.linux64_1.0.0.202111181127/tools/bin/../lib/gcc/arm-none-eabi/10.3.1/../../../../arm-none-eabi/lib/thumb/v7e-m+fp/hard/libstdc++_nano.a(eh_terminate.o)
                0x0000000008009c52                __cxxabiv1::__terminate(void (*)())
 *fill*         0x0000000008009c5a        0x2 
 .text._ZSt13get_terminatev
                0x0000000008009c5c       0x10 /opt/st/stm32cubeide_1.9.0/plugins/com.st.stm32cube.ide.mcu.externaltools.gnu-tools-for-stm32.10.3-2021.10.linux64_1.0.0.202111181127/tools/bin/../lib/gcc/arm-none-eabi/10.3.1/../../../../arm-none-eabi/lib/thumb/v7e-m+fp/hard/libstdc++_nano.a(eh_terminate.o)
                0x0000000008009c5c                std::get_terminate()
 .text._ZSt9terminatev
                0x0000000008009c6c        0xa /opt/st/stm32cubeide_1.9.0/plugins/com.st.stm32cube.ide.mcu.externaltools.gnu-tools-for-stm32.10.3-2021.10.linux64_1.0.0.202111181127/tools/bin/../lib/gcc/arm-none-eabi/10.3.1/../../../../arm-none-eabi/lib/thumb/v7e-m+fp/hard/libstdc++_nano.a(eh_terminate.o)
                0x0000000008009c6c                std::terminate()
 .text.abort    0x0000000008009c76        0xe /opt/st/stm32cubeide_1.9.0/plugins/com.st.stm32cube.ide.mcu.externaltools.gnu-tools-for-stm32.10.3-2021.10.linux64_1.0.0.202111181127/tools/bin/../lib/gcc/arm-none-eabi/10.3.1/../../../../arm-none-eabi/lib/thumb/v7e-m+fp/hard/libc_nano.a(lib_a-abort.o)
                0x0000000008009c76                abort
 .text.__errno  0x0000000008009c84        0xc /opt/st/stm32cubeide_1.9.0/plugins/com.st.stm32cube.ide.mcu.externaltools.gnu-tools-for-stm32.10.3-2021.10.linux64_1.0.0.202111181127/tools/bin/../lib/gcc/arm-none-eabi/10.3.1/../../../../arm-none-eabi/lib/thumb/v7e-m+fp/hard/libc_nano.a(lib_a-errno.o)
                0x0000000008009c84                __errno
 .text.__libc_init_array
                0x0000000008009c90       0x48 /opt/st/stm32cubeide_1.9.0/plugins/com.st.stm32cube.ide.mcu.externaltools.gnu-tools-for-stm32.10.3-2021.10.linux64_1.0.0.202111181127/tools/bin/../lib/gcc/arm-none-eabi/10.3.1/../../../../arm-none-eabi/lib/thumb/v7e-m+fp/hard/libc_nano.a(lib_a-init.o)
                0x0000000008009c90                __libc_init_array
 .text.memcpy   0x0000000008009cd8       0x1c /opt/st/stm32cubeide_1.9.0/plugins/com.st.stm32cube.ide.mcu.externaltools.gnu-tools-for-stm32.10.3-2021.10.linux64_1.0.0.202111181127/tools/bin/../lib/gcc/arm-none-eabi/10.3.1/../../../../arm-none-eabi/lib/thumb/v7e-m+fp/hard/libc_nano.a(lib_a-memcpy-stub.o)
                0x0000000008009cd8                memcpy
 .text.memset   0x0000000008009cf4       0x10 /opt/st/stm32cubeide_1.9.0/plugins/com.st.stm32cube.ide.mcu.externaltools.gnu-tools-for-stm32.10.3-2021.10.linux64_1.0.0.202111181127/tools/bin/../lib/gcc/arm-none-eabi/10.3.1/../../../../arm-none-eabi/lib/thumb/v7e-m+fp/hard/libc_nano.a(lib_a-memset.o)
                0x0000000008009cf4                memset
 .text.realloc  0x0000000008009d04       0x10 /opt/st/stm32cubeide_1.9.0/plugins/com.st.stm32cube.ide.mcu.externaltools.gnu-tools-for-stm32.10.3-2021.10.linux64_1.0.0.202111181127/tools/bin/../lib/gcc/arm-none-eabi/10.3.1/../../../../arm-none-eabi/lib/thumb/v7e-m+fp/hard/libc_nano.a(lib_a-realloc.o)
                0x0000000008009d04                realloc
 .text._raise_r
                0x0000000008009d14       0x50 /opt/st/stm32cubeide_1.9.0/plugins/com.st.stm32cube.ide.mcu.externaltools.gnu-tools-for-stm32.10.3-2021.10.linux64_1.0.0.202111181127/tools/bin/../lib/gcc/arm-none-eabi/10.3.1/../../../../arm-none-eabi/lib/thumb/v7e-m+fp/hard/libc_nano.a(lib_a-signal.o)
                0x0000000008009d14                _raise_r
 .text.raise    0x0000000008009d64       0x10 /opt/st/stm32cubeide_1.9.0/plugins/com.st.stm32cube.ide.mcu.externaltools.gnu-tools-for-stm32.10.3-2021.10.linux64_1.0.0.202111181127/tools/bin/../lib/gcc/arm-none-eabi/10.3.1/../../../../arm-none-eabi/lib/thumb/v7e-m+fp/hard/libc_nano.a(lib_a-signal.o)
                0x0000000008009d64                raise
 .text._kill_r  0x0000000008009d74       0x24 /opt/st/stm32cubeide_1.9.0/plugins/com.st.stm32cube.ide.mcu.externaltools.gnu-tools-for-stm32.10.3-2021.10.linux64_1.0.0.202111181127/tools/bin/../lib/gcc/arm-none-eabi/10.3.1/../../../../arm-none-eabi/lib/thumb/v7e-m+fp/hard/libc_nano.a(lib_a-signalr.o)
                0x0000000008009d74                _kill_r
 .text._getpid_r
                0x0000000008009d98        0x4 /opt/st/stm32cubeide_1.9.0/plugins/com.st.stm32cube.ide.mcu.externaltools.gnu-tools-for-stm32.10.3-2021.10.linux64_1.0.0.202111181127/tools/bin/../lib/gcc/arm-none-eabi/10.3.1/../../../../arm-none-eabi/lib/thumb/v7e-m+fp/hard/libc_nano.a(lib_a-signalr.o)
                0x0000000008009d98                _getpid_r
 .text.sbrk_aligned
                0x0000000008009d9c       0x40 /opt/st/stm32cubeide_1.9.0/plugins/com.st.stm32cube.ide.mcu.externaltools.gnu-tools-for-stm32.10.3-2021.10.linux64_1.0.0.202111181127/tools/bin/../lib/gcc/arm-none-eabi/10.3.1/../../../../arm-none-eabi/lib/thumb/v7e-m+fp/hard/libc_nano.a(lib_a-nano-mallocr.o)
 .text._malloc_r
                0x0000000008009ddc       0xe8 /opt/st/stm32cubeide_1.9.0/plugins/com.st.stm32cube.ide.mcu.externaltools.gnu-tools-for-stm32.10.3-2021.10.linux64_1.0.0.202111181127/tools/bin/../lib/gcc/arm-none-eabi/10.3.1/../../../../arm-none-eabi/lib/thumb/v7e-m+fp/hard/libc_nano.a(lib_a-nano-mallocr.o)
                0x0000000008009ddc                _malloc_r
 .text._realloc_r
                0x0000000008009ec4       0x5e /opt/st/stm32cubeide_1.9.0/plugins/com.st.stm32cube.ide.mcu.externaltools.gnu-tools-for-stm32.10.3-2021.10.linux64_1.0.0.202111181127/tools/bin/../lib/gcc/arm-none-eabi/10.3.1/../../../../arm-none-eabi/lib/thumb/v7e-m+fp/hard/libc_nano.a(lib_a-nano-reallocr.o)
                0x0000000008009ec4                _realloc_r
 *fill*         0x0000000008009f22        0x2 
 .text._sbrk_r  0x0000000008009f24       0x20 /opt/st/stm32cubeide_1.9.0/plugins/com.st.stm32cube.ide.mcu.externaltools.gnu-tools-for-stm32.10.3-2021.10.linux64_1.0.0.202111181127/tools/bin/../lib/gcc/arm-none-eabi/10.3.1/../../../../arm-none-eabi/lib/thumb/v7e-m+fp/hard/libc_nano.a(lib_a-sbrkr.o)
                0x0000000008009f24                _sbrk_r
 .text.__malloc_lock
                0x0000000008009f44        0xc /opt/st/stm32cubeide_1.9.0/plugins/com.st.stm32cube.ide.mcu.externaltools.gnu-tools-for-stm32.10.3-2021.10.linux64_1.0.0.202111181127/tools/bin/../lib/gcc/arm-none-eabi/10.3.1/../../../../arm-none-eabi/lib/thumb/v7e-m+fp/hard/libc_nano.a(lib_a-mlock.o)
                0x0000000008009f44                __malloc_lock
 .text.__malloc_unlock
                0x0000000008009f50        0xc /opt/st/stm32cubeide_1.9.0/plugins/com.st.stm32cube.ide.mcu.externaltools.gnu-tools-for-stm32.10.3-2021.10.linux64_1.0.0.202111181127/tools/bin/../lib/gcc/arm-none-eabi/10.3.1/../../../../arm-none-eabi/lib/thumb/v7e-m+fp/hard/libc_nano.a(lib_a-mlock.o)
                0x0000000008009f50                __malloc_unlock
 .text._free_r  0x0000000008009f5c       0x98 /opt/st/stm32cubeide_1.9.0/plugins/com.st.stm32cube.ide.mcu.externaltools.gnu-tools-for-stm32.10.3-2021.10.linux64_1.0.0.202111181127/tools/bin/../lib/gcc/arm-none-eabi/10.3.1/../../../../arm-none-eabi/lib/thumb/v7e-m+fp/hard/libc_nano.a(lib_a-nano-freer.o)
                0x0000000008009f5c                _free_r
 .text._malloc_usable_size_r
                0x0000000008009ff4       0x10 /opt/st/stm32cubeide_1.9.0/plugins/com.st.stm32cube.ide.mcu.externaltools.gnu-tools-for-stm32.10.3-2021.10.linux64_1.0.0.202111181127/tools/bin/../lib/gcc/arm-none-eabi/10.3.1/../../../../arm-none-eabi/lib/thumb/v7e-m+fp/hard/libc_nano.a(lib_a-nano-msizer.o)
                0x0000000008009ff4                _malloc_usable_size_r
 .text.__retarget_lock_acquire_recursive
                0x000000000800a004        0x2 /opt/st/stm32cubeide_1.9.0/plugins/com.st.stm32cube.ide.mcu.externaltools.gnu-tools-for-stm32.10.3-2021.10.linux64_1.0.0.202111181127/tools/bin/../lib/gcc/arm-none-eabi/10.3.1/../../../../arm-none-eabi/lib/thumb/v7e-m+fp/hard/libc_nano.a(lib_a-lock.o)
                0x000000000800a004                __retarget_lock_acquire_recursive
 .text.__retarget_lock_release_recursive
                0x000000000800a006        0x2 /opt/st/stm32cubeide_1.9.0/plugins/com.st.stm32cube.ide.mcu.externaltools.gnu-tools-for-stm32.10.3-2021.10.linux64_1.0.0.202111181127/tools/bin/../lib/gcc/arm-none-eabi/10.3.1/../../../../arm-none-eabi/lib/thumb/v7e-m+fp/hard/libc_nano.a(lib_a-lock.o)
                0x000000000800a006                __retarget_lock_release_recursive
 *(.glue_7)
 .glue_7        0x000000000800a008        0x0 linker stubs
 *(.glue_7t)
 .glue_7t       0x000000000800a008        0x0 linker stubs
 *(.eh_frame)
 .eh_frame      0x000000000800a008        0x0 /opt/st/stm32cubeide_1.9.0/plugins/com.st.stm32cube.ide.mcu.externaltools.gnu-tools-for-stm32.10.3-2021.10.linux64_1.0.0.202111181127/tools/bin/../lib/gcc/arm-none-eabi/10.3.1/thumb/v7e-m+fp/hard/crtbegin.o
 *(.init)
 .init          0x000000000800a008        0x4 /opt/st/stm32cubeide_1.9.0/plugins/com.st.stm32cube.ide.mcu.externaltools.gnu-tools-for-stm32.10.3-2021.10.linux64_1.0.0.202111181127/tools/bin/../lib/gcc/arm-none-eabi/10.3.1/thumb/v7e-m+fp/hard/crti.o
                0x000000000800a008                _init
 .init          0x000000000800a00c        0x8 /opt/st/stm32cubeide_1.9.0/plugins/com.st.stm32cube.ide.mcu.externaltools.gnu-tools-for-stm32.10.3-2021.10.linux64_1.0.0.202111181127/tools/bin/../lib/gcc/arm-none-eabi/10.3.1/thumb/v7e-m+fp/hard/crtn.o
 *(.fini)
 .fini          0x000000000800a014        0x4 /opt/st/stm32cubeide_1.9.0/plugins/com.st.stm32cube.ide.mcu.externaltools.gnu-tools-for-stm32.10.3-2021.10.linux64_1.0.0.202111181127/tools/bin/../lib/gcc/arm-none-eabi/10.3.1/thumb/v7e-m+fp/hard/crti.o
                0x000000000800a014                _fini
 .fini          0x000000000800a018        0x8 /opt/st/stm32cubeide_1.9.0/plugins/com.st.stm32cube.ide.mcu.externaltools.gnu-tools-for-stm32.10.3-2021.10.linux64_1.0.0.202111181127/tools/bin/../lib/gcc/arm-none-eabi/10.3.1/thumb/v7e-m+fp/hard/crtn.o
                0x000000000800a020                . = ALIGN (0x4)
                0x000000000800a020                _etext = .

.vfp11_veneer   0x000000000800a020        0x0
 .vfp11_veneer  0x000000000800a020        0x0 linker stubs

.v4_bx          0x000000000800a020        0x0
 .v4_bx         0x000000000800a020        0x0 linker stubs

.iplt           0x000000000800a020        0x0
 .iplt          0x000000000800a020        0x0 /opt/st/stm32cubeide_1.9.0/plugins/com.st.stm32cube.ide.mcu.externaltools.gnu-tools-for-stm32.10.3-2021.10.linux64_1.0.0.202111181127/tools/bin/../lib/gcc/arm-none-eabi/10.3.1/thumb/v7e-m+fp/hard/crtbegin.o

.rodata         0x000000000800a020      0x344
                0x000000000800a020                . = ALIGN (0x4)
 *(.rodata)
 .rodata        0x000000000800a020       0x26 ./Core/Src/main.o
 *fill*         0x000000000800a046        0x2 
 .rodata        0x000000000800a048      0x15c ./Core/Src/mainpp.o
 .rodata        0x000000000800a1a4        0x5 ./Middlewares/Third_Party/FreeRTOS/Source/tasks.o
 *fill*         0x000000000800a1a9        0x3 
 .rodata        0x000000000800a1ac        0xd ./Middlewares/Third_Party/FreeRTOS/Source/timers.o
 *(.rodata*)
 *fill*         0x000000000800a1b9        0x3 
 .rodata.ros_Task_attributes
                0x000000000800a1bc       0x24 ./Core/Src/main.o
                0x000000000800a1bc                ros_Task_attributes
 .rodata.encoder_Task_attributes
                0x000000000800a1e0       0x24 ./Core/Src/main.o
                0x000000000800a1e0                encoder_Task_attributes
 .rodata.bldc_Task_attributes
                0x000000000800a204       0x24 ./Core/Src/main.o
                0x000000000800a204                bldc_Task_attributes
 .rodata._ZN14rosserial_msgsL12REQUESTPARAME
                0x000000000800a228       0x1c ./Core/Src/mainpp.o
 .rodata._ZTVN3ros10SubscriberIN8std_msgs7Float32EvEE
                0x000000000800a244       0x18 ./Core/Src/mainpp.o
                0x000000000800a244                vtable for ros::Subscriber<std_msgs::Float32, void>
 .rodata._ZTVN3ros11NodeHandle_I13STM32HardwareLi25ELi25ELi512ELi512EEE
                0x000000000800a25c       0x14 ./Core/Src/mainpp.o
                0x000000000800a25c                vtable for ros::NodeHandle_<STM32Hardware, 25, 25, 512, 512>
 .rodata._ZTVN8std_msgs7Float32E
                0x000000000800a270       0x18 ./Core/Src/mainpp.o
                0x000000000800a270                vtable for std_msgs::Float32
 .rodata._ZTVN3ros11Subscriber_E
                0x000000000800a288       0x18 ./Core/Src/mainpp.o
                0x000000000800a288                vtable for ros::Subscriber_
 .rodata._ZTVN3ros15NodeHandleBase_E
                0x000000000800a2a0       0x14 ./Core/Src/mainpp.o
                0x000000000800a2a0                vtable for ros::NodeHandleBase_
 .rodata._ZTVN14rosserial_msgs20RequestParamResponseE
                0x000000000800a2b4       0x18 ./Core/Src/mainpp.o
                0x000000000800a2b4                vtable for rosserial_msgs::RequestParamResponse
 .rodata._ZTVN14rosserial_msgs3LogE
                0x000000000800a2cc       0x18 ./Core/Src/mainpp.o
                0x000000000800a2cc                vtable for rosserial_msgs::Log
 .rodata._ZTVN14rosserial_msgs9TopicInfoE
                0x000000000800a2e4       0x18 ./Core/Src/mainpp.o
                0x000000000800a2e4                vtable for rosserial_msgs::TopicInfo
 .rodata._ZTVN8std_msgs4TimeE
                0x000000000800a2fc       0x18 ./Core/Src/mainpp.o
                0x000000000800a2fc                vtable for std_msgs::Time
 .rodata._ZTVN3ros3MsgE
                0x000000000800a314       0x18 ./Core/Src/mainpp.o
                0x000000000800a314                vtable for ros::Msg
 .rodata.AHBPrescTable
                0x000000000800a32c       0x10 ./Core/Src/system_stm32f3xx.o
                0x000000000800a32c                AHBPrescTable
 .rodata.APBPrescTable
                0x000000000800a33c        0x8 ./Core/Src/system_stm32f3xx.o
                0x000000000800a33c                APBPrescTable
 .rodata.aPLLMULFactorTable
                0x000000000800a344       0x10 ./Drivers/STM32F3xx_HAL_Driver/Src/stm32f3xx_hal_rcc.o
                0x000000000800a344                aPLLMULFactorTable
 .rodata.aPredivFactorTable
                0x000000000800a354       0x10 ./Drivers/STM32F3xx_HAL_Driver/Src/stm32f3xx_hal_rcc.o
                0x000000000800a354                aPredivFactorTable
                0x000000000800a364                . = ALIGN (0x4)

.rel.dyn        0x000000000800a364        0x0
 .rel.iplt      0x000000000800a364        0x0 /opt/st/stm32cubeide_1.9.0/plugins/com.st.stm32cube.ide.mcu.externaltools.gnu-tools-for-stm32.10.3-2021.10.linux64_1.0.0.202111181127/tools/bin/../lib/gcc/arm-none-eabi/10.3.1/thumb/v7e-m+fp/hard/crtbegin.o

.ARM.extab      0x000000000800a364        0x0
                0x000000000800a364                . = ALIGN (0x4)
 *(.ARM.extab* .gnu.linkonce.armextab.*)
                0x000000000800a364                . = ALIGN (0x4)

.ARM            0x000000000800a364        0x0
                0x000000000800a364                . = ALIGN (0x4)
                0x000000000800a364                __exidx_start = .
 *(.ARM.exidx*)
                0x000000000800a364                __exidx_end = .
                0x000000000800a364                . = ALIGN (0x4)

.preinit_array  0x000000000800a364        0x0
                0x000000000800a364                . = ALIGN (0x4)
                0x000000000800a364                PROVIDE (__preinit_array_start = .)
 *(.preinit_array*)
                0x000000000800a364                PROVIDE (__preinit_array_end = .)
                0x000000000800a364                . = ALIGN (0x4)

.init_array     0x000000000800a364        0x8
                0x000000000800a364                . = ALIGN (0x4)
                0x000000000800a364                PROVIDE (__init_array_start = .)
 *(SORT_BY_NAME(.init_array.*))
 *(.init_array*)
 .init_array    0x000000000800a364        0x4 /opt/st/stm32cubeide_1.9.0/plugins/com.st.stm32cube.ide.mcu.externaltools.gnu-tools-for-stm32.10.3-2021.10.linux64_1.0.0.202111181127/tools/bin/../lib/gcc/arm-none-eabi/10.3.1/thumb/v7e-m+fp/hard/crtbegin.o
 .init_array    0x000000000800a368        0x4 ./Core/Src/mainpp.o
                0x000000000800a36c                PROVIDE (__init_array_end = .)
                0x000000000800a36c                . = ALIGN (0x4)

.fini_array     0x000000000800a36c        0x4
                0x000000000800a36c                . = ALIGN (0x4)
                [!provide]                        PROVIDE (__fini_array_start = .)
 *(SORT_BY_NAME(.fini_array.*))
 *(.fini_array*)
 .fini_array    0x000000000800a36c        0x4 /opt/st/stm32cubeide_1.9.0/plugins/com.st.stm32cube.ide.mcu.externaltools.gnu-tools-for-stm32.10.3-2021.10.linux64_1.0.0.202111181127/tools/bin/../lib/gcc/arm-none-eabi/10.3.1/thumb/v7e-m+fp/hard/crtbegin.o
                [!provide]                        PROVIDE (__fini_array_end = .)
                0x000000000800a370                . = ALIGN (0x4)
                0x000000000800a370                _sidata = LOADADDR (.data)

.data           0x0000000020000000       0x78 load address 0x000000000800a370
                0x0000000020000000                . = ALIGN (0x4)
                0x0000000020000000                _sdata = .
 *(.data)
 *(.data*)
 .data.SystemCoreClock
                0x0000000020000000        0x4 ./Core/Src/system_stm32f3xx.o
                0x0000000020000000                SystemCoreClock
 .data.uwTickPrio
                0x0000000020000004        0x4 ./Drivers/STM32F3xx_HAL_Driver/Src/stm32f3xx_hal.o
                0x0000000020000004                uwTickPrio
 .data.uwTickFreq
                0x0000000020000008        0x1 ./Drivers/STM32F3xx_HAL_Driver/Src/stm32f3xx_hal.o
                0x0000000020000008                uwTickFreq
 *fill*         0x0000000020000009        0x3 
 .data.uxCriticalNesting
                0x000000002000000c        0x4 ./Middlewares/Third_Party/FreeRTOS/Source/portable/GCC/ARM_CM4F/port.o
 .data._ZN10__cxxabiv119__terminate_handlerE
                0x0000000020000010        0x4 /opt/st/stm32cubeide_1.9.0/plugins/com.st.stm32cube.ide.mcu.externaltools.gnu-tools-for-stm32.10.3-2021.10.linux64_1.0.0.202111181127/tools/bin/../lib/gcc/arm-none-eabi/10.3.1/../../../../arm-none-eabi/lib/thumb/v7e-m+fp/hard/libstdc++_nano.a(eh_term_handler.o)
                0x0000000020000010                __cxxabiv1::__terminate_handler
 .data._impure_ptr
                0x0000000020000014        0x4 /opt/st/stm32cubeide_1.9.0/plugins/com.st.stm32cube.ide.mcu.externaltools.gnu-tools-for-stm32.10.3-2021.10.linux64_1.0.0.202111181127/tools/bin/../lib/gcc/arm-none-eabi/10.3.1/../../../../arm-none-eabi/lib/thumb/v7e-m+fp/hard/libc_nano.a(lib_a-impure.o)
                0x0000000020000014                _impure_ptr
 .data.impure_data
                0x0000000020000018       0x60 /opt/st/stm32cubeide_1.9.0/plugins/com.st.stm32cube.ide.mcu.externaltools.gnu-tools-for-stm32.10.3-2021.10.linux64_1.0.0.202111181127/tools/bin/../lib/gcc/arm-none-eabi/10.3.1/../../../../arm-none-eabi/lib/thumb/v7e-m+fp/hard/libc_nano.a(lib_a-impure.o)
 *(.RamFunc)
 *(.RamFunc*)
                0x0000000020000078                . = ALIGN (0x4)
                0x0000000020000078                _edata = .
                0x000000000800a3e8                _siccmram = LOADADDR (.ccmram)

.igot.plt       0x0000000020000078        0x0 load address 0x000000000800a3e8
 .igot.plt      0x0000000020000078        0x0 /opt/st/stm32cubeide_1.9.0/plugins/com.st.stm32cube.ide.mcu.externaltools.gnu-tools-for-stm32.10.3-2021.10.linux64_1.0.0.202111181127/tools/bin/../lib/gcc/arm-none-eabi/10.3.1/thumb/v7e-m+fp/hard/crtbegin.o

.ccmram         0x0000000010000000        0x0 load address 0x000000000800a3e8
                0x0000000010000000                . = ALIGN (0x4)
                0x0000000010000000                _sccmram = .
 *(.ccmram)
 *(.ccmram*)
                0x0000000010000000                . = ALIGN (0x4)
                0x0000000010000000                _eccmram = .
                0x0000000010000000                . = ALIGN (0x4)

.bss            0x0000000020000078     0x24b8
                0x0000000020000078                _sbss = .
                0x0000000020000078                __bss_start__ = _sbss
 *(.bss)
 .bss           0x0000000020000078       0x1c /opt/st/stm32cubeide_1.9.0/plugins/com.st.stm32cube.ide.mcu.externaltools.gnu-tools-for-stm32.10.3-2021.10.linux64_1.0.0.202111181127/tools/bin/../lib/gcc/arm-none-eabi/10.3.1/thumb/v7e-m+fp/hard/crtbegin.o
 *(.bss*)
 .bss.htim2     0x0000000020000094       0x4c ./Core/Src/main.o
                0x0000000020000094                htim2
 .bss.huart2    0x00000000200000e0       0x84 ./Core/Src/main.o
                0x00000000200000e0                huart2
 .bss.hdma_usart2_tx
                0x0000000020000164       0x44 ./Core/Src/main.o
                0x0000000020000164                hdma_usart2_tx
 .bss.hdma_usart2_rx
                0x00000000200001a8       0x44 ./Core/Src/main.o
                0x00000000200001a8                hdma_usart2_rx
 .bss.ros_TaskHandle
                0x00000000200001ec        0x4 ./Core/Src/main.o
                0x00000000200001ec                ros_TaskHandle
 .bss.encoder_TaskHandle
                0x00000000200001f0        0x4 ./Core/Src/main.o
                0x00000000200001f0                encoder_TaskHandle
 .bss.bldc_TaskHandle
                0x00000000200001f4        0x4 ./Core/Src/main.o
                0x00000000200001f4                bldc_TaskHandle
 .bss.direction
                0x00000000200001f8        0x4 ./Core/Src/main.o
                0x00000000200001f8                direction
 .bss.pwm_signal
                0x00000000200001fc        0x2 ./Core/Src/main.o
                0x00000000200001fc                pwm_signal
 *fill*         0x00000000200001fe        0x2 
 .bss.counter   0x0000000020000200        0x4 ./Core/Src/main.o
                0x0000000020000200                counter
 .bss._ZZN13STM32Hardware5flushEvE5mutex
                0x0000000020000204        0x1 ./Core/Src/mainpp.o
                0x0000000020000204                STM32Hardware::flush()::mutex
 *fill*         0x0000000020000205        0x3 
 .bss.nh        0x0000000020000208      0x93c ./Core/Src/mainpp.o
                0x0000000020000208                nh
 .bss.req_signal
                0x0000000020000b44        0x2 ./Core/Src/mainpp.o
                0x0000000020000b44                req_signal
 *fill*         0x0000000020000b46        0x2 
 .bss.position  0x0000000020000b48        0x4 ./Core/Src/mainpp.o
                0x0000000020000b48                position
 .bss.position_msg
                0x0000000020000b4c        0x8 ./Core/Src/mainpp.o
                0x0000000020000b4c                position_msg
 .bss.position_pub
                0x0000000020000b54       0x14 ./Core/Src/mainpp.o
                0x0000000020000b54                position_pub
 .bss.sub       0x0000000020000b68       0x1c ./Core/Src/mainpp.o
                0x0000000020000b68                sub
 .bss.htim6     0x0000000020000b84       0x4c ./Core/Src/stm32f3xx_hal_timebase_tim.o
                0x0000000020000b84                htim6
 .bss.__sbrk_heap_end
                0x0000000020000bd0        0x4 ./Core/Src/sysmem.o
 .bss.uwTick    0x0000000020000bd4        0x4 ./Drivers/STM32F3xx_HAL_Driver/Src/stm32f3xx_hal.o
                0x0000000020000bd4                uwTick
 .bss.KernelState
                0x0000000020000bd8        0x4 ./Middlewares/Third_Party/FreeRTOS/Source/CMSIS_RTOS_V2/cmsis_os2.o
 .bss.Idle_TCB  0x0000000020000bdc       0x5c ./Middlewares/Third_Party/FreeRTOS/Source/CMSIS_RTOS_V2/cmsis_os2.o
 .bss.Idle_Stack
                0x0000000020000c38      0x200 ./Middlewares/Third_Party/FreeRTOS/Source/CMSIS_RTOS_V2/cmsis_os2.o
 .bss.Timer_TCB
                0x0000000020000e38       0x5c ./Middlewares/Third_Party/FreeRTOS/Source/CMSIS_RTOS_V2/cmsis_os2.o
 .bss.Timer_Stack
                0x0000000020000e94      0x400 ./Middlewares/Third_Party/FreeRTOS/Source/CMSIS_RTOS_V2/cmsis_os2.o
 .bss.xQueueRegistry
                0x0000000020001294       0x40 ./Middlewares/Third_Party/FreeRTOS/Source/queue.o
                0x0000000020001294                xQueueRegistry
 .bss.pxCurrentTCB
                0x00000000200012d4        0x4 ./Middlewares/Third_Party/FreeRTOS/Source/tasks.o
                0x00000000200012d4                pxCurrentTCB
 .bss.pxReadyTasksLists
                0x00000000200012d8      0x460 ./Middlewares/Third_Party/FreeRTOS/Source/tasks.o
 .bss.xDelayedTaskList1
                0x0000000020001738       0x14 ./Middlewares/Third_Party/FreeRTOS/Source/tasks.o
 .bss.xDelayedTaskList2
                0x000000002000174c       0x14 ./Middlewares/Third_Party/FreeRTOS/Source/tasks.o
 .bss.pxDelayedTaskList
                0x0000000020001760        0x4 ./Middlewares/Third_Party/FreeRTOS/Source/tasks.o
 .bss.pxOverflowDelayedTaskList
                0x0000000020001764        0x4 ./Middlewares/Third_Party/FreeRTOS/Source/tasks.o
 .bss.xPendingReadyList
                0x0000000020001768       0x14 ./Middlewares/Third_Party/FreeRTOS/Source/tasks.o
 .bss.xTasksWaitingTermination
                0x000000002000177c       0x14 ./Middlewares/Third_Party/FreeRTOS/Source/tasks.o
 .bss.uxDeletedTasksWaitingCleanUp
                0x0000000020001790        0x4 ./Middlewares/Third_Party/FreeRTOS/Source/tasks.o
 .bss.xSuspendedTaskList
                0x0000000020001794       0x14 ./Middlewares/Third_Party/FreeRTOS/Source/tasks.o
 .bss.uxCurrentNumberOfTasks
                0x00000000200017a8        0x4 ./Middlewares/Third_Party/FreeRTOS/Source/tasks.o
 .bss.xTickCount
                0x00000000200017ac        0x4 ./Middlewares/Third_Party/FreeRTOS/Source/tasks.o
 .bss.uxTopReadyPriority
                0x00000000200017b0        0x4 ./Middlewares/Third_Party/FreeRTOS/Source/tasks.o
 .bss.xSchedulerRunning
                0x00000000200017b4        0x4 ./Middlewares/Third_Party/FreeRTOS/Source/tasks.o
 .bss.uxPendedTicks
                0x00000000200017b8        0x4 ./Middlewares/Third_Party/FreeRTOS/Source/tasks.o
 .bss.xYieldPending
                0x00000000200017bc        0x4 ./Middlewares/Third_Party/FreeRTOS/Source/tasks.o
 .bss.xNumOfOverflows
                0x00000000200017c0        0x4 ./Middlewares/Third_Party/FreeRTOS/Source/tasks.o
 .bss.uxTaskNumber
                0x00000000200017c4        0x4 ./Middlewares/Third_Party/FreeRTOS/Source/tasks.o
 .bss.xNextTaskUnblockTime
                0x00000000200017c8        0x4 ./Middlewares/Third_Party/FreeRTOS/Source/tasks.o
 .bss.xIdleTaskHandle
                0x00000000200017cc        0x4 ./Middlewares/Third_Party/FreeRTOS/Source/tasks.o
 .bss.uxSchedulerSuspended
                0x00000000200017d0        0x4 ./Middlewares/Third_Party/FreeRTOS/Source/tasks.o
 .bss.xActiveTimerList1
                0x00000000200017d4       0x14 ./Middlewares/Third_Party/FreeRTOS/Source/timers.o
 .bss.xActiveTimerList2
                0x00000000200017e8       0x14 ./Middlewares/Third_Party/FreeRTOS/Source/timers.o
 .bss.pxCurrentTimerList
                0x00000000200017fc        0x4 ./Middlewares/Third_Party/FreeRTOS/Source/timers.o
 .bss.pxOverflowTimerList
                0x0000000020001800        0x4 ./Middlewares/Third_Party/FreeRTOS/Source/timers.o
 .bss.xTimerQueue
                0x0000000020001804        0x4 ./Middlewares/Third_Party/FreeRTOS/Source/timers.o
 .bss.xTimerTaskHandle
                0x0000000020001808        0x4 ./Middlewares/Third_Party/FreeRTOS/Source/timers.o
 .bss.xLastTime.2
                0x000000002000180c        0x4 ./Middlewares/Third_Party/FreeRTOS/Source/timers.o
 .bss.ucStaticTimerQueueStorage.1
                0x0000000020001810       0xa0 ./Middlewares/Third_Party/FreeRTOS/Source/timers.o
 .bss.xStaticTimerQueue.0
                0x00000000200018b0       0x50 ./Middlewares/Third_Party/FreeRTOS/Source/timers.o
 .bss.ucMaxSysCallPriority
                0x0000000020001900        0x1 ./Middlewares/Third_Party/FreeRTOS/Source/portable/GCC/ARM_CM4F/port.o
 *fill*         0x0000000020001901        0x3 
 .bss.ulMaxPRIGROUPValue
                0x0000000020001904        0x4 ./Middlewares/Third_Party/FreeRTOS/Source/portable/GCC/ARM_CM4F/port.o
 .bss.ucHeap    0x0000000020001908      0xc00 ./Middlewares/Third_Party/FreeRTOS/Source/portable/MemMang/heap_4.o
 .bss.xStart    0x0000000020002508        0x8 ./Middlewares/Third_Party/FreeRTOS/Source/portable/MemMang/heap_4.o
 .bss.pxEnd     0x0000000020002510        0x4 ./Middlewares/Third_Party/FreeRTOS/Source/portable/MemMang/heap_4.o
 .bss.xFreeBytesRemaining
                0x0000000020002514        0x4 ./Middlewares/Third_Party/FreeRTOS/Source/portable/MemMang/heap_4.o
 .bss.xMinimumEverFreeBytesRemaining
                0x0000000020002518        0x4 ./Middlewares/Third_Party/FreeRTOS/Source/portable/MemMang/heap_4.o
 .bss.xBlockAllocatedBit
                0x000000002000251c        0x4 ./Middlewares/Third_Party/FreeRTOS/Source/portable/MemMang/heap_4.o
 .bss.__malloc_free_list
                0x0000000020002520        0x4 /opt/st/stm32cubeide_1.9.0/plugins/com.st.stm32cube.ide.mcu.externaltools.gnu-tools-for-stm32.10.3-2021.10.linux64_1.0.0.202111181127/tools/bin/../lib/gcc/arm-none-eabi/10.3.1/../../../../arm-none-eabi/lib/thumb/v7e-m+fp/hard/libc_nano.a(lib_a-nano-mallocr.o)
                0x0000000020002520                __malloc_free_list
 .bss.__malloc_sbrk_start
                0x0000000020002524        0x4 /opt/st/stm32cubeide_1.9.0/plugins/com.st.stm32cube.ide.mcu.externaltools.gnu-tools-for-stm32.10.3-2021.10.linux64_1.0.0.202111181127/tools/bin/../lib/gcc/arm-none-eabi/10.3.1/../../../../arm-none-eabi/lib/thumb/v7e-m+fp/hard/libc_nano.a(lib_a-nano-mallocr.o)
                0x0000000020002524                __malloc_sbrk_start
 .bss.errno     0x0000000020002528        0x4 /opt/st/stm32cubeide_1.9.0/plugins/com.st.stm32cube.ide.mcu.externaltools.gnu-tools-for-stm32.10.3-2021.10.linux64_1.0.0.202111181127/tools/bin/../lib/gcc/arm-none-eabi/10.3.1/../../../../arm-none-eabi/lib/thumb/v7e-m+fp/hard/libc_nano.a(lib_a-reent.o)
                0x0000000020002528                errno
 .bss.__lock___malloc_recursive_mutex
                0x000000002000252c        0x1 /opt/st/stm32cubeide_1.9.0/plugins/com.st.stm32cube.ide.mcu.externaltools.gnu-tools-for-stm32.10.3-2021.10.linux64_1.0.0.202111181127/tools/bin/../lib/gcc/arm-none-eabi/10.3.1/../../../../arm-none-eabi/lib/thumb/v7e-m+fp/hard/libc_nano.a(lib_a-lock.o)
                0x000000002000252c                __lock___malloc_recursive_mutex
 *(COMMON)
                0x0000000020002530                . = ALIGN (0x4)
 *fill*         0x000000002000252d        0x3 
                0x0000000020002530                _ebss = .
                0x0000000020002530                __bss_end__ = _ebss

._user_heap_stack
                0x0000000020002530      0x600
                0x0000000020002530                . = ALIGN (0x8)
                [!provide]                        PROVIDE (end = .)
                0x0000000020002530                PROVIDE (_end = .)
                0x0000000020002730                . = (. + _Min_Heap_Size)
 *fill*         0x0000000020002530      0x200 
                0x0000000020002b30                . = (. + _Min_Stack_Size)
 *fill*         0x0000000020002730      0x400 
                0x0000000020002b30                . = ALIGN (0x8)

/DISCARD/
 libc.a(*)
 libm.a(*)
 libgcc.a(*)

.ARM.attributes
                0x0000000000000000       0x30
 *(.ARM.attributes)
 .ARM.attributes
                0x0000000000000000       0x1e /opt/st/stm32cubeide_1.9.0/plugins/com.st.stm32cube.ide.mcu.externaltools.gnu-tools-for-stm32.10.3-2021.10.linux64_1.0.0.202111181127/tools/bin/../lib/gcc/arm-none-eabi/10.3.1/thumb/v7e-m+fp/hard/crti.o