Archive member included to satisfy reference by file (symbol)

/opt/st/stm32cubeide_1.9.0/plugins/com.st.stm32cube.ide.mcu.externaltools.gnu-tools-for-stm32.10.3-2021.10.linux64_1.0.0.202111181127/tools/bin/../lib/gcc/arm-none-eabi/10.3.1/../../../../arm-none-eabi/lib/thumb/v7e-m+fp/hard/libstdc++_nano.a(pure.o)
                              ./Core/Src/mainpp.o (__cxa_pure_virtual)
/opt/st/stm32cubeide_1.9.0/plugins/com.st.stm32cube.ide.mcu.externaltools.gnu-tools-for-stm32.10.3-2021.10.linux64_1.0.0.202111181127/tools/bin/../lib/gcc/arm-none-eabi/10.3.1/../../../../arm-none-eabi/lib/thumb/v7e-m+fp/hard/libstdc++_nano.a(eh_terminate.o)
                              /opt/st/stm32cubeide_1.9.0/plugins/com.st.stm32cube.ide.mcu.externaltools.gnu-tools-for-stm32.10.3-2021.10.linux64_1.0.0.202111181127/tools/bin/../lib/gcc/arm-none-eabi/10.3.1/../../../../arm-none-eabi/lib/thumb/v7e-m+fp/hard/libstdc++_nano.a(pure.o) (std::terminate())
/opt/st/stm32cubeide_1.9.0/plugins/com.st.stm32cube.ide.mcu.externaltools.gnu-tools-for-stm32.10.3-2021.10.linux64_1.0.0.202111181127/tools/bin/../lib/gcc/arm-none-eabi/10.3.1/../../../../arm-none-eabi/lib/thumb/v7e-m+fp/hard/libstdc++_nano.a(eh_unex_handler.o)
                              /opt/st/stm32cubeide_1.9.0/plugins/com.st.stm32cube.ide.mcu.externaltools.gnu-tools-for-stm32.10.3-2021.10.linux64_1.0.0.202111181127/tools/bin/../lib/gcc/arm-none-eabi/10.3.1/../../../../arm-none-eabi/lib/thumb/v7e-m+fp/hard/libstdc++_nano.a(eh_terminate.o) (__cxxabiv1::__unexpected_handler)
/opt/st/stm32cubeide_1.9.0/plugins/com.st.stm32cube.ide.mcu.externaltools.gnu-tools-for-stm32.10.3-2021.10.linux64_1.0.0.202111181127/tools/bin/../lib/gcc/arm-none-eabi/10.3.1/../../../../arm-none-eabi/lib/thumb/v7e-m+fp/hard/libstdc++_nano.a(eh_term_handler.o)
                              /opt/st/stm32cubeide_1.9.0/plugins/com.st.stm32cube.ide.mcu.externaltools.gnu-tools-for-stm32.10.3-2021.10.linux64_1.0.0.202111181127/tools/bin/../lib/gcc/arm-none-eabi/10.3.1/../../../../arm-none-eabi/lib/thumb/v7e-m+fp/hard/libstdc++_nano.a(eh_terminate.o) (__cxxabiv1::__terminate_handler)
/opt/st/stm32cubeide_1.9.0/plugins/com.st.stm32cube.ide.mcu.externaltools.gnu-tools-for-stm32.10.3-2021.10.linux64_1.0.0.202111181127/tools/bin/../lib/gcc/arm-none-eabi/10.3.1/../../../../arm-none-eabi/lib/thumb/v7e-m+fp/hard/libc_nano.a(lib_a-abort.o)
                              /opt/st/stm32cubeide_1.9.0/plugins/com.st.stm32cube.ide.mcu.externaltools.gnu-tools-for-stm32.10.3-2021.10.linux64_1.0.0.202111181127/tools/bin/../lib/gcc/arm-none-eabi/10.3.1/../../../../arm-none-eabi/lib/thumb/v7e-m+fp/hard/libstdc++_nano.a(eh_terminate.o) (abort)
/opt/st/stm32cubeide_1.9.0/plugins/com.st.stm32cube.ide.mcu.externaltools.gnu-tools-for-stm32.10.3-2021.10.linux64_1.0.0.202111181127/tools/bin/../lib/gcc/arm-none-eabi/10.3.1/../../../../arm-none-eabi/lib/thumb/v7e-m+fp/hard/libc_nano.a(lib_a-errno.o)
                              ./Core/Src/syscalls.o (__errno)
/opt/st/stm32cubeide_1.9.0/plugins/com.st.stm32cube.ide.mcu.externaltools.gnu-tools-for-stm32.10.3-2021.10.linux64_1.0.0.202111181127/tools/bin/../lib/gcc/arm-none-eabi/10.3.1/../../../../arm-none-eabi/lib/thumb/v7e-m+fp/hard/libc_nano.a(lib_a-exit.o)
                              /opt/st/stm32cubeide_1.9.0/plugins/com.st.stm32cube.ide.mcu.externaltools.gnu-tools-for-stm32.10.3-2021.10.linux64_1.0.0.202111181127/tools/bin/../lib/gcc/arm-none-eabi/10.3.1/../../../../arm-none-eabi/lib/thumb/v7e-m+fp/hard/crt0.o (exit)
/opt/st/stm32cubeide_1.9.0/plugins/com.st.stm32cube.ide.mcu.externaltools.gnu-tools-for-stm32.10.3-2021.10.linux64_1.0.0.202111181127/tools/bin/../lib/gcc/arm-none-eabi/10.3.1/../../../../arm-none-eabi/lib/thumb/v7e-m+fp/hard/libc_nano.a(lib_a-impure.o)
                              /opt/st/stm32cubeide_1.9.0/plugins/com.st.stm32cube.ide.mcu.externaltools.gnu-tools-for-stm32.10.3-2021.10.linux64_1.0.0.202111181127/tools/bin/../lib/gcc/arm-none-eabi/10.3.1/../../../../arm-none-eabi/lib/thumb/v7e-m+fp/hard/libc_nano.a(lib_a-exit.o) (_global_impure_ptr)
/opt/st/stm32cubeide_1.9.0/plugins/com.st.stm32cube.ide.mcu.externaltools.gnu-tools-for-stm32.10.3-2021.10.linux64_1.0.0.202111181127/tools/bin/../lib/gcc/arm-none-eabi/10.3.1/../../../../arm-none-eabi/lib/thumb/v7e-m+fp/hard/libc_nano.a(lib_a-init.o)
                              /opt/st/stm32cubeide_1.9.0/plugins/com.st.stm32cube.ide.mcu.externaltools.gnu-tools-for-stm32.10.3-2021.10.linux64_1.0.0.202111181127/tools/bin/../lib/gcc/arm-none-eabi/10.3.1/../../../../arm-none-eabi/lib/thumb/v7e-m+fp/hard/crt0.o (__libc_init_array)
/opt/st/stm32cubeide_1.9.0/plugins/com.st.stm32cube.ide.mcu.externaltools.gnu-tools-for-stm32.10.3-2021.10.linux64_1.0.0.202111181127/tools/bin/../lib/gcc/arm-none-eabi/10.3.1/../../../../arm-none-eabi/lib/thumb/v7e-m+fp/hard/libc_nano.a(lib_a-memcpy-stub.o)
                              ./Core/Src/mainpp.o (memcpy)
[...]
Memory Configuration

Name             Origin             Length             Attributes
CCMRAM           0x0000000010000000 0x0000000000004000 xrw
RAM              0x0000000020000000 0x0000000000010000 xrw
FLASH            0x0000000008000000 0x0000000000080000 xr
*default*        0x0000000000000000 0xffffffffffffffff

Linker script and memory map

LOAD /opt/st/stm32cubeide_1.9.0/plugins/com.st.stm32cube.ide.mcu.externaltools.gnu-tools-for-stm32.10.3-2021.10.linux64_1.0.0.202111181127/tools/bin/../lib/gcc/arm-none-eabi/10.3.1/thumb/v7e-m+fp/hard/crti.o
LOAD /opt/st/stm32cubeide_1.9.0/plugins/com.st.stm32cube.ide.mcu.externaltools.gnu-tools-for-stm32.10.3-2021.10.linux64_1.0.0.202111181127/tools/bin/../lib/gcc/arm-none-eabi/10.3.1/thumb/v7e-m+fp/hard/crtbegin.o
LOAD /opt/st/stm32cubeide_1.9.0/plugins/com.st.stm32cube.ide.mcu.externaltools.gnu-tools-for-stm32.10.3-2021.10.linux64_1.0.0.202111181127/tools/bin/../lib/gcc/arm-none-eabi/10.3.1/../../../../arm-none-eabi/lib/thumb/v7e-m+fp/hard/crt0.o
LOAD ./Core/Inc/duration.o
LOAD ./Core/Inc/time.o
LOAD ./Core/Src/freertos.o
LOAD ./Core/Src/main.o
LOAD ./Core/Src/mainpp.o
LOAD ./Core/Src/stm32f3xx_hal_msp.o
LOAD ./Core/Src/stm32f3xx_hal_timebase_tim.o
LOAD ./Core/Src/stm32f3xx_it.o
LOAD ./Core/Src/syscalls.o
LOAD ./Core/Src/sysmem.o
LOAD ./Core/Src/system_stm32f3xx.o
LOAD ./Core/Startup/startup_stm32f303retx.o
LOAD ./Drivers/STM32F3xx_HAL_Driver/Src/stm32f3xx_hal.o
LOAD ./Drivers/STM32F3xx_HAL_Driver/Src/stm32f3xx_hal_cortex.o
LOAD ./Drivers/STM32F3xx_HAL_Driver/Src/stm32f3xx_hal_dma.o
LOAD ./Drivers/STM32F3xx_HAL_Driver/Src/stm32f3xx_hal_exti.o
LOAD ./Drivers/STM32F3xx_HAL_Driver/Src/stm32f3xx_hal_flash.o
LOAD ./Drivers/STM32F3xx_HAL_Driver/Src/stm32f3xx_hal_flash_ex.o
LOAD ./Drivers/STM32F3xx_HAL_Driver/Src/stm32f3xx_hal_gpio.o
LOAD ./Drivers/STM32F3xx_HAL_Driver/Src/stm32f3xx_hal_i2c.o
LOAD ./Drivers/STM32F3xx_HAL_Driver/Src/stm32f3xx_hal_i2c_ex.o
LOAD ./Drivers/STM32F3xx_HAL_Driver/Src/stm32f3xx_hal_pwr.o
LOAD ./Drivers/STM32F3xx_HAL_Driver/Src/stm32f3xx_hal_pwr_ex.o
LOAD ./Drivers/STM32F3xx_HAL_Driver/Src/stm32f3xx_hal_rcc.o
LOAD ./Drivers/STM32F3xx_HAL_Driver/Src/stm32f3xx_hal_rcc_ex.o
LOAD ./Drivers/STM32F3xx_HAL_Driver/Src/stm32f3xx_hal_tim.o
LOAD ./Drivers/STM32F3xx_HAL_Driver/Src/stm32f3xx_hal_tim_ex.o
LOAD ./Drivers/STM32F3xx_HAL_Driver/Src/stm32f3xx_hal_uart.o
LOAD ./Drivers/STM32F3xx_HAL_Driver/Src/stm32f3xx_hal_uart_ex.o
LOAD ./Middlewares/Third_Party/FreeRTOS/Source/CMSIS_RTOS_V2/cmsis_os2.o
LOAD ./Middlewares/Third_Party/FreeRTOS/Source/croutine.o
LOAD ./Middlewares/Third_Party/FreeRTOS/Source/event_groups.o
LOAD ./Middlewares/Third_Party/FreeRTOS/Source/list.o
LOAD ./Middlewares/Third_Party/FreeRTOS/Source/queue.o
LOAD ./Middlewares/Third_Party/FreeRTOS/Source/stream_buffer.o
LOAD ./Middlewares/Third_Party/FreeRTOS/Source/tasks.o
LOAD ./Middlewares/Third_Party/FreeRTOS/Source/timers.o
LOAD ./Middlewares/Third_Party/FreeRTOS/Source/portable/GCC/ARM_CM4F/port.o
LOAD ./Middlewares/Third_Party/FreeRTOS/Source/portable/MemMang/heap_4.o
START GROUP
LOAD /opt/st/stm32cubeide_1.9.0/plugins/com.st.stm32cube.ide.mcu.externaltools.gnu-tools-for-stm32.10.3-2021.10.linux64_1.0.0.202111181127/tools/bin/../lib/gcc/arm-none-eabi/10.3.1/../../../../arm-none-eabi/lib/thumb/v7e-m+fp/hard/libstdc++_nano.a
LOAD /opt/st/stm32cubeide_1.9.0/plugins/com.st.stm32cube.ide.mcu.externaltools.gnu-tools-for-stm32.10.3-2021.10.linux64_1.0.0.202111181127/tools/bin/../lib/gcc/arm-none-eabi/10.3.1/../../../../arm-none-eabi/lib/thumb/v7e-m+fp/hard/libsupc++_nano.a
END GROUP
LOAD /opt/st/stm32cubeide_1.9.0/plugins/com.st.stm32cube.ide.mcu.externaltools.gnu-tools-for-stm32.10.3-2021.10.linux64_1.0.0.202111181127/tools/bin/../lib/gcc/arm-none-eabi/10.3.1/../../../../arm-none-eabi/lib/thumb/v7e-m+fp/hard/libstdc++_nano.a
LOAD /opt/st/stm32cubeide_1.9.0/plugins/com.st.stm32cube.ide.mcu.externaltools.gnu-tools-for-stm32.10.3-2021.10.linux64_1.0.0.202111181127/tools/bin/../lib/gcc/arm-none-eabi/10.3.1/../../../../arm-none-eabi/lib/thumb/v7e-m+fp/hard/libm.a
LOAD /opt/st/stm32cubeide_1.9.0/plugins/com.st.stm32cube.ide.mcu.externaltools.gnu-tools-for-stm32.10.3-2021.10.linux64_1.0.0.202111181127/tools/bin/../lib/gcc/arm-none-eabi/10.3.1/../../../../arm-none-eabi/lib/thumb/v7e-m+fp/hard/libc_nano.a
START GROUP
LOAD /opt/st/stm32cubeide_1.9.0/plugins/com.st.stm32cube.ide.mcu.externaltools.gnu-tools-for-stm32.10.3-2021.10.linux64_1.0.0.202111181127/tools/bin/../lib/gcc/arm-none-eabi/10.3.1/thumb/v7e-m+fp/hard/libgcc.a
LOAD /opt/st/stm32cubeide_1.9.0/plugins/com.st.stm32cube.ide.mcu.externaltools.gnu-tools-for-stm32.10.3-2021.10.linux64_1.0.0.202111181127/tools/bin/../lib/gcc/arm-none-eabi/10.3.1/../../../../arm-none-eabi/lib/thumb/v7e-m+fp/hard/libc_nano.a
END GROUP
START GROUP
LOAD /opt/st/stm32cubeide_1.9.0/plugins/com.st.stm32cube.ide.mcu.externaltools.gnu-tools-for-stm32.10.3-2021.10.linux64_1.0.0.202111181127/tools/bin/../lib/gcc/arm-none-eabi/10.3.1/thumb/v7e-m+fp/hard/libgcc.a
LOAD /opt/st/stm32cubeide_1.9.0/plugins/com.st.stm32cube.ide.mcu.externaltools.gnu-tools-for-stm32.10.3-2021.10.linux64_1.0.0.202111181127/tools/bin/../lib/gcc/arm-none-eabi/10.3.1/../../../../arm-none-eabi/lib/thumb/v7e-m+fp/hard/libc_nano.a
LOAD /opt/st/stm32cubeide_1.9.0/plugins/com.st.stm32cube.ide.mcu.externaltools.gnu-tools-for-stm32.10.3-2021.10.linux64_1.0.0.202111181127/tools/bin/../lib/gcc/arm-none-eabi/10.3.1/../../../../arm-none-eabi/lib/thumb/v7e-m+fp/hard/libnosys.a
END GROUP
START GROUP
LOAD /opt/st/stm32cubeide_1.9.0/plugins/com.st.stm32cube.ide.mcu.externaltools.gnu-tools-for-stm32.10.3-2021.10.linux64_1.0.0.202111181127/tools/bin/../lib/gcc/arm-none-eabi/10.3.1/thumb/v7e-m+fp/hard/libgcc.a
LOAD /opt/st/stm32cubeide_1.9.0/plugins/com.st.stm32cube.ide.mcu.externaltools.gnu-tools-for-stm32.10.3-2021.10.linux64_1.0.0.202111181127/tools/bin/../lib/gcc/arm-none-eabi/10.3.1/../../../../arm-none-eabi/lib/thumb/v7e-m+fp/hard/libc_nano.a
LOAD /opt/st/stm32cubeide_1.9.0/plugins/com.st.stm32cube.ide.mcu.externaltools.gnu-tools-for-stm32.10.3-2021.10.linux64_1.0.0.202111181127/tools/bin/../lib/gcc/arm-none-eabi/10.3.1/../../../../arm-none-eabi/lib/thumb/v7e-m+fp/hard/libnosys.a
END GROUP
LOAD /opt/st/stm32cubeide_1.9.0/plugins/com.st.stm32cube.ide.mcu.externaltools.gnu-tools-for-stm32.10.3-2021.10.linux64_1.0.0.202111181127/tools/bin/../lib/gcc/arm-none-eabi/10.3.1/thumb/v7e-m+fp/hard/crtend.o
LOAD /opt/st/stm32cubeide_1.9.0/plugins/com.st.stm32cube.ide.mcu.externaltools.gnu-tools-for-stm32.10.3-2021.10.linux64_1.0.0.202111181127/tools/bin/../lib/gcc/arm-none-eabi/10.3.1/thumb/v7e-m+fp/hard/crtn.o
                0x0000000020010000                _estack = (ORIGIN (RAM) + LENGTH (RAM))
                0x0000000000000200                _Min_Heap_Size = 0x200
                0x0000000000000400                _Min_Stack_Size = 0x400

.isr_vector     0x0000000008000000      0x194
                0x0000000008000000                . = ALIGN (0x4)
 *(.isr_vector)
 .isr_vector    0x0000000008000000      0x194 ./Core/Startup/startup_stm32f303retx.o
                0x0000000008000000                g_pfnVectors
                0x0000000008000194                . = ALIGN (0x4)

.text           0x00000000080001a0     0x97c0
                0x00000000080001a0                . = ALIGN (0x4)
 *(.text)
 .text          0x00000000080001a0       0x40 /opt/st/stm32cubeide_1.9.0/plugins/com.st.stm32cube.ide.mcu.externaltools.gnu-tools-for-stm32.10.3-2021.10.linux64_1.0.0.202111181127/tools/bin/../lib/gcc/arm-none-eabi/10.3.1/thumb/v7e-m+fp/hard/crtbegin.o
 .text          0x00000000080001e0       0x10 /opt/st/stm32cubeide_1.9.0/plugins/com.st.stm32cube.ide.mcu.externaltools.gnu-tools-for-stm32.10.3-2021.10.linux64_1.0.0.202111181127/tools/bin/../lib/gcc/arm-none-eabi/10.3.1/../../../../arm-none-eabi/lib/thumb/v7e-m+fp/hard/libc_nano.a(lib_a-strlen.o)
                0x00000000080001e0                strlen
 *(.text*)
 .text._ZN3ros16normalizeSecNSecERmS0_
                0x00000000080001f0       0x58 ./Core/Inc/time.o
                0x00000000080001f0                ros::normalizeSecNSec(unsigned long&, unsigned long&)
 .text.main     0x0000000008000248       0x7c ./Core/Src/main.o
                0x0000000008000248                main
 .text.SystemClock_Config
                0x00000000080002c4       0xc4 ./Core/Src/main.o
                0x00000000080002c4                SystemClock_Config
 .text.MX_TIM2_Init
                0x0000000008000388       0xa8 ./Core/Src/main.o
 .text.MX_USART2_UART_Init
                0x0000000008000430       0x60 ./Core/Src/main.o
 .text.MX_DMA_Init
                0x0000000008000490       0x4c ./Core/Src/main.o
 .text.MX_GPIO_Init
                0x00000000080004dc       0x7c ./Core/Src/main.o
 .text.rosserial_entry
                0x0000000008000558       0x3c ./Core/Src/main.o
                0x0000000008000558                rosserial_entry
 .text.HAL_TIM_IC_CaptureCallback
                0x0000000008000594       0x24 ./Core/Src/main.o
                0x0000000008000594                HAL_TIM_IC_CaptureCallback
 .text.encoder_entry
                0x00000000080005b8       0x34 ./Core/Src/main.o
                0x00000000080005b8                encoder_entry
 .text.bldc_entry
                0x00000000080005ec       0x1c ./Core/Src/main.o
                0x00000000080005ec                bldc_entry
 .text.HAL_TIM_PeriodElapsedCallback
                0x0000000008000608       0x24 ./Core/Src/main.o
                0x0000000008000608                HAL_TIM_PeriodElapsedCallback
 .text.Error_Handler
                0x000000000800062c        0xa ./Core/Src/main.o
                0x000000000800062c                Error_Handler
 .text._ZN3ros4TimeC2Ev
                0x0000000008000636       0x22 ./Core/Src/mainpp.o
                0x0000000008000636                ros::Time::Time()
                0x0000000008000636                ros::Time::Time()
 .text._ZN3ros3MsgC2Ev
                0x0000000008000658       0x20 ./Core/Src/mainpp.o
                0x0000000008000658                ros::Msg::Msg()
                0x0000000008000658                ros::Msg::Msg()
 .text._ZN8std_msgs4TimeC2Ev
                0x0000000008000678       0x30 ./Core/Src/mainpp.o
                0x0000000008000678                std_msgs::Time::Time()
                0x0000000008000678                std_msgs::Time::Time()
 .text._ZNK8std_msgs4Time9serializeEPh
                0x00000000080006a8       0xb0 ./Core/Src/mainpp.o
                0x00000000080006a8                std_msgs::Time::serialize(unsigned char*) const
 .text._ZN8std_msgs4Time11deserializeEPh
                0x0000000008000758       0xc8 ./Core/Src/mainpp.o
                0x0000000008000758                std_msgs::Time::deserialize(unsigned char*)
 .text._ZN8std_msgs4Time7getTypeEv
                0x0000000008000820       0x1c ./Core/Src/mainpp.o
                0x0000000008000820                std_msgs::Time::getType()
 .text._ZN8std_msgs4Time6getMD5Ev
                0x000000000800083c       0x1c ./Core/Src/mainpp.o
                0x000000000800083c                std_msgs::Time::getMD5()
 .text._ZN14rosserial_msgs9TopicInfoC2Ev
                0x0000000008000858       0x48 ./Core/Src/mainpp.o
                0x0000000008000858                rosserial_msgs::TopicInfo::TopicInfo()
                0x0000000008000858                rosserial_msgs::TopicInfo::TopicInfo()
 .text._ZNK14rosserial_msgs9TopicInfo9serializeEPh
                0x00000000080008a0      0x136 ./Core/Src/mainpp.o
                0x00000000080008a0                rosserial_msgs::TopicInfo::serialize(unsigned char*) const
 .text._ZN14rosserial_msgs9TopicInfo11deserializeEPh
                0x00000000080009d6      0x1d0 ./Core/Src/mainpp.o
                0x00000000080009d6                rosserial_msgs::TopicInfo::deserialize(unsigned char*)
 *fill*         0x0000000008000ba6        0x2 
 .text._ZN14rosserial_msgs9TopicInfo7getTypeEv
                0x0000000008000ba8       0x1c ./Core/Src/mainpp.o
                0x0000000008000ba8                rosserial_msgs::TopicInfo::getType()
 .text._ZN14rosserial_msgs9TopicInfo6getMD5Ev
                0x0000000008000bc4       0x1c ./Core/Src/mainpp.o
                0x0000000008000bc4                rosserial_msgs::TopicInfo::getMD5()
 .text._ZN14rosserial_msgs3LogC2Ev
                0x0000000008000be0       0x34 ./Core/Src/mainpp.o
                0x0000000008000be0                rosserial_msgs::Log::Log()
                0x0000000008000be0                rosserial_msgs::Log::Log()
 .text._ZNK14rosserial_msgs3Log9serializeEPh
                0x0000000008000c14       0x64 ./Core/Src/mainpp.o
                0x0000000008000c14                rosserial_msgs::Log::serialize(unsigned char*) const
 .text._ZN14rosserial_msgs3Log11deserializeEPh
                0x0000000008000c78       0x90 ./Core/Src/mainpp.o
                0x0000000008000c78                rosserial_msgs::Log::deserialize(unsigned char*)
 .text._ZN14rosserial_msgs3Log7getTypeEv
                0x0000000008000d08       0x1c ./Core/Src/mainpp.o
                0x0000000008000d08                rosserial_msgs::Log::getType()
 .text._ZN14rosserial_msgs3Log6getMD5Ev
                0x0000000008000d24       0x1c ./Core/Src/mainpp.o
                0x0000000008000d24                rosserial_msgs::Log::getMD5()
 .text._ZN14rosserial_msgs20RequestParamResponseC2Ev
                0x0000000008000d40       0x5c ./Core/Src/mainpp.o
                0x0000000008000d40                rosserial_msgs::RequestParamResponse::RequestParamResponse()
                0x0000000008000d40                rosserial_msgs::RequestParamResponse::RequestParamResponse()
 .text._ZNK14rosserial_msgs20RequestParamResponse9serializeEPh
                0x0000000008000d9c      0x222 ./Core/Src/mainpp.o
                0x0000000008000d9c                rosserial_msgs::RequestParamResponse::serialize(unsigned char*) const
 .text._ZN14rosserial_msgs20RequestParamResponse11deserializeEPh
                0x0000000008000fbe      0x2e2 ./Core/Src/mainpp.o
                0x0000000008000fbe                rosserial_msgs::RequestParamResponse::deserialize(unsigned char*)
 .text._ZN14rosserial_msgs20RequestParamResponse7getTypeEv
                0x00000000080012a0       0x1c ./Core/Src/mainpp.o
                0x00000000080012a0                rosserial_msgs::RequestParamResponse::getType()
 .text._ZN14rosserial_msgs20RequestParamResponse6getMD5Ev
                0x00000000080012bc       0x1c ./Core/Src/mainpp.o
                0x00000000080012bc                rosserial_msgs::RequestParamResponse::getMD5()
 .text._ZN3ros9PublisherC2EPKcPNS_3MsgEi
                0x00000000080012d8       0x2e ./Core/Src/mainpp.o
                0x00000000080012d8                ros::Publisher::Publisher(char const*, ros::Msg*, int)
                0x00000000080012d8                ros::Publisher::Publisher(char const*, ros::Msg*, int)
 .text._ZN3ros9Publisher7publishEPKNS_3MsgE
                0x0000000008001306       0x28 ./Core/Src/mainpp.o
                0x0000000008001306                ros::Publisher::publish(ros::Msg const*)
 .text._ZN3ros9Publisher15getEndpointTypeEv
                0x000000000800132e       0x18 ./Core/Src/mainpp.o
                0x000000000800132e                ros::Publisher::getEndpointType()
 .text._ZN13STM32Hardware10getRdmaIndEv
                0x0000000008001346       0x26 ./Core/Src/mainpp.o
                0x0000000008001346                STM32Hardware::getRdmaInd()
 .text._ZN13STM32HardwareC2Ev
                0x000000000800136c       0x38 ./Core/Src/mainpp.o
                0x000000000800136c                STM32Hardware::STM32Hardware()
                0x000000000800136c                STM32Hardware::STM32Hardware()
 .text._ZN13STM32Hardware4initEv
                0x00000000080013a4       0x16 ./Core/Src/mainpp.o
                0x00000000080013a4                STM32Hardware::init()
 .text._ZN13STM32Hardware10reset_rbufEv
                0x00000000080013ba       0x22 ./Core/Src/mainpp.o
                0x00000000080013ba                STM32Hardware::reset_rbuf()
 .text._ZN13STM32Hardware4readEv
                0x00000000080013dc       0x5a ./Core/Src/mainpp.o
                0x00000000080013dc                STM32Hardware::read()
 *fill*         0x0000000008001436        0x2 
 .text._ZN13STM32Hardware5flushEv
                0x0000000008001438       0xb8 ./Core/Src/mainpp.o
                0x0000000008001438                STM32Hardware::flush()
 .text._ZN13STM32Hardware5writeEPhi
                0x00000000080014f0       0x8c ./Core/Src/mainpp.o
                0x00000000080014f0                STM32Hardware::write(unsigned char*, int)
 .text._ZN13STM32Hardware4timeEv
                0x000000000800157c       0x16 ./Core/Src/mainpp.o
                0x000000000800157c                STM32Hardware::time()
 *fill*         0x0000000008001592        0x2 
 .text._ZN8std_msgs7Float32C2Ev
                0x0000000008001594       0x2c ./Core/Src/mainpp.o
                0x0000000008001594                std_msgs::Float32::Float32()
                0x0000000008001594                std_msgs::Float32::Float32()
 .text._ZNK8std_msgs7Float329serializeEPh
                0x00000000080015c0       0x64 ./Core/Src/mainpp.o
                0x00000000080015c0                std_msgs::Float32::serialize(unsigned char*) const
 .text._ZN8std_msgs7Float3211deserializeEPh
                0x0000000008001624       0x70 ./Core/Src/mainpp.o
                0x0000000008001624                std_msgs::Float32::deserialize(unsigned char*)
 .text._ZN8std_msgs7Float327getTypeEv
                0x0000000008001694       0x1c ./Core/Src/mainpp.o
                0x0000000008001694                std_msgs::Float32::getType()
 .text._ZN8std_msgs7Float326getMD5Ev
                0x00000000080016b0       0x1c ./Core/Src/mainpp.o
                0x00000000080016b0                std_msgs::Float32::getMD5()
 .text._ZN3ros15NodeHandleBase_C2Ev
                0x00000000080016cc       0x20 ./Core/Src/mainpp.o
                0x00000000080016cc                ros::NodeHandleBase_::NodeHandleBase_()
                0x00000000080016cc                ros::NodeHandleBase_::NodeHandleBase_()
 .text._ZN3ros11NodeHandle_I13STM32HardwareLi25ELi25ELi512ELi512EEC2Ev
                0x00000000080016ec       0xf0 ./Core/Src/mainpp.o
                0x00000000080016ec                ros::NodeHandle_<STM32Hardware, 25, 25, 512, 512>::NodeHandle_()
                0x00000000080016ec                ros::NodeHandle_<STM32Hardware, 25, 25, 512, 512>::NodeHandle_()
 .text._Z9signal_cbRKN8std_msgs7Float32E
                0x00000000080017dc       0x2c ./Core/Src/mainpp.o
                0x00000000080017dc                signal_cb(std_msgs::Float32 const&)
 .text.HAL_UART_TxCpltCallback
                0x0000000008001808       0x24 ./Core/Src/mainpp.o
                0x0000000008001808                HAL_UART_TxCpltCallback
 .text.HAL_UART_RxCpltCallback
                0x000000000800182c       0x24 ./Core/Src/mainpp.o
                0x000000000800182c                HAL_UART_RxCpltCallback
 .text.setup    0x0000000008001850       0x2c ./Core/Src/mainpp.o
                0x0000000008001850                setup
 .text.loop     0x000000000800187c       0x24 ./Core/Src/mainpp.o
                0x000000000800187c                loop
 .text.spin     0x00000000080018a0       0x14 ./Core/Src/mainpp.o
                0x00000000080018a0                spin
 .text.update_position
                0x00000000080018b4       0x20 ./Core/Src/mainpp.o
                0x00000000080018b4                update_position
 .text.get_direction
                0x00000000080018d4       0x10 ./Core/Src/mainpp.o
                0x00000000080018d4                get_direction
 .text.get_signal
                0x00000000080018e4       0x18 ./Core/Src/mainpp.o
                0x00000000080018e4                get_signal
 .text._ZN3ros3Msg8varToArrIPhmEEvT_T0_
                0x00000000080018fc       0x3c ./Core/Src/mainpp.o
                0x00000000080018fc                void ros::Msg::varToArr<unsigned char*, unsigned long>(unsigned char*, unsigned long)
 .text._ZN3ros3Msg8arrToVarImPhEEvRT_T0_
                0x0000000008001938       0x4a ./Core/Src/mainpp.o
                0x0000000008001938                void ros::Msg::arrToVar<unsigned long, unsigned char*>(unsigned long&, unsigned char*)
 *fill*         0x0000000008001982        0x2 
 .text._ZN3ros11Subscriber_C2Ev
                0x0000000008001984       0x20 ./Core/Src/mainpp.o
                0x0000000008001984                ros::Subscriber_::Subscriber_()
                0x0000000008001984                ros::Subscriber_::Subscriber_()
 .text._ZN3ros10SubscriberIN8std_msgs7Float32EvEC2EPKcPFvRKS2_Ei
                0x00000000080019a4       0x48 ./Core/Src/mainpp.o
                0x00000000080019a4                ros::Subscriber<std_msgs::Float32, void>::Subscriber(char const*, void (*)(std_msgs::Float32 const&), int)
                0x00000000080019a4                ros::Subscriber<std_msgs::Float32, void>::Subscriber(char const*, void (*)(std_msgs::Float32 const&), int)
 .text._ZN3ros11NodeHandle_I13STM32HardwareLi25ELi25ELi512ELi512EE11getHardwareEv
                0x00000000080019ec       0x18 ./Core/Src/mainpp.o
                0x00000000080019ec                ros::NodeHandle_<STM32Hardware, 25, 25, 512, 512>::getHardware()
 .text._ZN3ros11NodeHandle_I13STM32HardwareLi25ELi25ELi512ELi512EE8initNodeEv
                0x0000000008001a04       0x3a ./Core/Src/mainpp.o
                0x0000000008001a04                ros::NodeHandle_<STM32Hardware, 25, 25, 512, 512>::initNode()
 .text._ZN3ros11NodeHandle_I13STM32HardwareLi25ELi25ELi512ELi512EE9advertiseERNS_9PublisherE
                0x0000000008001a3e       0x60 ./Core/Src/mainpp.o
                0x0000000008001a3e                ros::NodeHandle_<STM32Hardware, 25, 25, 512, 512>::advertise(ros::Publisher&)
 .text._ZN3ros11NodeHandle_I13STM32HardwareLi25ELi25ELi512ELi512EE9subscribeERNS_11Subscriber_E
                0x0000000008001a9e       0x56 ./Core/Src/mainpp.o
                0x0000000008001a9e                ros::NodeHandle_<STM32Hardware, 25, 25, 512, 512>::subscribe(ros::Subscriber_&)
 .text._ZN3ros11NodeHandle_I13STM32HardwareLi25ELi25ELi512ELi512EE8spinOnceEv
                0x0000000008001af4      0x3dc ./Core/Src/mainpp.o
                0x0000000008001af4                ros::NodeHandle_<STM32Hardware, 25, 25, 512, 512>::spinOnce()
 .text._ZN3ros11NodeHandle_I13STM32HardwareLi25ELi25ELi512ELi512EE15requestSyncTimeEv
                0x0000000008001ed0       0x3c ./Core/Src/mainpp.o
                0x0000000008001ed0                ros::NodeHandle_<STM32Hardware, 25, 25, 512, 512>::requestSyncTime()
 .text._ZN3ros11NodeHandle_I13STM32HardwareLi25ELi25ELi512ELi512EE15negotiateTopicsEv
                0x0000000008001f0c      0x1be ./Core/Src/mainpp.o
                0x0000000008001f0c                ros::NodeHandle_<STM32Hardware, 25, 25, 512, 512>::negotiateTopics()
 *fill*         0x00000000080020ca        0x2 
 .text._ZN3ros11NodeHandle_I13STM32HardwareLi25ELi25ELi512ELi512EE8syncTimeEPh
                0x00000000080020cc       0x98 ./Core/Src/mainpp.o
                0x00000000080020cc                ros::NodeHandle_<STM32Hardware, 25, 25, 512, 512>::syncTime(unsigned char*)
 .text._ZN3ros11NodeHandle_I13STM32HardwareLi25ELi25ELi512ELi512EE7publishEiPKNS_3MsgE
                0x0000000008002164      0x128 ./Core/Src/mainpp.o
                0x0000000008002164                ros::NodeHandle_<STM32Hardware, 25, 25, 512, 512>::publish(int, ros::Msg const*)
 .text._ZN3ros11NodeHandle_I13STM32HardwareLi25ELi25ELi512ELi512EE6setNowERKNS_4TimeE
                0x000000000800228c       0x80 ./Core/Src/mainpp.o
                0x000000000800228c                ros::NodeHandle_<STM32Hardware, 25, 25, 512, 512>::setNow(ros::Time const&)
 .text._ZN3ros11NodeHandle_I13STM32HardwareLi25ELi25ELi512ELi512EE8logerrorEPKc
                0x000000000800230c       0x1c ./Core/Src/mainpp.o
                0x000000000800230c                ros::NodeHandle_<STM32Hardware, 25, 25, 512, 512>::logerror(char const*)
 .text._ZN3ros11NodeHandle_I13STM32HardwareLi25ELi25ELi512ELi512EE3logEcPKc
                0x0000000008002328       0x38 ./Core/Src/mainpp.o
                0x0000000008002328                ros::NodeHandle_<STM32Hardware, 25, 25, 512, 512>::log(char, char const*)
 .text._Z41__static_initialization_and_destruction_0ii
                0x0000000008002360       0x64 ./Core/Src/mainpp.o
 .text._ZN3ros10SubscriberIN8std_msgs7Float32EvE8callbackEPh
                0x00000000080023c4       0x2a ./Core/Src/mainpp.o
                0x00000000080023c4                ros::Subscriber<std_msgs::Float32, void>::callback(unsigned char*)
 .text._ZN3ros10SubscriberIN8std_msgs7Float32EvE15getEndpointTypeEv
                0x00000000080023ee       0x18 ./Core/Src/mainpp.o
                0x00000000080023ee                ros::Subscriber<std_msgs::Float32, void>::getEndpointType()
 .text._ZN3ros10SubscriberIN8std_msgs7Float32EvE10getMsgTypeEv
                0x0000000008002406       0x1c ./Core/Src/mainpp.o
                0x0000000008002406                ros::Subscriber<std_msgs::Float32, void>::getMsgType()
 .text._ZN3ros10SubscriberIN8std_msgs7Float32EvE9getMsgMD5Ev
                0x0000000008002422       0x1c ./Core/Src/mainpp.o
                0x0000000008002422                ros::Subscriber<std_msgs::Float32, void>::getMsgMD5()
 .text._ZN3ros11NodeHandle_I13STM32HardwareLi25ELi25ELi512ELi512EE9connectedEv
                0x000000000800243e       0x1a ./Core/Src/mainpp.o
                0x000000000800243e                ros::NodeHandle_<STM32Hardware, 25, 25, 512, 512>::connected()
 .text._GLOBAL__sub_I_nh
                0x0000000008002458       0x10 ./Core/Src/mainpp.o
 .text.HAL_MspInit
                0x0000000008002468       0x50 ./Core/Src/stm32f3xx_hal_msp.o
                0x0000000008002468                HAL_MspInit
 .text.HAL_TIM_Encoder_MspInit
                0x00000000080024b8       0x80 ./Core/Src/stm32f3xx_hal_msp.o
                0x00000000080024b8                HAL_TIM_Encoder_MspInit
 .text.HAL_UART_MspInit
                0x0000000008002538      0x140 ./Core/Src/stm32f3xx_hal_msp.o
                0x0000000008002538                HAL_UART_MspInit
 .text.HAL_InitTick
                0x0000000008002678       0xb0 ./Core/Src/stm32f3xx_hal_timebase_tim.o
                0x0000000008002678                HAL_InitTick
 .text.NMI_Handler
                0x0000000008002728        0x6 ./Core/Src/stm32f3xx_it.o
                0x0000000008002728                NMI_Handler
 .text.HardFault_Handler
                0x000000000800272e        0x6 ./Core/Src/stm32f3xx_it.o
                0x000000000800272e                HardFault_Handler
 .text.MemManage_Handler
                0x0000000008002734        0x6 ./Core/Src/stm32f3xx_it.o
                0x0000000008002734                MemManage_Handler
 .text.BusFault_Handler
                0x000000000800273a        0x6 ./Core/Src/stm32f3xx_it.o
                0x000000000800273a                BusFault_Handler
 .text.UsageFault_Handler
                0x0000000008002740        0x6 ./Core/Src/stm32f3xx_it.o
                0x0000000008002740                UsageFault_Handler
 .text.DebugMon_Handler
                0x0000000008002746        0xe ./Core/Src/stm32f3xx_it.o
                0x0000000008002746                DebugMon_Handler
 .text.DMA1_Channel6_IRQHandler
                0x0000000008002754       0x14 ./Core/Src/stm32f3xx_it.o
                0x0000000008002754                DMA1_Channel6_IRQHandler
 .text.DMA1_Channel7_IRQHandler
                0x0000000008002768       0x14 ./Core/Src/stm32f3xx_it.o
                0x0000000008002768                DMA1_Channel7_IRQHandler
 .text.USART2_IRQHandler
                0x000000000800277c       0x14 ./Core/Src/stm32f3xx_it.o
                0x000000000800277c                USART2_IRQHandler
 .text.TIM6_DAC_IRQHandler
                0x0000000008002790       0x14 ./Core/Src/stm32f3xx_it.o
                0x0000000008002790                TIM6_DAC_IRQHandler
 .text._getpid  0x00000000080027a4       0x10 ./Core/Src/syscalls.o
                0x00000000080027a4                _getpid
 .text._kill    0x00000000080027b4       0x20 ./Core/Src/syscalls.o
                0x00000000080027b4                _kill
 .text._exit    0x00000000080027d4       0x14 ./Core/Src/syscalls.o
                0x00000000080027d4                _exit
 .text._sbrk    0x00000000080027e8       0x6c ./Core/Src/sysmem.o
                0x00000000080027e8                _sbrk
 .text.SystemInit
                0x0000000008002854       0x24 ./Core/Src/system_stm32f3xx.o
                0x0000000008002854                SystemInit
 .text.Reset_Handler
                0x0000000008002878       0x50 ./Core/Startup/startup_stm32f303retx.o
                0x0000000008002878                Reset_Handler
 .text.Default_Handler
                0x00000000080028c8        0x2 ./Core/Startup/startup_stm32f303retx.o
                0x00000000080028c8                RTC_Alarm_IRQHandler
                0x00000000080028c8                TIM8_TRG_COM_IRQHandler
                0x00000000080028c8                TIM8_CC_IRQHandler
                0x00000000080028c8                SPI4_IRQHandler
                0x00000000080028c8                TIM1_CC_IRQHandler
                0x00000000080028c8                USB_HP_IRQHandler
                0x00000000080028c8                PVD_IRQHandler
                0x00000000080028c8                TAMP_STAMP_IRQHandler
                0x00000000080028c8                EXTI3_IRQHandler
                0x00000000080028c8                I2C3_ER_IRQHandler
                0x00000000080028c8                USB_HP_CAN_TX_IRQHandler
                0x00000000080028c8                EXTI0_IRQHandler
                0x00000000080028c8                I2C2_EV_IRQHandler
                0x00000000080028c8                FPU_IRQHandler
                0x00000000080028c8                TIM1_UP_TIM16_IRQHandler
                0x00000000080028c8                ADC1_2_IRQHandler
                0x00000000080028c8                SPI1_IRQHandler
                0x00000000080028c8                CAN_SCE_IRQHandler
                0x00000000080028c8                TIM8_UP_IRQHandler
                0x00000000080028c8                DMA2_Channel2_IRQHandler
                0x00000000080028c8                DMA1_Channel4_IRQHandler
                0x00000000080028c8                TIM20_TRG_COM_IRQHandler
                0x00000000080028c8                USART3_IRQHandler
                0x00000000080028c8                UART5_IRQHandler
                0x00000000080028c8                ADC3_IRQHandler
                0x00000000080028c8                TIM4_IRQHandler
                0x00000000080028c8                CAN_RX1_IRQHandler
                0x00000000080028c8                DMA2_Channel1_IRQHandler
                0x00000000080028c8                I2C1_EV_IRQHandler
                0x00000000080028c8                UART4_IRQHandler
                0x00000000080028c8                DMA2_Channel4_IRQHandler
                0x00000000080028c8                TIM3_IRQHandler
                0x00000000080028c8                RCC_IRQHandler
                0x00000000080028c8                TIM20_UP_IRQHandler
                0x00000000080028c8                DMA1_Channel1_IRQHandler
                0x00000000080028c8                Default_Handler
                0x00000000080028c8                USBWakeUp_RMP_IRQHandler
                0x00000000080028c8                EXTI15_10_IRQHandler
                0x00000000080028c8                TIM7_IRQHandler
                0x00000000080028c8                I2C3_EV_IRQHandler
                0x00000000080028c8                EXTI9_5_IRQHandler
                0x00000000080028c8                RTC_WKUP_IRQHandler
                0x00000000080028c8                SPI2_IRQHandler
                0x00000000080028c8                USB_LP_CAN_RX0_IRQHandler
                0x00000000080028c8                DMA2_Channel5_IRQHandler
                0x00000000080028c8                DMA1_Channel5_IRQHandler
                0x00000000080028c8                USB_LP_IRQHandler
                0x00000000080028c8                EXTI4_IRQHandler
                0x00000000080028c8                TIM1_TRG_COM_TIM17_IRQHandler
                0x00000000080028c8                DMA1_Channel3_IRQHandler
                0x00000000080028c8                ADC4_IRQHandler
                0x00000000080028c8                WWDG_IRQHandler
                0x00000000080028c8                TIM2_IRQHandler
                0x00000000080028c8                COMP7_IRQHandler
                0x00000000080028c8                COMP1_2_3_IRQHandler
                0x00000000080028c8                EXTI1_IRQHandler
                0x00000000080028c8                COMP4_5_6_IRQHandler
                0x00000000080028c8                TIM20_BRK_IRQHandler
                0x00000000080028c8                I2C2_ER_IRQHandler
                0x00000000080028c8                DMA1_Channel2_IRQHandler
                0x00000000080028c8                TIM8_BRK_IRQHandler
                0x00000000080028c8                FLASH_IRQHandler
                0x00000000080028c8                TIM20_CC_IRQHandler
                0x00000000080028c8                USART1_IRQHandler
                0x00000000080028c8                SPI3_IRQHandler
                0x00000000080028c8                I2C1_ER_IRQHandler
                0x00000000080028c8                FMC_IRQHandler
                0x00000000080028c8                USBWakeUp_IRQHandler
                0x00000000080028c8                DMA2_Channel3_IRQHandler
                0x00000000080028c8                EXTI2_TSC_IRQHandler
                0x00000000080028c8                TIM1_BRK_TIM15_IRQHandler
 *fill*         0x00000000080028ca        0x2 
 .text.HAL_Init
                0x00000000080028cc       0x2c ./Drivers/STM32F3xx_HAL_Driver/Src/stm32f3xx_hal.o
                0x00000000080028cc                HAL_Init
 .text.HAL_IncTick
                0x00000000080028f8       0x28 ./Drivers/STM32F3xx_HAL_Driver/Src/stm32f3xx_hal.o
                0x00000000080028f8                HAL_IncTick
 .text.HAL_GetTick
                0x0000000008002920       0x18 ./Drivers/STM32F3xx_HAL_Driver/Src/stm32f3xx_hal.o
                0x0000000008002920                HAL_GetTick
 .text.__NVIC_SetPriorityGrouping
                0x0000000008002938       0x48 ./Drivers/STM32F3xx_HAL_Driver/Src/stm32f3xx_hal_cortex.o
 .text.__NVIC_GetPriorityGrouping
                0x0000000008002980       0x1c ./Drivers/STM32F3xx_HAL_Driver/Src/stm32f3xx_hal_cortex.o
 .text.__NVIC_EnableIRQ
                0x000000000800299c       0x3c ./Drivers/STM32F3xx_HAL_Driver/Src/stm32f3xx_hal_cortex.o
 .text.__NVIC_SetPriority
                0x00000000080029d8       0x54 ./Drivers/STM32F3xx_HAL_Driver/Src/stm32f3xx_hal_cortex.o
 .text.NVIC_EncodePriority
                0x0000000008002a2c       0x66 ./Drivers/STM32F3xx_HAL_Driver/Src/stm32f3xx_hal_cortex.o
 .text.HAL_NVIC_SetPriorityGrouping
                0x0000000008002a92       0x16 ./Drivers/STM32F3xx_HAL_Driver/Src/stm32f3xx_hal_cortex.o
                0x0000000008002a92                HAL_NVIC_SetPriorityGrouping
 .text.HAL_NVIC_SetPriority
                0x0000000008002aa8       0x38 ./Drivers/STM32F3xx_HAL_Driver/Src/stm32f3xx_hal_cortex.o
                0x0000000008002aa8                HAL_NVIC_SetPriority
 .text.HAL_NVIC_EnableIRQ
                0x0000000008002ae0       0x1c ./Drivers/STM32F3xx_HAL_Driver/Src/stm32f3xx_hal_cortex.o
                0x0000000008002ae0                HAL_NVIC_EnableIRQ
 .text.HAL_DMA_Init
                0x0000000008002afc       0x8e ./Drivers/STM32F3xx_HAL_Driver/Src/stm32f3xx_hal_dma.o
                0x0000000008002afc                HAL_DMA_Init
 .text.HAL_DMA_Start_IT
                0x0000000008002b8a       0xbe ./Drivers/STM32F3xx_HAL_Driver/Src/stm32f3xx_hal_dma.o
                0x0000000008002b8a                HAL_DMA_Start_IT
 .text.HAL_DMA_Abort
                0x0000000008002c48       0x72 ./Drivers/STM32F3xx_HAL_Driver/Src/stm32f3xx_hal_dma.o
                0x0000000008002c48                HAL_DMA_Abort
 .text.HAL_DMA_Abort_IT
                0x0000000008002cba       0x7c ./Drivers/STM32F3xx_HAL_Driver/Src/stm32f3xx_hal_dma.o
                0x0000000008002cba                HAL_DMA_Abort_IT
 .text.HAL_DMA_IRQHandler
                0x0000000008002d36      0x146 ./Drivers/STM32F3xx_HAL_Driver/Src/stm32f3xx_hal_dma.o
                0x0000000008002d36                HAL_DMA_IRQHandler
 .text.DMA_SetConfig
                0x0000000008002e7c       0x5c ./Drivers/STM32F3xx_HAL_Driver/Src/stm32f3xx_hal_dma.o
 .text.DMA_CalcBaseAndBitshift
                0x0000000008002ed8       0x78 ./Drivers/STM32F3xx_HAL_Driver/Src/stm32f3xx_hal_dma.o
 .text.HAL_GPIO_Init
                0x0000000008002f50      0x314 ./Drivers/STM32F3xx_HAL_Driver/Src/stm32f3xx_hal_gpio.o
                0x0000000008002f50                HAL_GPIO_Init
 .text.HAL_GPIO_WritePin
                0x0000000008003264       0x30 ./Drivers/STM32F3xx_HAL_Driver/Src/stm32f3xx_hal_gpio.o
                0x0000000008003264                HAL_GPIO_WritePin
 .text.HAL_GPIO_TogglePin
                0x0000000008003294       0x34 ./Drivers/STM32F3xx_HAL_Driver/Src/stm32f3xx_hal_gpio.o
                0x0000000008003294                HAL_GPIO_TogglePin
 .text.HAL_RCC_OscConfig
                0x00000000080032c8     0x10a8 ./Drivers/STM32F3xx_HAL_Driver/Src/stm32f3xx_hal_rcc.o
                0x00000000080032c8                HAL_RCC_OscConfig
 .text.HAL_RCC_ClockConfig
                0x0000000008004370      0x2f8 ./Drivers/STM32F3xx_HAL_Driver/Src/stm32f3xx_hal_rcc.o
                0x0000000008004370                HAL_RCC_ClockConfig
 .text.HAL_RCC_GetSysClockFreq
                0x0000000008004668       0xd4 ./Drivers/STM32F3xx_HAL_Driver/Src/stm32f3xx_hal_rcc.o
                0x0000000008004668                HAL_RCC_GetSysClockFreq
 .text.HAL_RCC_GetHCLKFreq
                0x000000000800473c       0x18 ./Drivers/STM32F3xx_HAL_Driver/Src/stm32f3xx_hal_rcc.o
                0x000000000800473c                HAL_RCC_GetHCLKFreq
 .text.HAL_RCC_GetPCLK1Freq
                0x0000000008004754       0x44 ./Drivers/STM32F3xx_HAL_Driver/Src/stm32f3xx_hal_rcc.o
                0x0000000008004754                HAL_RCC_GetPCLK1Freq
 .text.HAL_RCC_GetPCLK2Freq
                0x0000000008004798       0x44 ./Drivers/STM32F3xx_HAL_Driver/Src/stm32f3xx_hal_rcc.o
                0x0000000008004798                HAL_RCC_GetPCLK2Freq
 .text.HAL_RCC_GetClockConfig
                0x00000000080047dc       0x64 ./Drivers/STM32F3xx_HAL_Driver/Src/stm32f3xx_hal_rcc.o
                0x00000000080047dc                HAL_RCC_GetClockConfig
 .text.HAL_RCCEx_PeriphCLKConfig
                0x0000000008004840      0x43c ./Drivers/STM32F3xx_HAL_Driver/Src/stm32f3xx_hal_rcc_ex.o
                0x0000000008004840                HAL_RCCEx_PeriphCLKConfig
 .text.HAL_TIM_Base_Init
                0x0000000008004c7c       0xae ./Drivers/STM32F3xx_HAL_Driver/Src/stm32f3xx_hal_tim.o
                0x0000000008004c7c                HAL_TIM_Base_Init
 .text.HAL_TIM_Base_MspInit
                0x0000000008004d2a       0x14 ./Drivers/STM32F3xx_HAL_Driver/Src/stm32f3xx_hal_tim.o
                0x0000000008004d2a                HAL_TIM_Base_MspInit
 *fill*         0x0000000008004d3e        0x2 
 .text.HAL_TIM_Base_Start_IT
                0x0000000008004d40       0xe0 ./Drivers/STM32F3xx_HAL_Driver/Src/stm32f3xx_hal_tim.o
                0x0000000008004d40                HAL_TIM_Base_Start_IT
 .text.HAL_TIM_Encoder_Init
                0x0000000008004e20      0x14c ./Drivers/STM32F3xx_HAL_Driver/Src/stm32f3xx_hal_tim.o
                0x0000000008004e20                HAL_TIM_Encoder_Init
 .text.HAL_TIM_Encoder_Start_IT
                0x0000000008004f6c      0x15c ./Drivers/STM32F3xx_HAL_Driver/Src/stm32f3xx_hal_tim.o
                0x0000000008004f6c                HAL_TIM_Encoder_Start_IT
 .text.HAL_TIM_IRQHandler
                0x00000000080050c8      0x23e ./Drivers/STM32F3xx_HAL_Driver/Src/stm32f3xx_hal_tim.o
                0x00000000080050c8                HAL_TIM_IRQHandler
 .text.HAL_TIM_OC_DelayElapsedCallback
                0x0000000008005306       0x14 ./Drivers/STM32F3xx_HAL_Driver/Src/stm32f3xx_hal_tim.o
                0x0000000008005306                HAL_TIM_OC_DelayElapsedCallback
 .text.HAL_TIM_PWM_PulseFinishedCallback
                0x000000000800531a       0x14 ./Drivers/STM32F3xx_HAL_Driver/Src/stm32f3xx_hal_tim.o
                0x000000000800531a                HAL_TIM_PWM_PulseFinishedCallback
 .text.HAL_TIM_TriggerCallback
                0x000000000800532e       0x14 ./Drivers/STM32F3xx_HAL_Driver/Src/stm32f3xx_hal_tim.o
                0x000000000800532e                HAL_TIM_TriggerCallback
 *fill*         0x0000000008005342        0x2 
 .text.TIM_Base_SetConfig
                0x0000000008005344      0x13c ./Drivers/STM32F3xx_HAL_Driver/Src/stm32f3xx_hal_tim.o
                0x0000000008005344                TIM_Base_SetConfig
 .text.TIM_CCxChannelCmd
                0x0000000008005480       0x4a ./Drivers/STM32F3xx_HAL_Driver/Src/stm32f3xx_hal_tim.o
                0x0000000008005480                TIM_CCxChannelCmd
 *fill*         0x00000000080054ca        0x2 
 .text.HAL_TIMEx_MasterConfigSynchronization
                0x00000000080054cc      0x118 ./Drivers/STM32F3xx_HAL_Driver/Src/stm32f3xx_hal_tim_ex.o
                0x00000000080054cc                HAL_TIMEx_MasterConfigSynchronization
 .text.HAL_TIMEx_CommutCallback
                0x00000000080055e4       0x14 ./Drivers/STM32F3xx_HAL_Driver/Src/stm32f3xx_hal_tim_ex.o
                0x00000000080055e4                HAL_TIMEx_CommutCallback
 .text.HAL_TIMEx_BreakCallback
                0x00000000080055f8       0x14 ./Drivers/STM32F3xx_HAL_Driver/Src/stm32f3xx_hal_tim_ex.o
                0x00000000080055f8                HAL_TIMEx_BreakCallback
 .text.HAL_TIMEx_Break2Callback
                0x000000000800560c       0x14 ./Drivers/STM32F3xx_HAL_Driver/Src/stm32f3xx_hal_tim_ex.o
                0x000000000800560c                HAL_TIMEx_Break2Callback
 .text.HAL_UART_Init
                0x0000000008005620       0x9c ./Drivers/STM32F3xx_HAL_Driver/Src/stm32f3xx_hal_uart.o
                0x0000000008005620                HAL_UART_Init
 .text.HAL_UART_Transmit_DMA
                0x00000000080056bc      0x120 ./Drivers/STM32F3xx_HAL_Driver/Src/stm32f3xx_hal_uart.o
                0x00000000080056bc                HAL_UART_Transmit_DMA
 .text.HAL_UART_Receive_DMA
                0x00000000080057dc       0x9c ./Drivers/STM32F3xx_HAL_Driver/Src/stm32f3xx_hal_uart.o
                0x00000000080057dc                HAL_UART_Receive_DMA
 .text.HAL_UART_IRQHandler
                0x0000000008005878      0x5bc ./Drivers/STM32F3xx_HAL_Driver/Src/stm32f3xx_hal_uart.o
                0x0000000008005878                HAL_UART_IRQHandler
 .text.HAL_UART_TxHalfCpltCallback
                0x0000000008005e34       0x14 ./Drivers/STM32F3xx_HAL_Driver/Src/stm32f3xx_hal_uart.o
                0x0000000008005e34                HAL_UART_TxHalfCpltCallback
 .text.HAL_UART_RxHalfCpltCallback
                0x0000000008005e48       0x14 ./Drivers/STM32F3xx_HAL_Driver/Src/stm32f3xx_hal_uart.o
                0x0000000008005e48                HAL_UART_RxHalfCpltCallback
 .text.HAL_UART_ErrorCallback
                0x0000000008005e5c       0x14 ./Drivers/STM32F3xx_HAL_Driver/Src/stm32f3xx_hal_uart.o
                0x0000000008005e5c                HAL_UART_ErrorCallback
 .text.HAL_UARTEx_RxEventCallback
                0x0000000008005e70       0x18 ./Drivers/STM32F3xx_HAL_Driver/Src/stm32f3xx_hal_uart.o
                0x0000000008005e70                HAL_UARTEx_RxEventCallback
 .text.UART_SetConfig
                0x0000000008005e88      0x3ac ./Drivers/STM32F3xx_HAL_Driver/Src/stm32f3xx_hal_uart.o
                0x0000000008005e88                UART_SetConfig
 .text.UART_AdvFeatureConfig
                0x0000000008006234      0x144 ./Drivers/STM32F3xx_HAL_Driver/Src/stm32f3xx_hal_uart.o
                0x0000000008006234                UART_AdvFeatureConfig
 .text.UART_CheckIdleState
                0x0000000008006378       0x92 ./Drivers/STM32F3xx_HAL_Driver/Src/stm32f3xx_hal_uart.o
                0x0000000008006378                UART_CheckIdleState
 .text.UART_WaitOnFlagUntilTimeout
                0x000000000800640a      0x188 ./Drivers/STM32F3xx_HAL_Driver/Src/stm32f3xx_hal_uart.o
                0x000000000800640a                UART_WaitOnFlagUntilTimeout
 *fill*         0x0000000008006592        0x2 
 .text.UART_Start_Receive_DMA
                0x0000000008006594      0x144 ./Drivers/STM32F3xx_HAL_Driver/Src/stm32f3xx_hal_uart.o
                0x0000000008006594                UART_Start_Receive_DMA
 .text.UART_EndTxTransfer
                0x00000000080066d8       0x4c ./Drivers/STM32F3xx_HAL_Driver/Src/stm32f3xx_hal_uart.o
 .text.UART_EndRxTransfer
                0x0000000008006724       0xc6 ./Drivers/STM32F3xx_HAL_Driver/Src/stm32f3xx_hal_uart.o
 .text.UART_DMATransmitCplt
                0x00000000080067ea       0x94 ./Drivers/STM32F3xx_HAL_Driver/Src/stm32f3xx_hal_uart.o
 .text.UART_DMATxHalfCplt
                0x000000000800687e       0x1c ./Drivers/STM32F3xx_HAL_Driver/Src/stm32f3xx_hal_uart.o
 .text.UART_DMAReceiveCplt
                0x000000000800689a      0x11e ./Drivers/STM32F3xx_HAL_Driver/Src/stm32f3xx_hal_uart.o
 .text.UART_DMARxHalfCplt
                0x00000000080069b8       0x38 ./Drivers/STM32F3xx_HAL_Driver/Src/stm32f3xx_hal_uart.o
 .text.UART_DMAError
                0x00000000080069f0       0x7c ./Drivers/STM32F3xx_HAL_Driver/Src/stm32f3xx_hal_uart.o
 .text.UART_DMAAbortOnError
                0x0000000008006a6c       0x2c ./Drivers/STM32F3xx_HAL_Driver/Src/stm32f3xx_hal_uart.o
 .text.UART_EndTransmit_IT
                0x0000000008006a98       0x54 ./Drivers/STM32F3xx_HAL_Driver/Src/stm32f3xx_hal_uart.o
 .text.HAL_UARTEx_WakeupCallback
                0x0000000008006aec       0x14 ./Drivers/STM32F3xx_HAL_Driver/Src/stm32f3xx_hal_uart_ex.o
                0x0000000008006aec                HAL_UARTEx_WakeupCallback
 .text.osKernelInitialize
                0x0000000008006b00       0x68 ./Middlewares/Third_Party/FreeRTOS/Source/CMSIS_RTOS_V2/cmsis_os2.o
                0x0000000008006b00                osKernelInitialize
 .text.osKernelStart
                0x0000000008006b68       0x68 ./Middlewares/Third_Party/FreeRTOS/Source/CMSIS_RTOS_V2/cmsis_os2.o
                0x0000000008006b68                osKernelStart
 .text.osThreadNew
                0x0000000008006bd0      0x154 ./Middlewares/Third_Party/FreeRTOS/Source/CMSIS_RTOS_V2/cmsis_os2.o
                0x0000000008006bd0                osThreadNew
 .text.osDelay  0x0000000008006d24       0x5c ./Middlewares/Third_Party/FreeRTOS/Source/CMSIS_RTOS_V2/cmsis_os2.o
                0x0000000008006d24                osDelay
 .text.vApplicationGetIdleTaskMemory
                0x0000000008006d80       0x34 ./Middlewares/Third_Party/FreeRTOS/Source/CMSIS_RTOS_V2/cmsis_os2.o
                0x0000000008006d80                vApplicationGetIdleTaskMemory
 .text.vApplicationGetTimerTaskMemory
                0x0000000008006db4       0x34 ./Middlewares/Third_Party/FreeRTOS/Source/CMSIS_RTOS_V2/cmsis_os2.o
                0x0000000008006db4                vApplicationGetTimerTaskMemory
 .text.vListInitialise
                0x0000000008006de8       0x40 ./Middlewares/Third_Party/FreeRTOS/Source/list.o
                0x0000000008006de8                vListInitialise
 .text.vListInitialiseItem
                0x0000000008006e28       0x1a ./Middlewares/Third_Party/FreeRTOS/Source/list.o
                0x0000000008006e28                vListInitialiseItem
 .text.vListInsertEnd
                0x0000000008006e42       0x48 ./Middlewares/Third_Party/FreeRTOS/Source/list.o
                0x0000000008006e42                vListInsertEnd
 .text.vListInsert
                0x0000000008006e8a       0x72 ./Middlewares/Third_Party/FreeRTOS/Source/list.o
                0x0000000008006e8a                vListInsert
 .text.uxListRemove
                0x0000000008006efc       0x54 ./Middlewares/Third_Party/FreeRTOS/Source/list.o
                0x0000000008006efc                uxListRemove
 .text.xQueueGenericReset
                0x0000000008006f50       0xd0 ./Middlewares/Third_Party/FreeRTOS/Source/queue.o
                0x0000000008006f50                xQueueGenericReset
 .text.xQueueGenericCreateStatic
                0x0000000008007020       0xee ./Middlewares/Third_Party/FreeRTOS/Source/queue.o
                0x0000000008007020                xQueueGenericCreateStatic
 .text.prvInitialiseNewQueue
                0x000000000800710e       0x46 ./Middlewares/Third_Party/FreeRTOS/Source/queue.o
 .text.xQueueGenericSend
                0x0000000008007154      0x1fc ./Middlewares/Third_Party/FreeRTOS/Source/queue.o
                0x0000000008007154                xQueueGenericSend
 .text.xQueueGenericSendFromISR
                0x0000000008007350      0x130 ./Middlewares/Third_Party/FreeRTOS/Source/queue.o
                0x0000000008007350                xQueueGenericSendFromISR
 .text.xQueueReceive
                0x0000000008007480      0x1c0 ./Middlewares/Third_Party/FreeRTOS/Source/queue.o
                0x0000000008007480                xQueueReceive
 .text.prvCopyDataToQueue
                0x0000000008007640       0xd4 ./Middlewares/Third_Party/FreeRTOS/Source/queue.o
 .text.prvCopyDataFromQueue
                0x0000000008007714       0x4c ./Middlewares/Third_Party/FreeRTOS/Source/queue.o
 .text.prvUnlockQueue
                0x0000000008007760       0xa4 ./Middlewares/Third_Party/FreeRTOS/Source/queue.o
 .text.prvIsQueueEmpty
                0x0000000008007804       0x2c ./Middlewares/Third_Party/FreeRTOS/Source/queue.o
 .text.prvIsQueueFull
                0x0000000008007830       0x30 ./Middlewares/Third_Party/FreeRTOS/Source/queue.o
 .text.vQueueAddToRegistry
                0x0000000008007860       0x54 ./Middlewares/Third_Party/FreeRTOS/Source/queue.o
                0x0000000008007860                vQueueAddToRegistry
 .text.vQueueWaitForMessageRestricted
                0x00000000080078b4       0x68 ./Middlewares/Third_Party/FreeRTOS/Source/queue.o
                0x00000000080078b4                vQueueWaitForMessageRestricted
 .text.xTaskCreateStatic
                0x000000000800791c       0xb8 ./Middlewares/Third_Party/FreeRTOS/Source/tasks.o
                0x000000000800791c                xTaskCreateStatic
 .text.xTaskCreate
                0x00000000080079d4       0x8a ./Middlewares/Third_Party/FreeRTOS/Source/tasks.o
                0x00000000080079d4                xTaskCreate
 .text.prvInitialiseNewTask
                0x0000000008007a5e      0x10e ./Middlewares/Third_Party/FreeRTOS/Source/tasks.o
 .text.prvAddNewTaskToReadyList
                0x0000000008007b6c       0xe0 ./Middlewares/Third_Party/FreeRTOS/Source/tasks.o
 .text.vTaskDelay
                0x0000000008007c4c       0x68 ./Middlewares/Third_Party/FreeRTOS/Source/tasks.o
                0x0000000008007c4c                vTaskDelay
 .text.vTaskStartScheduler
                0x0000000008007cb4       0xcc ./Middlewares/Third_Party/FreeRTOS/Source/tasks.o
                0x0000000008007cb4                vTaskStartScheduler
 .text.vTaskSuspendAll
                0x0000000008007d80       0x1c ./Middlewares/Third_Party/FreeRTOS/Source/tasks.o
                0x0000000008007d80                vTaskSuspendAll
 .text.xTaskResumeAll
                0x0000000008007d9c      0x13c ./Middlewares/Third_Party/FreeRTOS/Source/tasks.o
                0x0000000008007d9c                xTaskResumeAll
 .text.xTaskGetTickCount
                0x0000000008007ed8       0x20 ./Middlewares/Third_Party/FreeRTOS/Source/tasks.o
                0x0000000008007ed8                xTaskGetTickCount
 .text.xTaskIncrementTick
                0x0000000008007ef8      0x17c ./Middlewares/Third_Party/FreeRTOS/Source/tasks.o
                0x0000000008007ef8                xTaskIncrementTick
 .text.vTaskSwitchContext
                0x0000000008008074       0xbc ./Middlewares/Third_Party/FreeRTOS/Source/tasks.o
                0x0000000008008074                vTaskSwitchContext
 .text.vTaskPlaceOnEventList
                0x0000000008008130       0x48 ./Middlewares/Third_Party/FreeRTOS/Source/tasks.o
                0x0000000008008130                vTaskPlaceOnEventList
 .text.vTaskPlaceOnEventListRestricted
                0x0000000008008178       0x58 ./Middlewares/Third_Party/FreeRTOS/Source/tasks.o
                0x0000000008008178                vTaskPlaceOnEventListRestricted
 .text.xTaskRemoveFromEventList
                0x00000000080081d0       0xc8 ./Middlewares/Third_Party/FreeRTOS/Source/tasks.o
                0x00000000080081d0                xTaskRemoveFromEventList
 .text.vTaskInternalSetTimeOutState
                0x0000000008008298       0x2c ./Middlewares/Third_Party/FreeRTOS/Source/tasks.o
                0x0000000008008298                vTaskInternalSetTimeOutState
 .text.xTaskCheckForTimeOut
                0x00000000080082c4       0xc4 ./Middlewares/Third_Party/FreeRTOS/Source/tasks.o
                0x00000000080082c4                xTaskCheckForTimeOut
 .text.vTaskMissedYield
                0x0000000008008388       0x18 ./Middlewares/Third_Party/FreeRTOS/Source/tasks.o
                0x0000000008008388                vTaskMissedYield
 .text.prvIdleTask
                0x00000000080083a0       0x30 ./Middlewares/Third_Party/FreeRTOS/Source/tasks.o
 .text.prvInitialiseTaskLists
                0x00000000080083d0       0x80 ./Middlewares/Third_Party/FreeRTOS/Source/tasks.o
 .text.prvCheckTasksWaitingTermination
                0x0000000008008450       0x5c ./Middlewares/Third_Party/FreeRTOS/Source/tasks.o
 .text.prvDeleteTCB
                0x00000000080084ac       0x5e ./Middlewares/Third_Party/FreeRTOS/Source/tasks.o
 *fill*         0x000000000800850a        0x2 
 .text.prvResetNextTaskUnblockTime
                0x000000000800850c       0x4c ./Middlewares/Third_Party/FreeRTOS/Source/tasks.o
 .text.xTaskGetSchedulerState
                0x0000000008008558       0x3c ./Middlewares/Third_Party/FreeRTOS/Source/tasks.o
                0x0000000008008558                xTaskGetSchedulerState
 .text.xTaskPriorityDisinherit
                0x0000000008008594       0xdc ./Middlewares/Third_Party/FreeRTOS/Source/tasks.o
                0x0000000008008594                xTaskPriorityDisinherit
 .text.prvAddCurrentTaskToDelayedList
                0x0000000008008670       0xa8 ./Middlewares/Third_Party/FreeRTOS/Source/tasks.o
 .text.xTimerCreateTimerTask
                0x0000000008008718       0x90 ./Middlewares/Third_Party/FreeRTOS/Source/timers.o
                0x0000000008008718                xTimerCreateTimerTask
 .text.xTimerGenericCommand
                0x00000000080087a8       0x9c ./Middlewares/Third_Party/FreeRTOS/Source/timers.o
                0x00000000080087a8                xTimerGenericCommand
 .text.prvProcessExpiredTimer
                0x0000000008008844       0x80 ./Middlewares/Third_Party/FreeRTOS/Source/timers.o
 .text.prvTimerTask
                0x00000000080088c4       0x24 ./Middlewares/Third_Party/FreeRTOS/Source/timers.o
 .text.prvProcessTimerOrBlockTask
                0x00000000080088e8       0x9c ./Middlewares/Third_Party/FreeRTOS/Source/timers.o
 .text.prvGetNextExpireTime
                0x0000000008008984       0x48 ./Middlewares/Third_Party/FreeRTOS/Source/timers.o
 .text.prvSampleTimeNow
                0x00000000080089cc       0x40 ./Middlewares/Third_Party/FreeRTOS/Source/timers.o
 .text.prvInsertTimerInActiveList
                0x0000000008008a0c       0x84 ./Middlewares/Third_Party/FreeRTOS/Source/timers.o
 .text.prvProcessReceivedCommands
                0x0000000008008a90      0x168 ./Middlewares/Third_Party/FreeRTOS/Source/timers.o
 .text.prvSwitchTimerLists
                0x0000000008008bf8       0xc4 ./Middlewares/Third_Party/FreeRTOS/Source/timers.o
 .text.prvCheckForValidListAndQueue
                0x0000000008008cbc       0x80 ./Middlewares/Third_Party/FreeRTOS/Source/timers.o
 .text.pxPortInitialiseStack
                0x0000000008008d3c       0x68 ./Middlewares/Third_Party/FreeRTOS/Source/portable/GCC/ARM_CM4F/port.o
                0x0000000008008d3c                pxPortInitialiseStack
 .text.prvTaskExitError
                0x0000000008008da4       0x58 ./Middlewares/Third_Party/FreeRTOS/Source/portable/GCC/ARM_CM4F/port.o
 *fill*         0x0000000008008dfc        0x4 
 .text.SVC_Handler
                0x0000000008008e00       0x28 ./Middlewares/Third_Party/FreeRTOS/Source/portable/GCC/ARM_CM4F/port.o
                0x0000000008008e00                SVC_Handler
 .text.prvPortStartFirstTask
                0x0000000008008e28       0x28 ./Middlewares/Third_Party/FreeRTOS/Source/portable/GCC/ARM_CM4F/port.o
 .text.xPortStartScheduler
                0x0000000008008e50      0x144 ./Middlewares/Third_Party/FreeRTOS/Source/portable/GCC/ARM_CM4F/port.o
                0x0000000008008e50                xPortStartScheduler
 .text.vPortEnterCritical
                0x0000000008008f94       0x60 ./Middlewares/Third_Party/FreeRTOS/Source/portable/GCC/ARM_CM4F/port.o
                0x0000000008008f94                vPortEnterCritical
 .text.vPortExitCritical
                0x0000000008008ff4       0x54 ./Middlewares/Third_Party/FreeRTOS/Source/portable/GCC/ARM_CM4F/port.o
                0x0000000008008ff4                vPortExitCritical
 *fill*         0x0000000008009048        0x8 
 .text.PendSV_Handler
                0x0000000008009050       0x68 ./Middlewares/Third_Party/FreeRTOS/Source/portable/GCC/ARM_CM4F/port.o
                0x0000000008009050                PendSV_Handler
 .text.SysTick_Handler
                0x00000000080090b8       0x44 ./Middlewares/Third_Party/FreeRTOS/Source/portable/GCC/ARM_CM4F/port.o
                0x00000000080090b8                SysTick_Handler
 .text.vPortSetupTimerInterrupt
                0x00000000080090fc       0x48 ./Middlewares/Third_Party/FreeRTOS/Source/portable/GCC/ARM_CM4F/port.o
                0x00000000080090fc                vPortSetupTimerInterrupt
 .text.vPortEnableVFP
                0x0000000008009144       0x14 ./Middlewares/Third_Party/FreeRTOS/Source/portable/GCC/ARM_CM4F/port.o
 .text.vPortValidateInterruptPriority
                0x0000000008009158       0x80 ./Middlewares/Third_Party/FreeRTOS/Source/portable/GCC/ARM_CM4F/port.o
                0x0000000008009158                vPortValidateInterruptPriority
 .text.pvPortMalloc
                0x00000000080091d8      0x188 ./Middlewares/Third_Party/FreeRTOS/Source/portable/MemMang/heap_4.o
                0x00000000080091d8                pvPortMalloc
 .text.vPortFree
                0x0000000008009360       0xb4 ./Middlewares/Third_Party/FreeRTOS/Source/portable/MemMang/heap_4.o
                0x0000000008009360                vPortFree
 .text.prvHeapInit
                0x0000000008009414       0xc4 ./Middlewares/Third_Party/FreeRTOS/Source/portable/MemMang/heap_4.o
 .text.prvInsertBlockIntoFreeList
                0x00000000080094d8       0xb4 ./Middlewares/Third_Party/FreeRTOS/Source/portable/MemMang/heap_4.o
 .text.__cxa_pure_virtual
                0x000000000800958c        0x6 /opt/st/stm32cubeide_1.9.0/plugins/com.st.stm32cube.ide.mcu.externaltools.gnu-tools-for-stm32.10.3-2021.10.linux64_1.0.0.202111181127/tools/bin/../lib/gcc/arm-none-eabi/10.3.1/../../../../arm-none-eabi/lib/thumb/v7e-m+fp/hard/libstdc++_nano.a(pure.o)
                0x000000000800958c                __cxa_pure_virtual
 .text._ZN10__cxxabiv111__terminateEPFvvE
                0x0000000008009592        0x8 /opt/st/stm32cubeide_1.9.0/plugins/com.st.stm32cube.ide.mcu.externaltools.gnu-tools-for-stm32.10.3-2021.10.linux64_1.0.0.202111181127/tools/bin/../lib/gcc/arm-none-eabi/10.3.1/../../../../arm-none-eabi/lib/thumb/v7e-m+fp/hard/libstdc++_nano.a(eh_terminate.o)
                0x0000000008009592                __cxxabiv1::__terminate(void (*)())
 *fill*         0x000000000800959a        0x2 
 .text._ZSt13get_terminatev
                0x000000000800959c       0x10 /opt/st/stm32cubeide_1.9.0/plugins/com.st.stm32cube.ide.mcu.externaltools.gnu-tools-for-stm32.10.3-2021.10.linux64_1.0.0.202111181127/tools/bin/../lib/gcc/arm-none-eabi/10.3.1/../../../../arm-none-eabi/lib/thumb/v7e-m+fp/hard/libstdc++_nano.a(eh_terminate.o)
                0x000000000800959c                std::get_terminate()
 .text._ZSt9terminatev
                0x00000000080095ac        0xa /opt/st/stm32cubeide_1.9.0/plugins/com.st.stm32cube.ide.mcu.externaltools.gnu-tools-for-stm32.10.3-2021.10.linux64_1.0.0.202111181127/tools/bin/../lib/gcc/arm-none-eabi/10.3.1/../../../../arm-none-eabi/lib/thumb/v7e-m+fp/hard/libstdc++_nano.a(eh_terminate.o)
                0x00000000080095ac                std::terminate()
 .text.abort    0x00000000080095b6        0xe /opt/st/stm32cubeide_1.9.0/plugins/com.st.stm32cube.ide.mcu.externaltools.gnu-tools-for-stm32.10.3-2021.10.linux64_1.0.0.202111181127/tools/bin/../lib/gcc/arm-none-eabi/10.3.1/../../../../arm-none-eabi/lib/thumb/v7e-m+fp/hard/libc_nano.a(lib_a-abort.o)
                0x00000000080095b6                abort
 .text.__errno  0x00000000080095c4        0xc /opt/st/stm32cubeide_1.9.0/plugins/com.st.stm32cube.ide.mcu.externaltools.gnu-tools-for-stm32.10.3-2021.10.linux64_1.0.0.202111181127/tools/bin/../lib/gcc/arm-none-eabi/10.3.1/../../../../arm-none-eabi/lib/thumb/v7e-m+fp/hard/libc_nano.a(lib_a-errno.o)
                0x00000000080095c4                __errno
 .text.__libc_init_array
                0x00000000080095d0       0x48 /opt/st/stm32cubeide_1.9.0/plugins/com.st.stm32cube.ide.mcu.externaltools.gnu-tools-for-stm32.10.3-2021.10.linux64_1.0.0.202111181127/tools/bin/../lib/gcc/arm-none-eabi/10.3.1/../../../../arm-none-eabi/lib/thumb/v7e-m+fp/hard/libc_nano.a(lib_a-init.o)
                0x00000000080095d0                __libc_init_array
 .text.memcpy   0x0000000008009618       0x1c /opt/st/stm32cubeide_1.9.0/plugins/com.st.stm32cube.ide.mcu.externaltools.gnu-tools-for-stm32.10.3-2021.10.linux64_1.0.0.202111181127/tools/bin/../lib/gcc/arm-none-eabi/10.3.1/../../../../arm-none-eabi/lib/thumb/v7e-m+fp/hard/libc_nano.a(lib_a-memcpy-stub.o)
                0x0000000008009618                memcpy
 .text.memset   0x0000000008009634       0x10 /opt/st/stm32cubeide_1.9.0/plugins/com.st.stm32cube.ide.mcu.externaltools.gnu-tools-for-stm32.10.3-2021.10.linux64_1.0.0.202111181127/tools/bin/../lib/gcc/arm-none-eabi/10.3.1/../../../../arm-none-eabi/lib/thumb/v7e-m+fp/hard/libc_nano.a(lib_a-memset.o)
                0x0000000008009634                memset
 .text.realloc  0x0000000008009644       0x10 /opt/st/stm32cubeide_1.9.0/plugins/com.st.stm32cube.ide.mcu.externaltools.gnu-tools-for-stm32.10.3-2021.10.linux64_1.0.0.202111181127/tools/bin/../lib/gcc/arm-none-eabi/10.3.1/../../../../arm-none-eabi/lib/thumb/v7e-m+fp/hard/libc_nano.a(lib_a-realloc.o)
                0x0000000008009644                realloc
 .text._raise_r
                0x0000000008009654       0x50 /opt/st/stm32cubeide_1.9.0/plugins/com.st.stm32cube.ide.mcu.externaltools.gnu-tools-for-stm32.10.3-2021.10.linux64_1.0.0.202111181127/tools/bin/../lib/gcc/arm-none-eabi/10.3.1/../../../../arm-none-eabi/lib/thumb/v7e-m+fp/hard/libc_nano.a(lib_a-signal.o)
                0x0000000008009654                _raise_r
 .text.raise    0x00000000080096a4       0x10 /opt/st/stm32cubeide_1.9.0/plugins/com.st.stm32cube.ide.mcu.externaltools.gnu-tools-for-stm32.10.3-2021.10.linux64_1.0.0.202111181127/tools/bin/../lib/gcc/arm-none-eabi/10.3.1/../../../../arm-none-eabi/lib/thumb/v7e-m+fp/hard/libc_nano.a(lib_a-signal.o)
                0x00000000080096a4                raise
 .text._kill_r  0x00000000080096b4       0x24 /opt/st/stm32cubeide_1.9.0/plugins/com.st.stm32cube.ide.mcu.externaltools.gnu-tools-for-stm32.10.3-2021.10.linux64_1.0.0.202111181127/tools/bin/../lib/gcc/arm-none-eabi/10.3.1/../../../../arm-none-eabi/lib/thumb/v7e-m+fp/hard/libc_nano.a(lib_a-signalr.o)
                0x00000000080096b4                _kill_r
 .text._getpid_r
                0x00000000080096d8        0x4 /opt/st/stm32cubeide_1.9.0/plugins/com.st.stm32cube.ide.mcu.externaltools.gnu-tools-for-stm32.10.3-2021.10.linux64_1.0.0.202111181127/tools/bin/../lib/gcc/arm-none-eabi/10.3.1/../../../../arm-none-eabi/lib/thumb/v7e-m+fp/hard/libc_nano.a(lib_a-signalr.o)
                0x00000000080096d8                _getpid_r
 .text.sbrk_aligned
                0x00000000080096dc       0x40 /opt/st/stm32cubeide_1.9.0/plugins/com.st.stm32cube.ide.mcu.externaltools.gnu-tools-for-stm32.10.3-2021.10.linux64_1.0.0.202111181127/tools/bin/../lib/gcc/arm-none-eabi/10.3.1/../../../../arm-none-eabi/lib/thumb/v7e-m+fp/hard/libc_nano.a(lib_a-nano-mallocr.o)
 .text._malloc_r
                0x000000000800971c       0xe8 /opt/st/stm32cubeide_1.9.0/plugins/com.st.stm32cube.ide.mcu.externaltools.gnu-tools-for-stm32.10.3-2021.10.linux64_1.0.0.202111181127/tools/bin/../lib/gcc/arm-none-eabi/10.3.1/../../../../arm-none-eabi/lib/thumb/v7e-m+fp/hard/libc_nano.a(lib_a-nano-mallocr.o)
                0x000000000800971c                _malloc_r
 .text._realloc_r
                0x0000000008009804       0x5e /opt/st/stm32cubeide_1.9.0/plugins/com.st.stm32cube.ide.mcu.externaltools.gnu-tools-for-stm32.10.3-2021.10.linux64_1.0.0.202111181127/tools/bin/../lib/gcc/arm-none-eabi/10.3.1/../../../../arm-none-eabi/lib/thumb/v7e-m+fp/hard/libc_nano.a(lib_a-nano-reallocr.o)
                0x0000000008009804                _realloc_r
 *fill*         0x0000000008009862        0x2 
 .text._sbrk_r  0x0000000008009864       0x20 /opt/st/stm32cubeide_1.9.0/plugins/com.st.stm32cube.ide.mcu.externaltools.gnu-tools-for-stm32.10.3-2021.10.linux64_1.0.0.202111181127/tools/bin/../lib/gcc/arm-none-eabi/10.3.1/../../../../arm-none-eabi/lib/thumb/v7e-m+fp/hard/libc_nano.a(lib_a-sbrkr.o)
                0x0000000008009864                _sbrk_r
 .text.__malloc_lock
                0x0000000008009884        0xc /opt/st/stm32cubeide_1.9.0/plugins/com.st.stm32cube.ide.mcu.externaltools.gnu-tools-for-stm32.10.3-2021.10.linux64_1.0.0.202111181127/tools/bin/../lib/gcc/arm-none-eabi/10.3.1/../../../../arm-none-eabi/lib/thumb/v7e-m+fp/hard/libc_nano.a(lib_a-mlock.o)
                0x0000000008009884                __malloc_lock
 .text.__malloc_unlock
                0x0000000008009890        0xc /opt/st/stm32cubeide_1.9.0/plugins/com.st.stm32cube.ide.mcu.externaltools.gnu-tools-for-stm32.10.3-2021.10.linux64_1.0.0.202111181127/tools/bin/../lib/gcc/arm-none-eabi/10.3.1/../../../../arm-none-eabi/lib/thumb/v7e-m+fp/hard/libc_nano.a(lib_a-mlock.o)
                0x0000000008009890                __malloc_unlock
 .text._free_r  0x000000000800989c       0x98 /opt/st/stm32cubeide_1.9.0/plugins/com.st.stm32cube.ide.mcu.externaltools.gnu-tools-for-stm32.10.3-2021.10.linux64_1.0.0.202111181127/tools/bin/../lib/gcc/arm-none-eabi/10.3.1/../../../../arm-none-eabi/lib/thumb/v7e-m+fp/hard/libc_nano.a(lib_a-nano-freer.o)
                0x000000000800989c                _free_r
 .text._malloc_usable_size_r
                0x0000000008009934       0x10 /opt/st/stm32cubeide_1.9.0/plugins/com.st.stm32cube.ide.mcu.externaltools.gnu-tools-for-stm32.10.3-2021.10.linux64_1.0.0.202111181127/tools/bin/../lib/gcc/arm-none-eabi/10.3.1/../../../../arm-none-eabi/lib/thumb/v7e-m+fp/hard/libc_nano.a(lib_a-nano-msizer.o)
                0x0000000008009934                _malloc_usable_size_r
 .text.__retarget_lock_acquire_recursive
                0x0000000008009944        0x2 /opt/st/stm32cubeide_1.9.0/plugins/com.st.stm32cube.ide.mcu.externaltools.gnu-tools-for-stm32.10.3-2021.10.linux64_1.0.0.202111181127/tools/bin/../lib/gcc/arm-none-eabi/10.3.1/../../../../arm-none-eabi/lib/thumb/v7e-m+fp/hard/libc_nano.a(lib_a-lock.o)
                0x0000000008009944                __retarget_lock_acquire_recursive
 .text.__retarget_lock_release_recursive
                0x0000000008009946        0x2 /opt/st/stm32cubeide_1.9.0/plugins/com.st.stm32cube.ide.mcu.externaltools.gnu-tools-for-stm32.10.3-2021.10.linux64_1.0.0.202111181127/tools/bin/../lib/gcc/arm-none-eabi/10.3.1/../../../../arm-none-eabi/lib/thumb/v7e-m+fp/hard/libc_nano.a(lib_a-lock.o)
                0x0000000008009946                __retarget_lock_release_recursive
 *(.glue_7)
 .glue_7        0x0000000008009948        0x0 linker stubs
 *(.glue_7t)
 .glue_7t       0x0000000008009948        0x0 linker stubs
 *(.eh_frame)
 .eh_frame      0x0000000008009948        0x0 /opt/st/stm32cubeide_1.9.0/plugins/com.st.stm32cube.ide.mcu.externaltools.gnu-tools-for-stm32.10.3-2021.10.linux64_1.0.0.202111181127/tools/bin/../lib/gcc/arm-none-eabi/10.3.1/thumb/v7e-m+fp/hard/crtbegin.o
 *(.init)
 .init          0x0000000008009948        0x4 /opt/st/stm32cubeide_1.9.0/plugins/com.st.stm32cube.ide.mcu.externaltools.gnu-tools-for-stm32.10.3-2021.10.linux64_1.0.0.202111181127/tools/bin/../lib/gcc/arm-none-eabi/10.3.1/thumb/v7e-m+fp/hard/crti.o
                0x0000000008009948                _init
 .init          0x000000000800994c        0x8 /opt/st/stm32cubeide_1.9.0/plugins/com.st.stm32cube.ide.mcu.externaltools.gnu-tools-for-stm32.10.3-2021.10.linux64_1.0.0.202111181127/tools/bin/../lib/gcc/arm-none-eabi/10.3.1/thumb/v7e-m+fp/hard/crtn.o
 *(.fini)
 .fini          0x0000000008009954        0x4 /opt/st/stm32cubeide_1.9.0/plugins/com.st.stm32cube.ide.mcu.externaltools.gnu-tools-for-stm32.10.3-2021.10.linux64_1.0.0.202111181127/tools/bin/../lib/gcc/arm-none-eabi/10.3.1/thumb/v7e-m+fp/hard/crti.o
                0x0000000008009954                _fini
 .fini          0x0000000008009958        0x8 /opt/st/stm32cubeide_1.9.0/plugins/com.st.stm32cube.ide.mcu.externaltools.gnu-tools-for-stm32.10.3-2021.10.linux64_1.0.0.202111181127/tools/bin/../lib/gcc/arm-none-eabi/10.3.1/thumb/v7e-m+fp/hard/crtn.o
                0x0000000008009960                . = ALIGN (0x4)
                0x0000000008009960                _etext = .

.vfp11_veneer   0x0000000008009960        0x0
 .vfp11_veneer  0x0000000008009960        0x0 linker stubs

.v4_bx          0x0000000008009960        0x0
 .v4_bx         0x0000000008009960        0x0 linker stubs

.iplt           0x0000000008009960        0x0
 .iplt          0x0000000008009960        0x0 /opt/st/stm32cubeide_1.9.0/plugins/com.st.stm32cube.ide.mcu.externaltools.gnu-tools-for-stm32.10.3-2021.10.linux64_1.0.0.202111181127/tools/bin/../lib/gcc/arm-none-eabi/10.3.1/thumb/v7e-m+fp/hard/crtbegin.o

.rodata         0x0000000008009960      0x344
                0x0000000008009960                . = ALIGN (0x4)
 *(.rodata)
 .rodata        0x0000000008009960       0x26 ./Core/Src/main.o
 *fill*         0x0000000008009986        0x2 
 .rodata        0x0000000008009988      0x15c ./Core/Src/mainpp.o
 .rodata        0x0000000008009ae4        0x5 ./Middlewares/Third_Party/FreeRTOS/Source/tasks.o
 *fill*         0x0000000008009ae9        0x3 
 .rodata        0x0000000008009aec        0xd ./Middlewares/Third_Party/FreeRTOS/Source/timers.o
 *(.rodata*)
 *fill*         0x0000000008009af9        0x3 
 .rodata.ros_Task_attributes
                0x0000000008009afc       0x24 ./Core/Src/main.o
                0x0000000008009afc                ros_Task_attributes
 .rodata.encoder_Task_attributes
                0x0000000008009b20       0x24 ./Core/Src/main.o
                0x0000000008009b20                encoder_Task_attributes
 .rodata.bldc_Task_attributes
                0x0000000008009b44       0x24 ./Core/Src/main.o
                0x0000000008009b44                bldc_Task_attributes
 .rodata._ZN14rosserial_msgsL12REQUESTPARAME
                0x0000000008009b68       0x1c ./Core/Src/mainpp.o
 .rodata._ZTVN3ros10SubscriberIN8std_msgs7Float32EvEE
                0x0000000008009b84       0x18 ./Core/Src/mainpp.o
                0x0000000008009b84                vtable for ros::Subscriber<std_msgs::Float32, void>
 .rodata._ZTVN3ros11NodeHandle_I13STM32HardwareLi25ELi25ELi512ELi512EEE
                0x0000000008009b9c       0x14 ./Core/Src/mainpp.o
                0x0000000008009b9c                vtable for ros::NodeHandle_<STM32Hardware, 25, 25, 512, 512>
 .rodata._ZTVN8std_msgs7Float32E
                0x0000000008009bb0       0x18 ./Core/Src/mainpp.o
                0x0000000008009bb0                vtable for std_msgs::Float32
 .rodata._ZTVN3ros11Subscriber_E
                0x0000000008009bc8       0x18 ./Core/Src/mainpp.o
                0x0000000008009bc8                vtable for ros::Subscriber_
 .rodata._ZTVN3ros15NodeHandleBase_E
                0x0000000008009be0       0x14 ./Core/Src/mainpp.o
                0x0000000008009be0                vtable for ros::NodeHandleBase_
 .rodata._ZTVN14rosserial_msgs20RequestParamResponseE
                0x0000000008009bf4       0x18 ./Core/Src/mainpp.o
                0x0000000008009bf4                vtable for rosserial_msgs::RequestParamResponse
 .rodata._ZTVN14rosserial_msgs3LogE
                0x0000000008009c0c       0x18 ./Core/Src/mainpp.o
                0x0000000008009c0c                vtable for rosserial_msgs::Log
 .rodata._ZTVN14rosserial_msgs9TopicInfoE
                0x0000000008009c24       0x18 ./Core/Src/mainpp.o
                0x0000000008009c24                vtable for rosserial_msgs::TopicInfo
 .rodata._ZTVN8std_msgs4TimeE
                0x0000000008009c3c       0x18 ./Core/Src/mainpp.o
                0x0000000008009c3c                vtable for std_msgs::Time
 .rodata._ZTVN3ros3MsgE
                0x0000000008009c54       0x18 ./Core/Src/mainpp.o
                0x0000000008009c54                vtable for ros::Msg
 .rodata.AHBPrescTable
                0x0000000008009c6c       0x10 ./Core/Src/system_stm32f3xx.o
                0x0000000008009c6c                AHBPrescTable
 .rodata.APBPrescTable
                0x0000000008009c7c        0x8 ./Core/Src/system_stm32f3xx.o
                0x0000000008009c7c                APBPrescTable
 .rodata.aPLLMULFactorTable
                0x0000000008009c84       0x10 ./Drivers/STM32F3xx_HAL_Driver/Src/stm32f3xx_hal_rcc.o
                0x0000000008009c84                aPLLMULFactorTable
 .rodata.aPredivFactorTable
                0x0000000008009c94       0x10 ./Drivers/STM32F3xx_HAL_Driver/Src/stm32f3xx_hal_rcc.o
                0x0000000008009c94                aPredivFactorTable
                0x0000000008009ca4                . = ALIGN (0x4)

.rel.dyn        0x0000000008009ca4        0x0
 .rel.iplt      0x0000000008009ca4        0x0 /opt/st/stm32cubeide_1.9.0/plugins/com.st.stm32cube.ide.mcu.externaltools.gnu-tools-for-stm32.10.3-2021.10.linux64_1.0.0.202111181127/tools/bin/../lib/gcc/arm-none-eabi/10.3.1/thumb/v7e-m+fp/hard/crtbegin.o

.ARM.extab      0x0000000008009ca4        0x0
                0x0000000008009ca4                . = ALIGN (0x4)
 *(.ARM.extab* .gnu.linkonce.armextab.*)
                0x0000000008009ca4                . = ALIGN (0x4)

.ARM            0x0000000008009ca4        0x0
                0x0000000008009ca4                . = ALIGN (0x4)
                0x0000000008009ca4                __exidx_start = .
 *(.ARM.exidx*)
                0x0000000008009ca4                __exidx_end = .
                0x0000000008009ca4                . = ALIGN (0x4)

.preinit_array  0x0000000008009ca4        0x0
                0x0000000008009ca4                . = ALIGN (0x4)
                0x0000000008009ca4                PROVIDE (__preinit_array_start = .)
 *(.preinit_array*)
                0x0000000008009ca4                PROVIDE (__preinit_array_end = .)
                0x0000000008009ca4                . = ALIGN (0x4)

.init_array     0x0000000008009ca4        0x8
                0x0000000008009ca4                . = ALIGN (0x4)
                0x0000000008009ca4                PROVIDE (__init_array_start = .)
 *(SORT_BY_NAME(.init_array.*))
 *(.init_array*)
 .init_array    0x0000000008009ca4        0x4 /opt/st/stm32cubeide_1.9.0/plugins/com.st.stm32cube.ide.mcu.externaltools.gnu-tools-for-stm32.10.3-2021.10.linux64_1.0.0.202111181127/tools/bin/../lib/gcc/arm-none-eabi/10.3.1/thumb/v7e-m+fp/hard/crtbegin.o
 .init_array    0x0000000008009ca8        0x4 ./Core/Src/mainpp.o
                0x0000000008009cac                PROVIDE (__init_array_end = .)
                0x0000000008009cac                . = ALIGN (0x4)

.fini_array     0x0000000008009cac        0x4
                0x0000000008009cac                . = ALIGN (0x4)
                [!provide]                        PROVIDE (__fini_array_start = .)
 *(SORT_BY_NAME(.fini_array.*))
 *(.fini_array*)
 .fini_array    0x0000000008009cac        0x4 /opt/st/stm32cubeide_1.9.0/plugins/com.st.stm32cube.ide.mcu.externaltools.gnu-tools-for-stm32.10.3-2021.10.linux64_1.0.0.202111181127/tools/bin/../lib/gcc/arm-none-eabi/10.3.1/thumb/v7e-m+fp/hard/crtbegin.o
                [!provide]                        PROVIDE (__fini_array_end = .)
                0x0000000008009cb0                . = ALIGN (0x4)
                0x0000000008009cb0                _sidata = LOADADDR (.data)

.data           0x0000000020000000       0x78 load address 0x0000000008009cb0
                0x0000000020000000                . = ALIGN (0x4)
                0x0000000020000000                _sdata = .
 *(.data)
 *(.data*)
 .data.SystemCoreClock
                0x0000000020000000        0x4 ./Core/Src/system_stm32f3xx.o
                0x0000000020000000                SystemCoreClock
 .data.uwTickPrio
                0x0000000020000004        0x4 ./Drivers/STM32F3xx_HAL_Driver/Src/stm32f3xx_hal.o
                0x0000000020000004                uwTickPrio
 .data.uwTickFreq
                0x0000000020000008        0x1 ./Drivers/STM32F3xx_HAL_Driver/Src/stm32f3xx_hal.o
                0x0000000020000008                uwTickFreq
 *fill*         0x0000000020000009        0x3 
 .data.uxCriticalNesting
                0x000000002000000c        0x4 ./Middlewares/Third_Party/FreeRTOS/Source/portable/GCC/ARM_CM4F/port.o
 .data._ZN10__cxxabiv119__terminate_handlerE
                0x0000000020000010        0x4 /opt/st/stm32cubeide_1.9.0/plugins/com.st.stm32cube.ide.mcu.externaltools.gnu-tools-for-stm32.10.3-2021.10.linux64_1.0.0.202111181127/tools/bin/../lib/gcc/arm-none-eabi/10.3.1/../../../../arm-none-eabi/lib/thumb/v7e-m+fp/hard/libstdc++_nano.a(eh_term_handler.o)
                0x0000000020000010                __cxxabiv1::__terminate_handler
 .data._impure_ptr
                0x0000000020000014        0x4 /opt/st/stm32cubeide_1.9.0/plugins/com.st.stm32cube.ide.mcu.externaltools.gnu-tools-for-stm32.10.3-2021.10.linux64_1.0.0.202111181127/tools/bin/../lib/gcc/arm-none-eabi/10.3.1/../../../../arm-none-eabi/lib/thumb/v7e-m+fp/hard/libc_nano.a(lib_a-impure.o)
                0x0000000020000014                _impure_ptr
 .data.impure_data
                0x0000000020000018       0x60 /opt/st/stm32cubeide_1.9.0/plugins/com.st.stm32cube.ide.mcu.externaltools.gnu-tools-for-stm32.10.3-2021.10.linux64_1.0.0.202111181127/tools/bin/../lib/gcc/arm-none-eabi/10.3.1/../../../../arm-none-eabi/lib/thumb/v7e-m+fp/hard/libc_nano.a(lib_a-impure.o)
 *(.RamFunc)
 *(.RamFunc*)
                0x0000000020000078                . = ALIGN (0x4)
                0x0000000020000078                _edata = .
                0x0000000008009d28                _siccmram = LOADADDR (.ccmram)

.igot.plt       0x0000000020000078        0x0 load address 0x0000000008009d28
 .igot.plt      0x0000000020000078        0x0 /opt/st/stm32cubeide_1.9.0/plugins/com.st.stm32cube.ide.mcu.externaltools.gnu-tools-for-stm32.10.3-2021.10.linux64_1.0.0.202111181127/tools/bin/../lib/gcc/arm-none-eabi/10.3.1/thumb/v7e-m+fp/hard/crtbegin.o

.ccmram         0x0000000010000000        0x0 load address 0x0000000008009d28
                0x0000000010000000                . = ALIGN (0x4)
                0x0000000010000000                _sccmram = .
 *(.ccmram)
 *(.ccmram*)
                0x0000000010000000                . = ALIGN (0x4)
                0x0000000010000000                _eccmram = .
                0x0000000010000000                . = ALIGN (0x4)

.bss            0x0000000020000078     0x24b4
                0x0000000020000078                _sbss = .
                0x0000000020000078                __bss_start__ = _sbss
 *(.bss)
 .bss           0x0000000020000078       0x1c /opt/st/stm32cubeide_1.9.0/plugins/com.st.stm32cube.ide.mcu.externaltools.gnu-tools-for-stm32.10.3-2021.10.linux64_1.0.0.202111181127/tools/bin/../lib/gcc/arm-none-eabi/10.3.1/thumb/v7e-m+fp/hard/crtbegin.o
 *(.bss*)
 .bss.htim2     0x0000000020000094       0x4c ./Core/Src/main.o
                0x0000000020000094                htim2
 .bss.huart2    0x00000000200000e0       0x84 ./Core/Src/main.o
                0x00000000200000e0                huart2
 .bss.hdma_usart2_tx
                0x0000000020000164       0x44 ./Core/Src/main.o
                0x0000000020000164                hdma_usart2_tx
 .bss.hdma_usart2_rx
                0x00000000200001a8       0x44 ./Core/Src/main.o
                0x00000000200001a8                hdma_usart2_rx
 .bss.ros_TaskHandle
                0x00000000200001ec        0x4 ./Core/Src/main.o
                0x00000000200001ec                ros_TaskHandle
 .bss.encoder_TaskHandle
                0x00000000200001f0        0x4 ./Core/Src/main.o
                0x00000000200001f0                encoder_TaskHandle
 .bss.bldc_TaskHandle
                0x00000000200001f4        0x4 ./Core/Src/main.o
                0x00000000200001f4                bldc_TaskHandle
 .bss.direction
                0x00000000200001f8        0x1 ./Core/Src/main.o
                0x00000000200001f8                direction
 *fill*         0x00000000200001f9        0x1 
 .bss.pwm_signal
                0x00000000200001fa        0x2 ./Core/Src/main.o
                0x00000000200001fa                pwm_signal
 .bss.counter   0x00000000200001fc        0x4 ./Core/Src/main.o
                0x00000000200001fc                counter
 .bss._ZZN13STM32Hardware5flushEvE5mutex
                0x0000000020000200        0x1 ./Core/Src/mainpp.o
                0x0000000020000200                STM32Hardware::flush()::mutex
 *fill*         0x0000000020000201        0x3 
 .bss.nh        0x0000000020000204      0x93c ./Core/Src/mainpp.o
                0x0000000020000204                nh
 .bss.req_signal
                0x0000000020000b40        0x2 ./Core/Src/mainpp.o
                0x0000000020000b40                req_signal
 *fill*         0x0000000020000b42        0x2 
 .bss.position  0x0000000020000b44        0x4 ./Core/Src/mainpp.o
                0x0000000020000b44                position
 .bss.position_msg
                0x0000000020000b48        0x8 ./Core/Src/mainpp.o
                0x0000000020000b48                position_msg
 .bss.position_pub
                0x0000000020000b50       0x14 ./Core/Src/mainpp.o
                0x0000000020000b50                position_pub
 .bss.sub       0x0000000020000b64       0x1c ./Core/Src/mainpp.o
                0x0000000020000b64                sub
 .bss.htim6     0x0000000020000b80       0x4c ./Core/Src/stm32f3xx_hal_timebase_tim.o
                0x0000000020000b80                htim6
 .bss.__sbrk_heap_end
                0x0000000020000bcc        0x4 ./Core/Src/sysmem.o
 .bss.uwTick    0x0000000020000bd0        0x4 ./Drivers/STM32F3xx_HAL_Driver/Src/stm32f3xx_hal.o
                0x0000000020000bd0                uwTick
 .bss.KernelState
                0x0000000020000bd4        0x4 ./Middlewares/Third_Party/FreeRTOS/Source/CMSIS_RTOS_V2/cmsis_os2.o
 .bss.Idle_TCB  0x0000000020000bd8       0x5c ./Middlewares/Third_Party/FreeRTOS/Source/CMSIS_RTOS_V2/cmsis_os2.o
 .bss.Idle_Stack
                0x0000000020000c34      0x200 ./Middlewares/Third_Party/FreeRTOS/Source/CMSIS_RTOS_V2/cmsis_os2.o
 .bss.Timer_TCB
                0x0000000020000e34       0x5c ./Middlewares/Third_Party/FreeRTOS/Source/CMSIS_RTOS_V2/cmsis_os2.o
 .bss.Timer_Stack
                0x0000000020000e90      0x400 ./Middlewares/Third_Party/FreeRTOS/Source/CMSIS_RTOS_V2/cmsis_os2.o
 .bss.xQueueRegistry
                0x0000000020001290       0x40 ./Middlewares/Third_Party/FreeRTOS/Source/queue.o
                0x0000000020001290                xQueueRegistry
 .bss.pxCurrentTCB
                0x00000000200012d0        0x4 ./Middlewares/Third_Party/FreeRTOS/Source/tasks.o
                0x00000000200012d0                pxCurrentTCB
 .bss.pxReadyTasksLists
                0x00000000200012d4      0x460 ./Middlewares/Third_Party/FreeRTOS/Source/tasks.o
 .bss.xDelayedTaskList1
                0x0000000020001734       0x14 ./Middlewares/Third_Party/FreeRTOS/Source/tasks.o
 .bss.xDelayedTaskList2
                0x0000000020001748       0x14 ./Middlewares/Third_Party/FreeRTOS/Source/tasks.o
 .bss.pxDelayedTaskList
                0x000000002000175c        0x4 ./Middlewares/Third_Party/FreeRTOS/Source/tasks.o
 .bss.pxOverflowDelayedTaskList
                0x0000000020001760        0x4 ./Middlewares/Third_Party/FreeRTOS/Source/tasks.o
 .bss.xPendingReadyList
                0x0000000020001764       0x14 ./Middlewares/Third_Party/FreeRTOS/Source/tasks.o
 .bss.xTasksWaitingTermination
                0x0000000020001778       0x14 ./Middlewares/Third_Party/FreeRTOS/Source/tasks.o
 .bss.uxDeletedTasksWaitingCleanUp
                0x000000002000178c        0x4 ./Middlewares/Third_Party/FreeRTOS/Source/tasks.o
 .bss.xSuspendedTaskList
                0x0000000020001790       0x14 ./Middlewares/Third_Party/FreeRTOS/Source/tasks.o
 .bss.uxCurrentNumberOfTasks
                0x00000000200017a4        0x4 ./Middlewares/Third_Party/FreeRTOS/Source/tasks.o
 .bss.xTickCount
                0x00000000200017a8        0x4 ./Middlewares/Third_Party/FreeRTOS/Source/tasks.o
 .bss.uxTopReadyPriority
                0x00000000200017ac        0x4 ./Middlewares/Third_Party/FreeRTOS/Source/tasks.o
 .bss.xSchedulerRunning
                0x00000000200017b0        0x4 ./Middlewares/Third_Party/FreeRTOS/Source/tasks.o
 .bss.uxPendedTicks
                0x00000000200017b4        0x4 ./Middlewares/Third_Party/FreeRTOS/Source/tasks.o
 .bss.xYieldPending
                0x00000000200017b8        0x4 ./Middlewares/Third_Party/FreeRTOS/Source/tasks.o
 .bss.xNumOfOverflows
                0x00000000200017bc        0x4 ./Middlewares/Third_Party/FreeRTOS/Source/tasks.o
 .bss.uxTaskNumber
                0x00000000200017c0        0x4 ./Middlewares/Third_Party/FreeRTOS/Source/tasks.o
 .bss.xNextTaskUnblockTime
                0x00000000200017c4        0x4 ./Middlewares/Third_Party/FreeRTOS/Source/tasks.o
 .bss.xIdleTaskHandle
                0x00000000200017c8        0x4 ./Middlewares/Third_Party/FreeRTOS/Source/tasks.o
 .bss.uxSchedulerSuspended
                0x00000000200017cc        0x4 ./Middlewares/Third_Party/FreeRTOS/Source/tasks.o
 .bss.xActiveTimerList1
                0x00000000200017d0       0x14 ./Middlewares/Third_Party/FreeRTOS/Source/timers.o
 .bss.xActiveTimerList2
                0x00000000200017e4       0x14 ./Middlewares/Third_Party/FreeRTOS/Source/timers.o
 .bss.pxCurrentTimerList
                0x00000000200017f8        0x4 ./Middlewares/Third_Party/FreeRTOS/Source/timers.o
 .bss.pxOverflowTimerList
                0x00000000200017fc        0x4 ./Middlewares/Third_Party/FreeRTOS/Source/timers.o
 .bss.xTimerQueue
                0x0000000020001800        0x4 ./Middlewares/Third_Party/FreeRTOS/Source/timers.o
 .bss.xTimerTaskHandle
                0x0000000020001804        0x4 ./Middlewares/Third_Party/FreeRTOS/Source/timers.o
 .bss.xLastTime.2
                0x0000000020001808        0x4 ./Middlewares/Third_Party/FreeRTOS/Source/timers.o
 .bss.ucStaticTimerQueueStorage.1
                0x000000002000180c       0xa0 ./Middlewares/Third_Party/FreeRTOS/Source/timers.o
 .bss.xStaticTimerQueue.0
                0x00000000200018ac       0x50 ./Middlewares/Third_Party/FreeRTOS/Source/timers.o
 .bss.ucMaxSysCallPriority
                0x00000000200018fc        0x1 ./Middlewares/Third_Party/FreeRTOS/Source/portable/GCC/ARM_CM4F/port.o
 *fill*         0x00000000200018fd        0x3 
 .bss.ulMaxPRIGROUPValue
                0x0000000020001900        0x4 ./Middlewares/Third_Party/FreeRTOS/Source/portable/GCC/ARM_CM4F/port.o
 .bss.ucHeap    0x0000000020001904      0xc00 ./Middlewares/Third_Party/FreeRTOS/Source/portable/MemMang/heap_4.o
 .bss.xStart    0x0000000020002504        0x8 ./Middlewares/Third_Party/FreeRTOS/Source/portable/MemMang/heap_4.o
 .bss.pxEnd     0x000000002000250c        0x4 ./Middlewares/Third_Party/FreeRTOS/Source/portable/MemMang/heap_4.o
 .bss.xFreeBytesRemaining
                0x0000000020002510        0x4 ./Middlewares/Third_Party/FreeRTOS/Source/portable/MemMang/heap_4.o
 .bss.xMinimumEverFreeBytesRemaining
                0x0000000020002514        0x4 ./Middlewares/Third_Party/FreeRTOS/Source/portable/MemMang/heap_4.o
 .bss.xBlockAllocatedBit
                0x0000000020002518        0x4 ./Middlewares/Third_Party/FreeRTOS/Source/portable/MemMang/heap_4.o
 .bss.__malloc_free_list
                0x000000002000251c        0x4 /opt/st/stm32cubeide_1.9.0/plugins/com.st.stm32cube.ide.mcu.externaltools.gnu-tools-for-stm32.10.3-2021.10.linux64_1.0.0.202111181127/tools/bin/../lib/gcc/arm-none-eabi/10.3.1/../../../../arm-none-eabi/lib/thumb/v7e-m+fp/hard/libc_nano.a(lib_a-nano-mallocr.o)
                0x000000002000251c                __malloc_free_list
 .bss.__malloc_sbrk_start
                0x0000000020002520        0x4 /opt/st/stm32cubeide_1.9.0/plugins/com.st.stm32cube.ide.mcu.externaltools.gnu-tools-for-stm32.10.3-2021.10.linux64_1.0.0.202111181127/tools/bin/../lib/gcc/arm-none-eabi/10.3.1/../../../../arm-none-eabi/lib/thumb/v7e-m+fp/hard/libc_nano.a(lib_a-nano-mallocr.o)
                0x0000000020002520                __malloc_sbrk_start
 .bss.errno     0x0000000020002524        0x4 /opt/st/stm32cubeide_1.9.0/plugins/com.st.stm32cube.ide.mcu.externaltools.gnu-tools-for-stm32.10.3-2021.10.linux64_1.0.0.202111181127/tools/bin/../lib/gcc/arm-none-eabi/10.3.1/../../../../arm-none-eabi/lib/thumb/v7e-m+fp/hard/libc_nano.a(lib_a-reent.o)
                0x0000000020002524                errno
 .bss.__lock___malloc_recursive_mutex
                0x0000000020002528        0x1 /opt/st/stm32cubeide_1.9.0/plugins/com.st.stm32cube.ide.mcu.externaltools.gnu-tools-for-stm32.10.3-2021.10.linux64_1.0.0.202111181127/tools/bin/../lib/gcc/arm-none-eabi/10.3.1/../../../../arm-none-eabi/lib/thumb/v7e-m+fp/hard/libc_nano.a(lib_a-lock.o)
                0x0000000020002528                __lock___malloc_recursive_mutex
 *(COMMON)
                0x000000002000252c                . = ALIGN (0x4)
 *fill*         0x0000000020002529        0x3 
                0x000000002000252c                _ebss = .
                0x000000002000252c                __bss_end__ = _ebss

._user_heap_stack
                0x000000002000252c      0x604
                0x0000000020002530                . = ALIGN (0x8)
 *fill*         0x000000002000252c        0x4 
                [!provide]                        PROVIDE (end = .)
                0x0000000020002530                PROVIDE (_end = .)
                0x0000000020002730                . = (. + _Min_Heap_Size)
 *fill*         0x0000000020002530      0x200 
                0x0000000020002b30                . = (. + _Min_Stack_Size)
 *fill*         0x0000000020002730      0x400 
                0x0000000020002b30                . = ALIGN (0x8)

/DISCARD/
 libc.a(*)
 libm.a(*)
 libgcc.a(*)

.ARM.attributes
                0x0000000000000000       0x30
 *(.ARM.attributes)
 .ARM.attributes
                0x0000000000000000       0x1e /opt/st/stm32cubeide_1.9.0/plugins/com.st.stm32cube.ide.mcu.externaltools.gnu-tools-for-stm32.10.3-2021.10.linux64_1.0.0.202111181127/tools/bin/../lib/gcc/arm-none-eabi/10.3.1/thumb/v7e-m+fp/hard/crti.o
 .ARM.attributes
                0x000000000000001e       0x34 /opt/st/stm32cubeide_1.9.0/plugins/com.st.stm32cube.ide.mcu.externaltools.gnu-tools-for-stm32.10.3-2021.10.linux64_1.0.0.202111181127/tools/bin/../lib/gcc/arm-none-eabi/10.3.1/thumb/v7e-m+fp/hard/crtbegin.o
 .ARM.attributes
                0x0000000000000052       0x34 ./Core/Inc/time.o
 .ARM.attributes
                0x0000000000000086       0x34 ./Core/Src/main.o
 .ARM.attributes
                0x00000000000000ba       0x34 ./Core/Src/mainpp.o
 .ARM.attributes
                0x00000000000000ee       0x34 ./Core/Src/stm32f3xx_hal_msp.o
 .ARM.attributes
                0x0000000000000122       0x34 ./Core/Src/stm32f3xx_hal_timebase_tim.o
 .ARM.attributes
                0x0000000000000156       0x34 ./Core/Src/stm32f3xx_it.o
 .ARM.attributes
                0x000000000000018a       0x34 ./Core/Src/syscalls.o
 .ARM.attributes
                0x00000000000001be       0x34 ./Core/Src/sysmem.o
 .ARM.attributes
                0x00000000000001f2       0x34 ./Core/Src/system_stm32f3xx.o
 .ARM.attributes
                0x0000000000000226       0x21 ./Core/Startup/startup_stm32f303retx.o
 .ARM.attributes
                0x0000000000000247       0x34 ./Drivers/STM32F3xx_HAL_Driver/Src/stm32f3xx_hal.o
 .ARM.attributes
                0x000000000000027b       0x34 ./Drivers/STM32F3xx_HAL_Driver/Src/stm32f3xx_hal_cortex.o
 .ARM.attributes
                0x00000000000002af       0x34 ./Drivers/STM32F3xx_HAL_Driver/Src/stm32f3xx_hal_dma.o
 .ARM.attributes
                0x00000000000002e3       0x34 ./Drivers/STM32F3xx_HAL_Driver/Src/stm32f3xx_hal_gpio.o
 .ARM.attributes
                0x0000000000000317       0x34 ./Drivers/STM32F3xx_HAL_Driver/Src/stm32f3xx_hal_rcc.o
 .ARM.attributes
                0x000000000000034b       0x34 ./Drivers/STM32F3xx_HAL_Driver/Src/stm32f3xx_hal_rcc_ex.o
 .ARM.attributes
                0x000000000000037f       0x34 ./Drivers/STM32F3xx_HAL_Driver/Src/stm32f3xx_hal_tim.o
 .ARM.attributes